Archive member included to satisfy reference by file (symbol)

bin_dsp/libCMSISDSP.a(arm_sin_f32.c.obj)
                              CMakeFiles/PWMToControlVoltageV4.elf.dir/Core/Src/stm32f1xx_it.c.obj (arm_sin_f32)
bin_dsp/libCMSISDSP.a(arm_common_tables.c.obj)
                              bin_dsp/libCMSISDSP.a(arm_sin_f32.c.obj) (sinTable_f32)
C:/ST/STM32CubeCLT_1.18.0/GNU-tools-for-STM32/bin/../lib/gcc/arm-none-eabi/13.3.1/thumb/v7-m/nofp\libgcc.a(_arm_muldf3.o)
                              CMakeFiles/PWMToControlVoltageV4.elf.dir/Core/Src/oled.c.obj (__aeabi_dmul)
C:/ST/STM32CubeCLT_1.18.0/GNU-tools-for-STM32/bin/../lib/gcc/arm-none-eabi/13.3.1/thumb/v7-m/nofp\libgcc.a(_arm_mulsf3.o)
                              bin_dsp/libCMSISDSP.a(arm_sin_f32.c.obj) (__aeabi_fmul)
C:/ST/STM32CubeCLT_1.18.0/GNU-tools-for-STM32/bin/../lib/gcc/arm-none-eabi/13.3.1/thumb/v7-m/nofp\libgcc.a(_arm_addsubdf3.o)
                              CMakeFiles/PWMToControlVoltageV4.elf.dir/Core/Src/oled.c.obj (__aeabi_dsub)
C:/ST/STM32CubeCLT_1.18.0/GNU-tools-for-STM32/bin/../lib/gcc/arm-none-eabi/13.3.1/thumb/v7-m/nofp\libgcc.a(_arm_muldivdf3.o)
                              CMakeFiles/PWMToControlVoltageV4.elf.dir/Core/Src/stm32f1xx_it.c.obj (__aeabi_ddiv)
C:/ST/STM32CubeCLT_1.18.0/GNU-tools-for-STM32/bin/../lib/gcc/arm-none-eabi/13.3.1/thumb/v7-m/nofp\libgcc.a(_arm_fixdfsi.o)
                              CMakeFiles/PWMToControlVoltageV4.elf.dir/Core/Src/oled.c.obj (__aeabi_d2iz)
C:/ST/STM32CubeCLT_1.18.0/GNU-tools-for-STM32/bin/../lib/gcc/arm-none-eabi/13.3.1/thumb/v7-m/nofp\libgcc.a(_arm_truncdfsf2.o)
                              CMakeFiles/PWMToControlVoltageV4.elf.dir/Core/Src/stm32f1xx_it.c.obj (__aeabi_d2f)
C:/ST/STM32CubeCLT_1.18.0/GNU-tools-for-STM32/bin/../lib/gcc/arm-none-eabi/13.3.1/thumb/v7-m/nofp\libgcc.a(_arm_addsubsf3.o)
                              bin_dsp/libCMSISDSP.a(arm_sin_f32.c.obj) (__aeabi_fsub)
C:/ST/STM32CubeCLT_1.18.0/GNU-tools-for-STM32/bin/../lib/gcc/arm-none-eabi/13.3.1/thumb/v7-m/nofp\libgcc.a(_arm_cmpsf2.o)
                              bin_dsp/libCMSISDSP.a(arm_sin_f32.c.obj) (__aeabi_fcmplt)
C:/ST/STM32CubeCLT_1.18.0/GNU-tools-for-STM32/bin/../lib/gcc/arm-none-eabi/13.3.1/thumb/v7-m/nofp\libgcc.a(_arm_fixsfsi.o)
                              bin_dsp/libCMSISDSP.a(arm_sin_f32.c.obj) (__aeabi_f2iz)
C:/ST/STM32CubeCLT_1.18.0/GNU-tools-for-STM32/bin/../lib/gcc/arm-none-eabi/13.3.1/thumb/v7-m/nofp\libgcc.a(_arm_fixunssfsi.o)
                              bin_dsp/libCMSISDSP.a(arm_sin_f32.c.obj) (__aeabi_f2uiz)
C:/ST/STM32CubeCLT_1.18.0/GNU-tools-for-STM32/bin/../lib/gcc/arm-none-eabi/13.3.1/../../../../arm-none-eabi/lib/thumb/v7-m/nofp\libg.a(libc_a-exit.o)
                              C:/ST/STM32CubeCLT_1.18.0/GNU-tools-for-STM32/bin/../lib/gcc/arm-none-eabi/13.3.1/../../../../arm-none-eabi/lib/thumb/v7-m/nofp/crt0.o (exit)
C:/ST/STM32CubeCLT_1.18.0/GNU-tools-for-STM32/bin/../lib/gcc/arm-none-eabi/13.3.1/../../../../arm-none-eabi/lib/thumb/v7-m/nofp\libg.a(libc_a-findfp.o)
                              C:/ST/STM32CubeCLT_1.18.0/GNU-tools-for-STM32/bin/../lib/gcc/arm-none-eabi/13.3.1/../../../../arm-none-eabi/lib/thumb/v7-m/nofp\libg.a(libc_a-exit.o) (__stdio_exit_handler)
C:/ST/STM32CubeCLT_1.18.0/GNU-tools-for-STM32/bin/../lib/gcc/arm-none-eabi/13.3.1/../../../../arm-none-eabi/lib/thumb/v7-m/nofp\libg.a(libc_a-fwalk.o)
                              C:/ST/STM32CubeCLT_1.18.0/GNU-tools-for-STM32/bin/../lib/gcc/arm-none-eabi/13.3.1/../../../../arm-none-eabi/lib/thumb/v7-m/nofp\libg.a(libc_a-findfp.o) (_fwalk_sglue)
C:/ST/STM32CubeCLT_1.18.0/GNU-tools-for-STM32/bin/../lib/gcc/arm-none-eabi/13.3.1/../../../../arm-none-eabi/lib/thumb/v7-m/nofp\libg.a(libc_a-setvbuf.o)
                              CMakeFiles/PWMToControlVoltageV4.elf.dir/Core/Src/retarget.c.obj (setvbuf)
C:/ST/STM32CubeCLT_1.18.0/GNU-tools-for-STM32/bin/../lib/gcc/arm-none-eabi/13.3.1/../../../../arm-none-eabi/lib/thumb/v7-m/nofp\libg.a(libc_a-sprintf.o)
                              CMakeFiles/PWMToControlVoltageV4.elf.dir/Core/Src/Dino.c.obj (sprintf)
C:/ST/STM32CubeCLT_1.18.0/GNU-tools-for-STM32/bin/../lib/gcc/arm-none-eabi/13.3.1/../../../../arm-none-eabi/lib/thumb/v7-m/nofp\libg.a(libc_a-stdio.o)
                              C:/ST/STM32CubeCLT_1.18.0/GNU-tools-for-STM32/bin/../lib/gcc/arm-none-eabi/13.3.1/../../../../arm-none-eabi/lib/thumb/v7-m/nofp\libg.a(libc_a-findfp.o) (__sread)
C:/ST/STM32CubeCLT_1.18.0/GNU-tools-for-STM32/bin/../lib/gcc/arm-none-eabi/13.3.1/../../../../arm-none-eabi/lib/thumb/v7-m/nofp\libg.a(libc_a-memcmp.o)
                              CMakeFiles/PWMToControlVoltageV4.elf.dir/Core/Src/oled.c.obj (memcmp)
C:/ST/STM32CubeCLT_1.18.0/GNU-tools-for-STM32/bin/../lib/gcc/arm-none-eabi/13.3.1/../../../../arm-none-eabi/lib/thumb/v7-m/nofp\libg.a(libc_a-memset.o)
[...]
Memory Configuration

Name             Origin             Length             Attributes
RAM              0x20000000         0x00005000         xrw
FLASH            0x08000000         0x00010000         xr
*default*        0x00000000         0xffffffff

Linker script and memory map

LOAD C:/ST/STM32CubeCLT_1.18.0/GNU-tools-for-STM32/bin/../lib/gcc/arm-none-eabi/13.3.1/thumb/v7-m/nofp/crti.o
LOAD C:/ST/STM32CubeCLT_1.18.0/GNU-tools-for-STM32/bin/../lib/gcc/arm-none-eabi/13.3.1/thumb/v7-m/nofp/crtbegin.o
LOAD C:/ST/STM32CubeCLT_1.18.0/GNU-tools-for-STM32/bin/../lib/gcc/arm-none-eabi/13.3.1/../../../../arm-none-eabi/lib/thumb/v7-m/nofp/crt0.o
LOAD CMakeFiles/PWMToControlVoltageV4.elf.dir/CMSIS-DSP/Startup/startup_stm32f103c8tx.s.obj
LOAD CMakeFiles/PWMToControlVoltageV4.elf.dir/Core/Src/Dino.c.obj
LOAD CMakeFiles/PWMToControlVoltageV4.elf.dir/Core/Src/dma.c.obj
LOAD CMakeFiles/PWMToControlVoltageV4.elf.dir/Core/Src/font.c.obj
LOAD CMakeFiles/PWMToControlVoltageV4.elf.dir/Core/Src/gpio.c.obj
LOAD CMakeFiles/PWMToControlVoltageV4.elf.dir/Core/Src/i2c.c.obj
LOAD CMakeFiles/PWMToControlVoltageV4.elf.dir/Core/Src/main.c.obj
LOAD CMakeFiles/PWMToControlVoltageV4.elf.dir/Core/Src/oled.c.obj
LOAD CMakeFiles/PWMToControlVoltageV4.elf.dir/Core/Src/retarget.c.obj
LOAD CMakeFiles/PWMToControlVoltageV4.elf.dir/Core/Src/stm32f1xx_hal_msp.c.obj
LOAD CMakeFiles/PWMToControlVoltageV4.elf.dir/Core/Src/stm32f1xx_it.c.obj
LOAD CMakeFiles/PWMToControlVoltageV4.elf.dir/Core/Src/syscalls.c.obj
LOAD CMakeFiles/PWMToControlVoltageV4.elf.dir/Core/Src/sysmem.c.obj
LOAD CMakeFiles/PWMToControlVoltageV4.elf.dir/Core/Src/system_stm32f1xx.c.obj
LOAD CMakeFiles/PWMToControlVoltageV4.elf.dir/Core/Src/tim.c.obj
LOAD CMakeFiles/PWMToControlVoltageV4.elf.dir/Core/Src/usart.c.obj
LOAD CMakeFiles/PWMToControlVoltageV4.elf.dir/Drivers/STM32F1xx_HAL_Driver/Src/stm32f1xx_hal.c.obj
LOAD CMakeFiles/PWMToControlVoltageV4.elf.dir/Drivers/STM32F1xx_HAL_Driver/Src/stm32f1xx_hal_cortex.c.obj
LOAD CMakeFiles/PWMToControlVoltageV4.elf.dir/Drivers/STM32F1xx_HAL_Driver/Src/stm32f1xx_hal_dma.c.obj
LOAD CMakeFiles/PWMToControlVoltageV4.elf.dir/Drivers/STM32F1xx_HAL_Driver/Src/stm32f1xx_hal_exti.c.obj
LOAD CMakeFiles/PWMToControlVoltageV4.elf.dir/Drivers/STM32F1xx_HAL_Driver/Src/stm32f1xx_hal_flash.c.obj
LOAD CMakeFiles/PWMToControlVoltageV4.elf.dir/Drivers/STM32F1xx_HAL_Driver/Src/stm32f1xx_hal_flash_ex.c.obj
LOAD CMakeFiles/PWMToControlVoltageV4.elf.dir/Drivers/STM32F1xx_HAL_Driver/Src/stm32f1xx_hal_gpio.c.obj
LOAD CMakeFiles/PWMToControlVoltageV4.elf.dir/Drivers/STM32F1xx_HAL_Driver/Src/stm32f1xx_hal_gpio_ex.c.obj
LOAD CMakeFiles/PWMToControlVoltageV4.elf.dir/Drivers/STM32F1xx_HAL_Driver/Src/stm32f1xx_hal_i2c.c.obj
LOAD CMakeFiles/PWMToControlVoltageV4.elf.dir/Drivers/STM32F1xx_HAL_Driver/Src/stm32f1xx_hal_pwr.c.obj
LOAD CMakeFiles/PWMToControlVoltageV4.elf.dir/Drivers/STM32F1xx_HAL_Driver/Src/stm32f1xx_hal_rcc.c.obj
LOAD CMakeFiles/PWMToControlVoltageV4.elf.dir/Drivers/STM32F1xx_HAL_Driver/Src/stm32f1xx_hal_rcc_ex.c.obj
LOAD CMakeFiles/PWMToControlVoltageV4.elf.dir/Drivers/STM32F1xx_HAL_Driver/Src/stm32f1xx_hal_tim.c.obj
LOAD CMakeFiles/PWMToControlVoltageV4.elf.dir/Drivers/STM32F1xx_HAL_Driver/Src/stm32f1xx_hal_tim_ex.c.obj
LOAD CMakeFiles/PWMToControlVoltageV4.elf.dir/Drivers/STM32F1xx_HAL_Driver/Src/stm32f1xx_hal_uart.c.obj
LOAD bin_dsp/libCMSISDSP.a
START GROUP
LOAD C:/ST/STM32CubeCLT_1.18.0/GNU-tools-for-STM32/bin/../lib/gcc/arm-none-eabi/13.3.1/thumb/v7-m/nofp\libgcc.a
LOAD C:/ST/STM32CubeCLT_1.18.0/GNU-tools-for-STM32/bin/../lib/gcc/arm-none-eabi/13.3.1/../../../../arm-none-eabi/lib/thumb/v7-m/nofp\libg.a
LOAD C:/ST/STM32CubeCLT_1.18.0/GNU-tools-for-STM32/bin/../lib/gcc/arm-none-eabi/13.3.1/../../../../arm-none-eabi/lib/thumb/v7-m/nofp\libc.a
END GROUP
LOAD C:/ST/STM32CubeCLT_1.18.0/GNU-tools-for-STM32/bin/../lib/gcc/arm-none-eabi/13.3.1/thumb/v7-m/nofp/crtend.o
LOAD C:/ST/STM32CubeCLT_1.18.0/GNU-tools-for-STM32/bin/../lib/gcc/arm-none-eabi/13.3.1/thumb/v7-m/nofp/crtn.o
                0x20005000                        _estack = (ORIGIN (RAM) + LENGTH (RAM))
                0x00000200                        _Min_Heap_Size = 0x200
                0x00000400                        _Min_Stack_Size = 0x400

.isr_vector     0x08000000      0x10c
                0x08000000                        . = ALIGN (0x4)
 *(.isr_vector)
 .isr_vector    0x08000000      0x10c CMakeFiles/PWMToControlVoltageV4.elf.dir/CMSIS-DSP/Startup/startup_stm32f103c8tx.s.obj
                0x08000000                g_pfnVectors
                0x0800010c                        . = ALIGN (0x4)

.text           0x08000110     0x9bd4
                0x08000110                        . = ALIGN (0x4)
 *(.text)
 .text          0x08000110       0x40 C:/ST/STM32CubeCLT_1.18.0/GNU-tools-for-STM32/bin/../lib/gcc/arm-none-eabi/13.3.1/thumb/v7-m/nofp/crtbegin.o
 .text          0x08000150      0x168 C:/ST/STM32CubeCLT_1.18.0/GNU-tools-for-STM32/bin/../lib/gcc/arm-none-eabi/13.3.1/thumb/v7-m/nofp\libgcc.a(_arm_mulsf3.o)
                0x08000150                __aeabi_fmul
                0x08000150                __mulsf3
 .text          0x080002b8      0x378 C:/ST/STM32CubeCLT_1.18.0/GNU-tools-for-STM32/bin/../lib/gcc/arm-none-eabi/13.3.1/thumb/v7-m/nofp\libgcc.a(_arm_addsubdf3.o)
                0x080002b8                __aeabi_drsub
                0x080002c0                __aeabi_dsub
                0x080002c0                __subdf3
                0x080002c4                __aeabi_dadd
                0x080002c4                __adddf3
                0x0800053c                __floatunsidf
                0x0800053c                __aeabi_ui2d
                0x0800055c                __floatsidf
                0x0800055c                __aeabi_i2d
                0x08000580                __aeabi_f2d
                0x08000580                __extendsfdf2
                0x080005c4                __floatundidf
                0x080005c4                __aeabi_ul2d
                0x080005d4                __floatdidf
                0x080005d4                __aeabi_l2d
 .text          0x08000630      0x424 C:/ST/STM32CubeCLT_1.18.0/GNU-tools-for-STM32/bin/../lib/gcc/arm-none-eabi/13.3.1/thumb/v7-m/nofp\libgcc.a(_arm_muldivdf3.o)
                0x08000630                __aeabi_dmul
                0x08000630                __muldf3
                0x08000884                __divdf3
                0x08000884                __aeabi_ddiv
 .text          0x08000a54       0x50 C:/ST/STM32CubeCLT_1.18.0/GNU-tools-for-STM32/bin/../lib/gcc/arm-none-eabi/13.3.1/thumb/v7-m/nofp\libgcc.a(_arm_fixdfsi.o)
                0x08000a54                __aeabi_d2iz
                0x08000a54                __fixdfsi
 .text          0x08000aa4       0xa0 C:/ST/STM32CubeCLT_1.18.0/GNU-tools-for-STM32/bin/../lib/gcc/arm-none-eabi/13.3.1/thumb/v7-m/nofp\libgcc.a(_arm_truncdfsf2.o)
                0x08000aa4                __truncdfsf2
                0x08000aa4                __aeabi_d2f
 .text          0x08000b44      0x21c C:/ST/STM32CubeCLT_1.18.0/GNU-tools-for-STM32/bin/../lib/gcc/arm-none-eabi/13.3.1/thumb/v7-m/nofp\libgcc.a(_arm_addsubsf3.o)
                0x08000b44                __aeabi_frsub
                0x08000b4c                __subsf3
                0x08000b4c                __aeabi_fsub
                0x08000b50                __aeabi_fadd
                0x08000b50                __addsf3
                0x08000cb0                __aeabi_ui2f
                0x08000cb0                __floatunsisf
                0x08000cb8                __aeabi_i2f
                0x08000cb8                __floatsisf
                0x08000cd4                __aeabi_ul2f
                0x08000cd4                __floatundisf
                0x08000ce4                __aeabi_l2f
                0x08000ce4                __floatdisf
 .text          0x08000d60       0xec C:/ST/STM32CubeCLT_1.18.0/GNU-tools-for-STM32/bin/../lib/gcc/arm-none-eabi/13.3.1/thumb/v7-m/nofp\libgcc.a(_arm_cmpsf2.o)
                0x08000d60                __gesf2
                0x08000d60                __gtsf2
                0x08000d68                __lesf2
                0x08000d68                __ltsf2
                0x08000d70                __nesf2
                0x08000d70                __eqsf2
                0x08000d70                __cmpsf2
                0x08000dd0                __aeabi_cfrcmple
                0x08000dd8                __aeabi_cfcmpeq
                0x08000dd8                __aeabi_cfcmple
                0x08000de8                __aeabi_fcmpeq
                0x08000dfc                __aeabi_fcmplt
                0x08000e10                __aeabi_fcmple
                0x08000e24                __aeabi_fcmpge
                0x08000e38                __aeabi_fcmpgt
 .text          0x08000e4c       0x4c C:/ST/STM32CubeCLT_1.18.0/GNU-tools-for-STM32/bin/../lib/gcc/arm-none-eabi/13.3.1/thumb/v7-m/nofp\libgcc.a(_arm_fixsfsi.o)
                0x08000e4c                __aeabi_f2iz
                0x08000e4c                __fixsfsi
 .text          0x08000e98       0x40 C:/ST/STM32CubeCLT_1.18.0/GNU-tools-for-STM32/bin/../lib/gcc/arm-none-eabi/13.3.1/thumb/v7-m/nofp\libgcc.a(_arm_fixunssfsi.o)
                0x08000e98                __fixunssfsi
                0x08000e98                __aeabi_f2uiz
 .text          0x08000ed8       0x10 C:/ST/STM32CubeCLT_1.18.0/GNU-tools-for-STM32/bin/../lib/gcc/arm-none-eabi/13.3.1/../../../../arm-none-eabi/lib/thumb/v7-m/nofp\libg.a(libc_a-strlen.o)
                0x08000ed8                strlen
 .text          0x08000ee8      0x110 C:/ST/STM32CubeCLT_1.18.0/GNU-tools-for-STM32/bin/../lib/gcc/arm-none-eabi/13.3.1/thumb/v7-m/nofp\libgcc.a(_arm_cmpdf2.o)
                0x08000ee8                __gtdf2
                0x08000ee8                __gedf2
                0x08000ef0                __ltdf2
                0x08000ef0                __ledf2
                0x08000ef8                __nedf2
                0x08000ef8                __eqdf2
                0x08000ef8                __cmpdf2
                0x08000f74                __aeabi_cdrcmple
                0x08000f84                __aeabi_cdcmpeq
                0x08000f84                __aeabi_cdcmple
                0x08000f94                __aeabi_dcmpeq
                0x08000fa8                __aeabi_dcmplt
                0x08000fbc                __aeabi_dcmple
                0x08000fd0                __aeabi_dcmpge
                0x08000fe4                __aeabi_dcmpgt
 .text          0x08000ff8       0x2c C:/ST/STM32CubeCLT_1.18.0/GNU-tools-for-STM32/bin/../lib/gcc/arm-none-eabi/13.3.1/thumb/v7-m/nofp\libgcc.a(_arm_unorddf2.o)
                0x08000ff8                __unorddf2
                0x08000ff8                __aeabi_dcmpun
 .text          0x08001024       0x30 C:/ST/STM32CubeCLT_1.18.0/GNU-tools-for-STM32/bin/../lib/gcc/arm-none-eabi/13.3.1/thumb/v7-m/nofp\libgcc.a(_aeabi_uldivmod.o)
                0x08001024                __aeabi_uldivmod
 .text          0x08001054      0x300 C:/ST/STM32CubeCLT_1.18.0/GNU-tools-for-STM32/bin/../lib/gcc/arm-none-eabi/13.3.1/thumb/v7-m/nofp\libgcc.a(_udivmoddi4.o)
                0x08001054                __udivmoddi4
 .text          0x08001354        0x4 C:/ST/STM32CubeCLT_1.18.0/GNU-tools-for-STM32/bin/../lib/gcc/arm-none-eabi/13.3.1/thumb/v7-m/nofp\libgcc.a(_dvmd_tls.o)
                0x08001354                __aeabi_idiv0
                0x08001354                __aeabi_ldiv0
 *(.text*)
 .text.Reset_Handler
                0x08001358       0x48 CMakeFiles/PWMToControlVoltageV4.elf.dir/CMSIS-DSP/Startup/startup_stm32f103c8tx.s.obj
                0x08001358                Reset_Handler
 .text.Default_Handler
                0x080013a0        0x2 CMakeFiles/PWMToControlVoltageV4.elf.dir/CMSIS-DSP/Startup/startup_stm32f103c8tx.s.obj
                0x080013a0                RTC_Alarm_IRQHandler
                0x080013a0                EXTI2_IRQHandler
                0x080013a0                TIM1_CC_IRQHandler
                0x080013a0                PVD_IRQHandler
                0x080013a0                EXTI3_IRQHandler
                0x080013a0                EXTI0_IRQHandler
                0x080013a0                I2C2_EV_IRQHandler
                0x080013a0                ADC1_2_IRQHandler
                0x080013a0                SPI1_IRQHandler
                0x080013a0                TAMPER_IRQHandler
                0x080013a0                DMA1_Channel4_IRQHandler
                0x080013a0                USART3_IRQHandler
                0x080013a0                RTC_IRQHandler
                0x080013a0                CAN1_RX1_IRQHandler
                0x080013a0                TIM4_IRQHandler
                0x080013a0                TIM3_IRQHandler
                0x080013a0                RCC_IRQHandler
                0x080013a0                TIM1_TRG_COM_IRQHandler
                0x080013a0                DMA1_Channel1_IRQHandler
                0x080013a0                Default_Handler
                0x080013a0                EXTI15_10_IRQHandler
                0x080013a0                EXTI9_5_IRQHandler
                0x080013a0                SPI2_IRQHandler
                0x080013a0                DMA1_Channel5_IRQHandler
                0x080013a0                EXTI4_IRQHandler
                0x080013a0                USB_LP_CAN1_RX0_IRQHandler
                0x080013a0                USB_HP_CAN1_TX_IRQHandler
                0x080013a0                DMA1_Channel3_IRQHandler
                0x080013a0                WWDG_IRQHandler
                0x080013a0                TIM1_BRK_IRQHandler
                0x080013a0                EXTI1_IRQHandler
                0x080013a0                USART2_IRQHandler
                0x080013a0                I2C2_ER_IRQHandler
                0x080013a0                DMA1_Channel2_IRQHandler
                0x080013a0                CAN1_SCE_IRQHandler
                0x080013a0                FLASH_IRQHandler
                0x080013a0                USART1_IRQHandler
                0x080013a0                USBWakeUp_IRQHandler
 *fill*         0x080013a2        0x2 
 .text.MX_DMA_Init
                0x080013a4       0x44 CMakeFiles/PWMToControlVoltageV4.elf.dir/Core/Src/dma.c.obj
                0x080013a4                MX_DMA_Init
 .text.MX_GPIO_Init
                0x080013e8       0x54 CMakeFiles/PWMToControlVoltageV4.elf.dir/Core/Src/gpio.c.obj
                0x080013e8                MX_GPIO_Init
 .text.MX_I2C1_Init
                0x0800143c       0x3c CMakeFiles/PWMToControlVoltageV4.elf.dir/Core/Src/i2c.c.obj
                0x0800143c                MX_I2C1_Init
 .text.HAL_I2C_MspInit
                0x08001478      0x100 CMakeFiles/PWMToControlVoltageV4.elf.dir/Core/Src/i2c.c.obj
                0x08001478                HAL_I2C_MspInit
 .text.Error_Handler
                0x08001578        0x4 CMakeFiles/PWMToControlVoltageV4.elf.dir/Core/Src/main.c.obj
                0x08001578                Error_Handler
 .text.SystemClock_Config
                0x0800157c       0x60 CMakeFiles/PWMToControlVoltageV4.elf.dir/Core/Src/main.c.obj
                0x0800157c                SystemClock_Config
 .text.main     0x080015dc      0x1b8 CMakeFiles/PWMToControlVoltageV4.elf.dir/Core/Src/main.c.obj
                0x080015dc                main
 .text.OLED_Send
                0x08001794       0x20 CMakeFiles/PWMToControlVoltageV4.elf.dir/Core/Src/oled.c.obj
                0x08001794                OLED_Send
 .text.OLED_SendCmd
                0x080017b4       0x14 CMakeFiles/PWMToControlVoltageV4.elf.dir/Core/Src/oled.c.obj
                0x080017b4                OLED_SendCmd
 .text.OLED_NewFrame
                0x080017c8       0x14 CMakeFiles/PWMToControlVoltageV4.elf.dir/Core/Src/oled.c.obj
                0x080017c8                OLED_NewFrame
 .text.OLED_ShowFrame
                0x080017dc       0x50 CMakeFiles/PWMToControlVoltageV4.elf.dir/Core/Src/oled.c.obj
                0x080017dc                OLED_ShowFrame
 .text.OLED_Init
                0x0800182c       0xb4 CMakeFiles/PWMToControlVoltageV4.elf.dir/Core/Src/oled.c.obj
                0x0800182c                OLED_Init
 .text.OLED_SetPixel
                0x080018e0       0x4c CMakeFiles/PWMToControlVoltageV4.elf.dir/Core/Src/oled.c.obj
                0x080018e0                OLED_SetPixel
 .text.OLED_SetByte_Fine
                0x0800192c       0x74 CMakeFiles/PWMToControlVoltageV4.elf.dir/Core/Src/oled.c.obj
                0x0800192c                OLED_SetByte_Fine
 .text.OLED_SetBits_Fine
                0x080019a0       0x78 CMakeFiles/PWMToControlVoltageV4.elf.dir/Core/Src/oled.c.obj
                0x080019a0                OLED_SetBits_Fine
 .text.OLED_SetBits
                0x08001a18       0x4e CMakeFiles/PWMToControlVoltageV4.elf.dir/Core/Src/oled.c.obj
                0x08001a18                OLED_SetBits
 .text.OLED_SetBlock
                0x08001a66       0x8e CMakeFiles/PWMToControlVoltageV4.elf.dir/Core/Src/oled.c.obj
                0x08001a66                OLED_SetBlock
 .text.OLED_DrawLine
                0x08001af4      0x120 CMakeFiles/PWMToControlVoltageV4.elf.dir/Core/Src/oled.c.obj
                0x08001af4                OLED_DrawLine
 .text.OLED_DrawRectangle
                0x08001c14       0x5a CMakeFiles/PWMToControlVoltageV4.elf.dir/Core/Src/oled.c.obj
                0x08001c14                OLED_DrawRectangle
 .text.OLED_DrawFilledRectangle
                0x08001c6e       0x3a CMakeFiles/PWMToControlVoltageV4.elf.dir/Core/Src/oled.c.obj
                0x08001c6e                OLED_DrawFilledRectangle
 .text.OLED_DrawImage
                0x08001ca8       0x16 CMakeFiles/PWMToControlVoltageV4.elf.dir/Core/Src/oled.c.obj
                0x08001ca8                OLED_DrawImage
 .text.OLED_PrintASCIIChar
                0x08001cbe       0x2c CMakeFiles/PWMToControlVoltageV4.elf.dir/Core/Src/oled.c.obj
                0x08001cbe                OLED_PrintASCIIChar
 .text._OLED_GetUTF8Len
                0x08001cea       0x36 CMakeFiles/PWMToControlVoltageV4.elf.dir/Core/Src/oled.c.obj
                0x08001cea                _OLED_GetUTF8Len
 .text.OLED_PrintString
                0x08001d20       0xf0 CMakeFiles/PWMToControlVoltageV4.elf.dir/Core/Src/oled.c.obj
                0x08001d20                OLED_PrintString
 .text._isatty  0x08001e10       0x16 CMakeFiles/PWMToControlVoltageV4.elf.dir/Core/Src/retarget.c.obj
                0x08001e10                _isatty
 *fill*         0x08001e26        0x2 
 .text._write   0x08001e28       0x34 CMakeFiles/PWMToControlVoltageV4.elf.dir/Core/Src/retarget.c.obj
                0x08001e28                _write
 .text._close   0x08001e5c       0x18 CMakeFiles/PWMToControlVoltageV4.elf.dir/Core/Src/retarget.c.obj
                0x08001e5c                _close
 .text._lseek   0x08001e74       0x10 CMakeFiles/PWMToControlVoltageV4.elf.dir/Core/Src/retarget.c.obj
                0x08001e74                _lseek
 .text._read    0x08001e84       0x30 CMakeFiles/PWMToControlVoltageV4.elf.dir/Core/Src/retarget.c.obj
                0x08001e84                _read
 .text._fstat   0x08001eb4       0x1a CMakeFiles/PWMToControlVoltageV4.elf.dir/Core/Src/retarget.c.obj
                0x08001eb4                _fstat
 *fill*         0x08001ece        0x2 
 .text.HAL_MspInit
                0x08001ed0       0x44 CMakeFiles/PWMToControlVoltageV4.elf.dir/Core/Src/stm32f1xx_hal_msp.c.obj
                0x08001ed0                HAL_MspInit
 .text.CheckModeSelectSequence
                0x08001f14       0x84 CMakeFiles/PWMToControlVoltageV4.elf.dir/Core/Src/stm32f1xx_it.c.obj
                0x08001f14                CheckModeSelectSequence
 .text.NMI_Handler
                0x08001f98        0x2 CMakeFiles/PWMToControlVoltageV4.elf.dir/Core/Src/stm32f1xx_it.c.obj
                0x08001f98                NMI_Handler
 .text.HardFault_Handler
                0x08001f9a        0x2 CMakeFiles/PWMToControlVoltageV4.elf.dir/Core/Src/stm32f1xx_it.c.obj
                0x08001f9a                HardFault_Handler
 .text.MemManage_Handler
                0x08001f9c        0x2 CMakeFiles/PWMToControlVoltageV4.elf.dir/Core/Src/stm32f1xx_it.c.obj
                0x08001f9c                MemManage_Handler
 .text.BusFault_Handler
                0x08001f9e        0x2 CMakeFiles/PWMToControlVoltageV4.elf.dir/Core/Src/stm32f1xx_it.c.obj
                0x08001f9e                BusFault_Handler
 .text.UsageFault_Handler
                0x08001fa0        0x2 CMakeFiles/PWMToControlVoltageV4.elf.dir/Core/Src/stm32f1xx_it.c.obj
                0x08001fa0                UsageFault_Handler
 .text.SVC_Handler
                0x08001fa2        0x2 CMakeFiles/PWMToControlVoltageV4.elf.dir/Core/Src/stm32f1xx_it.c.obj
                0x08001fa2                SVC_Handler
 .text.DebugMon_Handler
                0x08001fa4        0x2 CMakeFiles/PWMToControlVoltageV4.elf.dir/Core/Src/stm32f1xx_it.c.obj
                0x08001fa4                DebugMon_Handler
 .text.PendSV_Handler
                0x08001fa6        0x2 CMakeFiles/PWMToControlVoltageV4.elf.dir/Core/Src/stm32f1xx_it.c.obj
                0x08001fa6                PendSV_Handler
 .text.SysTick_Handler
                0x08001fa8        0x8 CMakeFiles/PWMToControlVoltageV4.elf.dir/Core/Src/stm32f1xx_it.c.obj
                0x08001fa8                SysTick_Handler
 .text.DMA1_Channel6_IRQHandler
                0x08001fb0       0x10 CMakeFiles/PWMToControlVoltageV4.elf.dir/Core/Src/stm32f1xx_it.c.obj
                0x08001fb0                DMA1_Channel6_IRQHandler
 .text.DMA1_Channel7_IRQHandler
                0x08001fc0       0x10 CMakeFiles/PWMToControlVoltageV4.elf.dir/Core/Src/stm32f1xx_it.c.obj
                0x08001fc0                DMA1_Channel7_IRQHandler
 .text.TIM1_UP_IRQHandler
                0x08001fd0       0x10 CMakeFiles/PWMToControlVoltageV4.elf.dir/Core/Src/stm32f1xx_it.c.obj
                0x08001fd0                TIM1_UP_IRQHandler
 .text.TIM2_IRQHandler
                0x08001fe0       0x10 CMakeFiles/PWMToControlVoltageV4.elf.dir/Core/Src/stm32f1xx_it.c.obj
                0x08001fe0                TIM2_IRQHandler
 .text.I2C1_EV_IRQHandler
                0x08001ff0       0x10 CMakeFiles/PWMToControlVoltageV4.elf.dir/Core/Src/stm32f1xx_it.c.obj
                0x08001ff0                I2C1_EV_IRQHandler
 .text.I2C1_ER_IRQHandler
                0x08002000       0x10 CMakeFiles/PWMToControlVoltageV4.elf.dir/Core/Src/stm32f1xx_it.c.obj
                0x08002000                I2C1_ER_IRQHandler
 .text.HAL_TIM_PeriodElapsedCallback
                0x08002010      0x150 CMakeFiles/PWMToControlVoltageV4.elf.dir/Core/Src/stm32f1xx_it.c.obj
                0x08002010                HAL_TIM_PeriodElapsedCallback
 .text._getpid  0x08002160        0x4 CMakeFiles/PWMToControlVoltageV4.elf.dir/Core/Src/syscalls.c.obj
                0x08002160                _getpid
 .text._kill    0x08002164       0x10 CMakeFiles/PWMToControlVoltageV4.elf.dir/Core/Src/syscalls.c.obj
                0x08002164                _kill
 .text._exit    0x08002174        0xc CMakeFiles/PWMToControlVoltageV4.elf.dir/Core/Src/syscalls.c.obj
                0x08002174                _exit
 .text._sbrk    0x08002180       0x48 CMakeFiles/PWMToControlVoltageV4.elf.dir/Core/Src/sysmem.c.obj
                0x08002180                _sbrk
 .text.SystemInit
                0x080021c8        0x2 CMakeFiles/PWMToControlVoltageV4.elf.dir/Core/Src/system_stm32f1xx.c.obj
                0x080021c8                SystemInit
 *fill*         0x080021ca        0x2 
 .text.MX_TIM2_Init
                0x080021cc       0x70 CMakeFiles/PWMToControlVoltageV4.elf.dir/Core/Src/tim.c.obj
                0x080021cc                MX_TIM2_Init
 .text.HAL_TIM_Base_MspInit
                0x0800223c       0x70 CMakeFiles/PWMToControlVoltageV4.elf.dir/Core/Src/tim.c.obj
                0x0800223c                HAL_TIM_Base_MspInit
 .text.HAL_TIM_MspPostInit
                0x080022ac       0x50 CMakeFiles/PWMToControlVoltageV4.elf.dir/Core/Src/tim.c.obj
                0x080022ac                HAL_TIM_MspPostInit
 .text.MX_TIM1_Init
                0x080022fc       0xe8 CMakeFiles/PWMToControlVoltageV4.elf.dir/Core/Src/tim.c.obj
                0x080022fc                MX_TIM1_Init
 .text.MX_USART1_UART_Init
                0x080023e4       0x34 CMakeFiles/PWMToControlVoltageV4.elf.dir/Core/Src/usart.c.obj
                0x080023e4                MX_USART1_UART_Init
 .text.HAL_UART_MspInit
                0x08002418       0x78 CMakeFiles/PWMToControlVoltageV4.elf.dir/Core/Src/usart.c.obj
                0x08002418                HAL_UART_MspInit
 .text.HAL_InitTick
                0x08002490       0x4c CMakeFiles/PWMToControlVoltageV4.elf.dir/Drivers/STM32F1xx_HAL_Driver/Src/stm32f1xx_hal.c.obj
                0x08002490                HAL_InitTick
 .text.HAL_Init
                0x080024dc       0x24 CMakeFiles/PWMToControlVoltageV4.elf.dir/Drivers/STM32F1xx_HAL_Driver/Src/stm32f1xx_hal.c.obj
                0x080024dc                HAL_Init
 .text.HAL_IncTick
                0x08002500       0x18 CMakeFiles/PWMToControlVoltageV4.elf.dir/Drivers/STM32F1xx_HAL_Driver/Src/stm32f1xx_hal.c.obj
                0x08002500                HAL_IncTick
 .text.HAL_GetTick
                0x08002518        0xc CMakeFiles/PWMToControlVoltageV4.elf.dir/Drivers/STM32F1xx_HAL_Driver/Src/stm32f1xx_hal.c.obj
                0x08002518                HAL_GetTick
 .text.HAL_Delay
                0x08002524       0x28 CMakeFiles/PWMToControlVoltageV4.elf.dir/Drivers/STM32F1xx_HAL_Driver/Src/stm32f1xx_hal.c.obj
                0x08002524                HAL_Delay
 .text.__NVIC_SetPriority
                0x0800254c       0x28 CMakeFiles/PWMToControlVoltageV4.elf.dir/Drivers/STM32F1xx_HAL_Driver/Src/stm32f1xx_hal_cortex.c.obj
 .text.NVIC_EncodePriority
                0x08002574       0x3e CMakeFiles/PWMToControlVoltageV4.elf.dir/Drivers/STM32F1xx_HAL_Driver/Src/stm32f1xx_hal_cortex.c.obj
 *fill*         0x080025b2        0x2 
 .text.HAL_NVIC_SetPriorityGrouping
                0x080025b4       0x24 CMakeFiles/PWMToControlVoltageV4.elf.dir/Drivers/STM32F1xx_HAL_Driver/Src/stm32f1xx_hal_cortex.c.obj
                0x080025b4                HAL_NVIC_SetPriorityGrouping
 .text.HAL_NVIC_SetPriority
                0x080025d8       0x20 CMakeFiles/PWMToControlVoltageV4.elf.dir/Drivers/STM32F1xx_HAL_Driver/Src/stm32f1xx_hal_cortex.c.obj
                0x080025d8                HAL_NVIC_SetPriority
 .text.HAL_NVIC_EnableIRQ
                0x080025f8       0x1c CMakeFiles/PWMToControlVoltageV4.elf.dir/Drivers/STM32F1xx_HAL_Driver/Src/stm32f1xx_hal_cortex.c.obj
                0x080025f8                HAL_NVIC_EnableIRQ
 .text.HAL_SYSTICK_Config
                0x08002614       0x28 CMakeFiles/PWMToControlVoltageV4.elf.dir/Drivers/STM32F1xx_HAL_Driver/Src/stm32f1xx_hal_cortex.c.obj
                0x08002614                HAL_SYSTICK_Config
 .text.HAL_DMA_Init
                0x0800263c       0x68 CMakeFiles/PWMToControlVoltageV4.elf.dir/Drivers/STM32F1xx_HAL_Driver/Src/stm32f1xx_hal_dma.c.obj
                0x0800263c                HAL_DMA_Init
 .text.HAL_DMA_Abort_IT
                0x080026a4       0x98 CMakeFiles/PWMToControlVoltageV4.elf.dir/Drivers/STM32F1xx_HAL_Driver/Src/stm32f1xx_hal_dma.c.obj
                0x080026a4                HAL_DMA_Abort_IT
 .text.HAL_DMA_IRQHandler
                0x0800273c      0x144 CMakeFiles/PWMToControlVoltageV4.elf.dir/Drivers/STM32F1xx_HAL_Driver/Src/stm32f1xx_hal_dma.c.obj
                0x0800273c                HAL_DMA_IRQHandler
 .text.HAL_DMA_GetState
                0x08002880        0x6 CMakeFiles/PWMToControlVoltageV4.elf.dir/Drivers/STM32F1xx_HAL_Driver/Src/stm32f1xx_hal_dma.c.obj
                0x08002880                HAL_DMA_GetState
 *fill*         0x08002886        0x2 
 .text.HAL_GPIO_Init
                0x08002888      0x21c CMakeFiles/PWMToControlVoltageV4.elf.dir/Drivers/STM32F1xx_HAL_Driver/Src/stm32f1xx_hal_gpio.c.obj
                0x08002888                HAL_GPIO_Init
 .text.HAL_GPIO_ReadPin
                0x08002aa4        0xe CMakeFiles/PWMToControlVoltageV4.elf.dir/Drivers/STM32F1xx_HAL_Driver/Src/stm32f1xx_hal_gpio.c.obj
                0x08002aa4                HAL_GPIO_ReadPin
 .text.I2C_Flush_DR
                0x08002ab2       0x10 CMakeFiles/PWMToControlVoltageV4.elf.dir/Drivers/STM32F1xx_HAL_Driver/Src/stm32f1xx_hal_i2c.c.obj
 .text.I2C_Master_SB
                0x08002ac2       0xa8 CMakeFiles/PWMToControlVoltageV4.elf.dir/Drivers/STM32F1xx_HAL_Driver/Src/stm32f1xx_hal_i2c.c.obj
 .text.I2C_Master_ADD10
                0x08002b6a       0x2a CMakeFiles/PWMToControlVoltageV4.elf.dir/Drivers/STM32F1xx_HAL_Driver/Src/stm32f1xx_hal_i2c.c.obj
 .text.I2C_Master_ADDR
                0x08002b94      0x244 CMakeFiles/PWMToControlVoltageV4.elf.dir/Drivers/STM32F1xx_HAL_Driver/Src/stm32f1xx_hal_i2c.c.obj
 .text.I2C_SlaveTransmit_BTF
                0x08002dd8       0x20 CMakeFiles/PWMToControlVoltageV4.elf.dir/Drivers/STM32F1xx_HAL_Driver/Src/stm32f1xx_hal_i2c.c.obj
 .text.I2C_SlaveReceive_BTF
                0x08002df8       0x20 CMakeFiles/PWMToControlVoltageV4.elf.dir/Drivers/STM32F1xx_HAL_Driver/Src/stm32f1xx_hal_i2c.c.obj
 .text.I2C_WaitOnSTOPRequestThroughIT
                0x08002e18       0x48 CMakeFiles/PWMToControlVoltageV4.elf.dir/Drivers/STM32F1xx_HAL_Driver/Src/stm32f1xx_hal_i2c.c.obj
 .text.I2C_IsAcknowledgeFailed
                0x08002e60       0x32 CMakeFiles/PWMToControlVoltageV4.elf.dir/Drivers/STM32F1xx_HAL_Driver/Src/stm32f1xx_hal_i2c.c.obj
 .text.I2C_ConvertOtherXferOptions
                0x08002e92       0x1e CMakeFiles/PWMToControlVoltageV4.elf.dir/Drivers/STM32F1xx_HAL_Driver/Src/stm32f1xx_hal_i2c.c.obj
 .text.I2C_WaitOnFlagUntilTimeout
                0x08002eb0       0xaa CMakeFiles/PWMToControlVoltageV4.elf.dir/Drivers/STM32F1xx_HAL_Driver/Src/stm32f1xx_hal_i2c.c.obj
 .text.I2C_WaitOnMasterAddressFlagUntilTimeout
                0x08002f5a       0xd6 CMakeFiles/PWMToControlVoltageV4.elf.dir/Drivers/STM32F1xx_HAL_Driver/Src/stm32f1xx_hal_i2c.c.obj
 .text.I2C_MasterRequestWrite
                0x08003030       0xb4 CMakeFiles/PWMToControlVoltageV4.elf.dir/Drivers/STM32F1xx_HAL_Driver/Src/stm32f1xx_hal_i2c.c.obj
 .text.I2C_WaitOnTXEFlagUntilTimeout
                0x080030e4       0x5e CMakeFiles/PWMToControlVoltageV4.elf.dir/Drivers/STM32F1xx_HAL_Driver/Src/stm32f1xx_hal_i2c.c.obj
 .text.I2C_WaitOnBTFFlagUntilTimeout
                0x08003142       0x5e CMakeFiles/PWMToControlVoltageV4.elf.dir/Drivers/STM32F1xx_HAL_Driver/Src/stm32f1xx_hal_i2c.c.obj
 .text.HAL_I2C_Init
                0x080031a0      0x1bc CMakeFiles/PWMToControlVoltageV4.elf.dir/Drivers/STM32F1xx_HAL_Driver/Src/stm32f1xx_hal_i2c.c.obj
                0x080031a0                HAL_I2C_Init
 .text.HAL_I2C_Master_Transmit
                0x0800335c      0x178 CMakeFiles/PWMToControlVoltageV4.elf.dir/Drivers/STM32F1xx_HAL_Driver/Src/stm32f1xx_hal_i2c.c.obj
                0x0800335c                HAL_I2C_Master_Transmit
 .text.HAL_I2C_MasterTxCpltCallback
                0x080034d4        0x2 CMakeFiles/PWMToControlVoltageV4.elf.dir/Drivers/STM32F1xx_HAL_Driver/Src/stm32f1xx_hal_i2c.c.obj
                0x080034d4                HAL_I2C_MasterTxCpltCallback
 .text.HAL_I2C_MasterRxCpltCallback
                0x080034d6        0x2 CMakeFiles/PWMToControlVoltageV4.elf.dir/Drivers/STM32F1xx_HAL_Driver/Src/stm32f1xx_hal_i2c.c.obj
                0x080034d6                HAL_I2C_MasterRxCpltCallback
 .text.HAL_I2C_SlaveTxCpltCallback
                0x080034d8        0x2 CMakeFiles/PWMToControlVoltageV4.elf.dir/Drivers/STM32F1xx_HAL_Driver/Src/stm32f1xx_hal_i2c.c.obj
                0x080034d8                HAL_I2C_SlaveTxCpltCallback
 .text.I2C_SlaveTransmit_TXE
                0x080034da       0x4c CMakeFiles/PWMToControlVoltageV4.elf.dir/Drivers/STM32F1xx_HAL_Driver/Src/stm32f1xx_hal_i2c.c.obj
 .text.HAL_I2C_SlaveRxCpltCallback
                0x08003526        0x2 CMakeFiles/PWMToControlVoltageV4.elf.dir/Drivers/STM32F1xx_HAL_Driver/Src/stm32f1xx_hal_i2c.c.obj
                0x08003526                HAL_I2C_SlaveRxCpltCallback
 .text.I2C_SlaveReceive_RXNE
                0x08003528       0x4c CMakeFiles/PWMToControlVoltageV4.elf.dir/Drivers/STM32F1xx_HAL_Driver/Src/stm32f1xx_hal_i2c.c.obj
 .text.HAL_I2C_AddrCallback
                0x08003574        0x2 CMakeFiles/PWMToControlVoltageV4.elf.dir/Drivers/STM32F1xx_HAL_Driver/Src/stm32f1xx_hal_i2c.c.obj
                0x08003574                HAL_I2C_AddrCallback
 .text.I2C_Slave_ADDR
                0x08003576       0x5a CMakeFiles/PWMToControlVoltageV4.elf.dir/Drivers/STM32F1xx_HAL_Driver/Src/stm32f1xx_hal_i2c.c.obj
 .text.HAL_I2C_ListenCpltCallback
                0x080035d0        0x2 CMakeFiles/PWMToControlVoltageV4.elf.dir/Drivers/STM32F1xx_HAL_Driver/Src/stm32f1xx_hal_i2c.c.obj
                0x080035d0                HAL_I2C_ListenCpltCallback
 *fill*         0x080035d2        0x2 
 .text.I2C_Slave_AF
                0x080035d4       0xa0 CMakeFiles/PWMToControlVoltageV4.elf.dir/Drivers/STM32F1xx_HAL_Driver/Src/stm32f1xx_hal_i2c.c.obj
 .text.HAL_I2C_MemTxCpltCallback
                0x08003674        0x2 CMakeFiles/PWMToControlVoltageV4.elf.dir/Drivers/STM32F1xx_HAL_Driver/Src/stm32f1xx_hal_i2c.c.obj
                0x08003674                HAL_I2C_MemTxCpltCallback
 .text.I2C_MasterTransmit_BTF
                0x08003676       0x9e CMakeFiles/PWMToControlVoltageV4.elf.dir/Drivers/STM32F1xx_HAL_Driver/Src/stm32f1xx_hal_i2c.c.obj
 .text.I2C_MemoryTransmit_TXE_BTF
                0x08003714       0xc4 CMakeFiles/PWMToControlVoltageV4.elf.dir/Drivers/STM32F1xx_HAL_Driver/Src/stm32f1xx_hal_i2c.c.obj
 .text.I2C_MasterTransmit_TXE
                0x080037d8       0xd4 CMakeFiles/PWMToControlVoltageV4.elf.dir/Drivers/STM32F1xx_HAL_Driver/Src/stm32f1xx_hal_i2c.c.obj
 .text.HAL_I2C_MemRxCpltCallback
                0x080038ac        0x2 CMakeFiles/PWMToControlVoltageV4.elf.dir/Drivers/STM32F1xx_HAL_Driver/Src/stm32f1xx_hal_i2c.c.obj
                0x080038ac                HAL_I2C_MemRxCpltCallback
 .text.I2C_MasterReceive_BTF
                0x080038ae      0x140 CMakeFiles/PWMToControlVoltageV4.elf.dir/Drivers/STM32F1xx_HAL_Driver/Src/stm32f1xx_hal_i2c.c.obj
 .text.HAL_I2C_ErrorCallback
                0x080039ee        0x2 CMakeFiles/PWMToControlVoltageV4.elf.dir/Drivers/STM32F1xx_HAL_Driver/Src/stm32f1xx_hal_i2c.c.obj
                0x080039ee                HAL_I2C_ErrorCallback
 .text.I2C_MasterReceive_RXNE
                0x080039f0      0x106 CMakeFiles/PWMToControlVoltageV4.elf.dir/Drivers/STM32F1xx_HAL_Driver/Src/stm32f1xx_hal_i2c.c.obj
 .text.HAL_I2C_AbortCpltCallback
                0x08003af6        0x2 CMakeFiles/PWMToControlVoltageV4.elf.dir/Drivers/STM32F1xx_HAL_Driver/Src/stm32f1xx_hal_i2c.c.obj
                0x08003af6                HAL_I2C_AbortCpltCallback
 .text.I2C_DMAAbort
                0x08003af8       0xe4 CMakeFiles/PWMToControlVoltageV4.elf.dir/Drivers/STM32F1xx_HAL_Driver/Src/stm32f1xx_hal_i2c.c.obj
 .text.I2C_ITError
                0x08003bdc      0x178 CMakeFiles/PWMToControlVoltageV4.elf.dir/Drivers/STM32F1xx_HAL_Driver/Src/stm32f1xx_hal_i2c.c.obj
 .text.I2C_Slave_STOPF
                0x08003d54      0x18c CMakeFiles/PWMToControlVoltageV4.elf.dir/Drivers/STM32F1xx_HAL_Driver/Src/stm32f1xx_hal_i2c.c.obj
 .text.HAL_I2C_EV_IRQHandler
                0x08003ee0      0x1a0 CMakeFiles/PWMToControlVoltageV4.elf.dir/Drivers/STM32F1xx_HAL_Driver/Src/stm32f1xx_hal_i2c.c.obj
                0x08003ee0                HAL_I2C_EV_IRQHandler
 .text.HAL_I2C_ER_IRQHandler
                0x08004080       0xce CMakeFiles/PWMToControlVoltageV4.elf.dir/Drivers/STM32F1xx_HAL_Driver/Src/stm32f1xx_hal_i2c.c.obj
                0x08004080                HAL_I2C_ER_IRQHandler
 *fill*         0x0800414e        0x2 
 .text.RCC_Delay
                0x08004150       0x2c CMakeFiles/PWMToControlVoltageV4.elf.dir/Drivers/STM32F1xx_HAL_Driver/Src/stm32f1xx_hal_rcc.c.obj
 .text.HAL_RCC_OscConfig
                0x0800417c      0x410 CMakeFiles/PWMToControlVoltageV4.elf.dir/Drivers/STM32F1xx_HAL_Driver/Src/stm32f1xx_hal_rcc.c.obj
                0x0800417c                HAL_RCC_OscConfig
 .text.HAL_RCC_GetSysClockFreq
                0x0800458c       0x54 CMakeFiles/PWMToControlVoltageV4.elf.dir/Drivers/STM32F1xx_HAL_Driver/Src/stm32f1xx_hal_rcc.c.obj
                0x0800458c                HAL_RCC_GetSysClockFreq
 .text.HAL_RCC_ClockConfig
                0x080045e0      0x16c CMakeFiles/PWMToControlVoltageV4.elf.dir/Drivers/STM32F1xx_HAL_Driver/Src/stm32f1xx_hal_rcc.c.obj
                0x080045e0                HAL_RCC_ClockConfig
 .text.HAL_RCC_GetHCLKFreq
                0x0800474c        0xc CMakeFiles/PWMToControlVoltageV4.elf.dir/Drivers/STM32F1xx_HAL_Driver/Src/stm32f1xx_hal_rcc.c.obj
                0x0800474c                HAL_RCC_GetHCLKFreq
 .text.HAL_RCC_GetPCLK1Freq
                0x08004758       0x20 CMakeFiles/PWMToControlVoltageV4.elf.dir/Drivers/STM32F1xx_HAL_Driver/Src/stm32f1xx_hal_rcc.c.obj
                0x08004758                HAL_RCC_GetPCLK1Freq
 .text.HAL_RCC_GetPCLK2Freq
                0x08004778       0x20 CMakeFiles/PWMToControlVoltageV4.elf.dir/Drivers/STM32F1xx_HAL_Driver/Src/stm32f1xx_hal_rcc.c.obj
                0x08004778                HAL_RCC_GetPCLK2Freq
 .text.TIM_OC1_SetConfig
                0x08004798       0x54 CMakeFiles/PWMToControlVoltageV4.elf.dir/Drivers/STM32F1xx_HAL_Driver/Src/stm32f1xx_hal_tim.c.obj
 .text.TIM_OC3_SetConfig
                0x080047ec       0x5c CMakeFiles/PWMToControlVoltageV4.elf.dir/Drivers/STM32F1xx_HAL_Driver/Src/stm32f1xx_hal_tim.c.obj
 .text.TIM_OC4_SetConfig
                0x08004848       0x48 CMakeFiles/PWMToControlVoltageV4.elf.dir/Drivers/STM32F1xx_HAL_Driver/Src/stm32f1xx_hal_tim.c.obj
 .text.TIM_TI1_ConfigInputStage
                0x08004890       0x24 CMakeFiles/PWMToControlVoltageV4.elf.dir/Drivers/STM32F1xx_HAL_Driver/Src/stm32f1xx_hal_tim.c.obj
 .text.TIM_TI2_ConfigInputStage
                0x080048b4       0x26 CMakeFiles/PWMToControlVoltageV4.elf.dir/Drivers/STM32F1xx_HAL_Driver/Src/stm32f1xx_hal_tim.c.obj
 .text.TIM_ITRx_SetConfig
                0x080048da       0x10 CMakeFiles/PWMToControlVoltageV4.elf.dir/Drivers/STM32F1xx_HAL_Driver/Src/stm32f1xx_hal_tim.c.obj
 *fill*         0x080048ea        0x2 
 .text.HAL_TIM_Base_Start_IT
                0x080048ec       0x68 CMakeFiles/PWMToControlVoltageV4.elf.dir/Drivers/STM32F1xx_HAL_Driver/Src/stm32f1xx_hal_tim.c.obj
                0x080048ec                HAL_TIM_Base_Start_IT
 .text.HAL_TIM_PWM_MspInit
                0x08004954        0x2 CMakeFiles/PWMToControlVoltageV4.elf.dir/Drivers/STM32F1xx_HAL_Driver/Src/stm32f1xx_hal_tim.c.obj
                0x08004954                HAL_TIM_PWM_MspInit
 .text.HAL_TIM_OC_DelayElapsedCallback
                0x08004956        0x2 CMakeFiles/PWMToControlVoltageV4.elf.dir/Drivers/STM32F1xx_HAL_Driver/Src/stm32f1xx_hal_tim.c.obj
                0x08004956                HAL_TIM_OC_DelayElapsedCallback
 .text.HAL_TIM_IC_CaptureCallback
                0x08004958        0x2 CMakeFiles/PWMToControlVoltageV4.elf.dir/Drivers/STM32F1xx_HAL_Driver/Src/stm32f1xx_hal_tim.c.obj
                0x08004958                HAL_TIM_IC_CaptureCallback
 .text.HAL_TIM_PWM_PulseFinishedCallback
                0x0800495a        0x2 CMakeFiles/PWMToControlVoltageV4.elf.dir/Drivers/STM32F1xx_HAL_Driver/Src/stm32f1xx_hal_tim.c.obj
                0x0800495a                HAL_TIM_PWM_PulseFinishedCallback
 .text.HAL_TIM_TriggerCallback
                0x0800495c        0x2 CMakeFiles/PWMToControlVoltageV4.elf.dir/Drivers/STM32F1xx_HAL_Driver/Src/stm32f1xx_hal_tim.c.obj
                0x0800495c                HAL_TIM_TriggerCallback
 .text.HAL_TIM_IRQHandler
                0x0800495e      0x15e CMakeFiles/PWMToControlVoltageV4.elf.dir/Drivers/STM32F1xx_HAL_Driver/Src/stm32f1xx_hal_tim.c.obj
                0x0800495e                HAL_TIM_IRQHandler
 .text.TIM_Base_SetConfig
                0x08004abc       0x84 CMakeFiles/PWMToControlVoltageV4.elf.dir/Drivers/STM32F1xx_HAL_Driver/Src/stm32f1xx_hal_tim.c.obj
                0x08004abc                TIM_Base_SetConfig
 .text.HAL_TIM_Base_Init
                0x08004b40       0x58 CMakeFiles/PWMToControlVoltageV4.elf.dir/Drivers/STM32F1xx_HAL_Driver/Src/stm32f1xx_hal_tim.c.obj
                0x08004b40                HAL_TIM_Base_Init
 .text.HAL_TIM_PWM_Init
                0x08004b98       0x58 CMakeFiles/PWMToControlVoltageV4.elf.dir/Drivers/STM32F1xx_HAL_Driver/Src/stm32f1xx_hal_tim.c.obj
                0x08004b98                HAL_TIM_PWM_Init
 .text.TIM_OC2_SetConfig
                0x08004bf0       0x5c CMakeFiles/PWMToControlVoltageV4.elf.dir/Drivers/STM32F1xx_HAL_Driver/Src/stm32f1xx_hal_tim.c.obj
                0x08004bf0                TIM_OC2_SetConfig
 .text.HAL_TIM_PWM_ConfigChannel
                0x08004c4c       0xdc CMakeFiles/PWMToControlVoltageV4.elf.dir/Drivers/STM32F1xx_HAL_Driver/Src/stm32f1xx_hal_tim.c.obj
                0x08004c4c                HAL_TIM_PWM_ConfigChannel
 .text.TIM_ETR_SetConfig
                0x08004d28       0x18 CMakeFiles/PWMToControlVoltageV4.elf.dir/Drivers/STM32F1xx_HAL_Driver/Src/stm32f1xx_hal_tim.c.obj
                0x08004d28                TIM_ETR_SetConfig
 .text.HAL_TIM_ConfigClockSource
                0x08004d40       0xfe CMakeFiles/PWMToControlVoltageV4.elf.dir/Drivers/STM32F1xx_HAL_Driver/Src/stm32f1xx_hal_tim.c.obj
                0x08004d40                HAL_TIM_ConfigClockSource
 .text.TIM_CCxChannelCmd
                0x08004e3e       0x1e CMakeFiles/PWMToControlVoltageV4.elf.dir/Drivers/STM32F1xx_HAL_Driver/Src/stm32f1xx_hal_tim.c.obj
                0x08004e3e                TIM_CCxChannelCmd
 .text.HAL_TIM_PWM_Start
                0x08004e5c       0xdc CMakeFiles/PWMToControlVoltageV4.elf.dir/Drivers/STM32F1xx_HAL_Driver/Src/stm32f1xx_hal_tim.c.obj
                0x08004e5c                HAL_TIM_PWM_Start
 .text.HAL_TIMEx_MasterConfigSynchronization
                0x08004f38       0x6c CMakeFiles/PWMToControlVoltageV4.elf.dir/Drivers/STM32F1xx_HAL_Driver/Src/stm32f1xx_hal_tim_ex.c.obj
                0x08004f38                HAL_TIMEx_MasterConfigSynchronization
 .text.HAL_TIMEx_ConfigBreakDeadTime
                0x08004fa4       0x52 CMakeFiles/PWMToControlVoltageV4.elf.dir/Drivers/STM32F1xx_HAL_Driver/Src/stm32f1xx_hal_tim_ex.c.obj
                0x08004fa4                HAL_TIMEx_ConfigBreakDeadTime
 .text.HAL_TIMEx_CommutCallback
                0x08004ff6        0x2 CMakeFiles/PWMToControlVoltageV4.elf.dir/Drivers/STM32F1xx_HAL_Driver/Src/stm32f1xx_hal_tim_ex.c.obj
                0x08004ff6                HAL_TIMEx_CommutCallback
 .text.HAL_TIMEx_BreakCallback
                0x08004ff8        0x2 CMakeFiles/PWMToControlVoltageV4.elf.dir/Drivers/STM32F1xx_HAL_Driver/Src/stm32f1xx_hal_tim_ex.c.obj
                0x08004ff8                HAL_TIMEx_BreakCallback
 .text.UART_EndRxTransfer
                0x08004ffa       0x5c CMakeFiles/PWMToControlVoltageV4.elf.dir/Drivers/STM32F1xx_HAL_Driver/Src/stm32f1xx_hal_uart.c.obj
 *fill*         0x08005056        0x2 
 .text.UART_SetConfig
                0x08005058       0x94 CMakeFiles/PWMToControlVoltageV4.elf.dir/Drivers/STM32F1xx_HAL_Driver/Src/stm32f1xx_hal_uart.c.obj
 .text.UART_WaitOnFlagUntilTimeout
                0x080050ec       0x86 CMakeFiles/PWMToControlVoltageV4.elf.dir/Drivers/STM32F1xx_HAL_Driver/Src/stm32f1xx_hal_uart.c.obj
 .text.HAL_UART_Init
                0x08005172       0x60 CMakeFiles/PWMToControlVoltageV4.elf.dir/Drivers/STM32F1xx_HAL_Driver/Src/stm32f1xx_hal_uart.c.obj
                0x08005172                HAL_UART_Init
 .text.HAL_UART_Transmit
                0x080051d2       0xcc CMakeFiles/PWMToControlVoltageV4.elf.dir/Drivers/STM32F1xx_HAL_Driver/Src/stm32f1xx_hal_uart.c.obj
                0x080051d2                HAL_UART_Transmit
 .text.HAL_UART_Receive
                0x0800529e       0xd2 CMakeFiles/PWMToControlVoltageV4.elf.dir/Drivers/STM32F1xx_HAL_Driver/Src/stm32f1xx_hal_uart.c.obj
                0x0800529e                HAL_UART_Receive
 .text.arm_sin_f32
                0x08005370       0x9c bin_dsp/libCMSISDSP.a(arm_sin_f32.c.obj)
                0x08005370                arm_sin_f32
 .text.std      0x0800540c       0x6c C:/ST/STM32CubeCLT_1.18.0/GNU-tools-for-STM32/bin/../lib/gcc/arm-none-eabi/13.3.1/../../../../arm-none-eabi/lib/thumb/v7-m/nofp\libg.a(libc_a-findfp.o)
 .text.stdio_exit_handler
                0x08005478       0x18 C:/ST/STM32CubeCLT_1.18.0/GNU-tools-for-STM32/bin/../lib/gcc/arm-none-eabi/13.3.1/../../../../arm-none-eabi/lib/thumb/v7-m/nofp\libg.a(libc_a-findfp.o)
 .text.cleanup_stdio
                0x08005490       0x40 C:/ST/STM32CubeCLT_1.18.0/GNU-tools-for-STM32/bin/../lib/gcc/arm-none-eabi/13.3.1/../../../../arm-none-eabi/lib/thumb/v7-m/nofp\libg.a(libc_a-findfp.o)
 .text.global_stdio_init.part.0
                0x080054d0       0x3c C:/ST/STM32CubeCLT_1.18.0/GNU-tools-for-STM32/bin/../lib/gcc/arm-none-eabi/13.3.1/../../../../arm-none-eabi/lib/thumb/v7-m/nofp\libg.a(libc_a-findfp.o)
 .text.__sfp_lock_acquire
                0x0800550c        0xc C:/ST/STM32CubeCLT_1.18.0/GNU-tools-for-STM32/bin/../lib/gcc/arm-none-eabi/13.3.1/../../../../arm-none-eabi/lib/thumb/v7-m/nofp\libg.a(libc_a-findfp.o)
                0x0800550c                __sfp_lock_acquire
 .text.__sfp_lock_release
                0x08005518        0xc C:/ST/STM32CubeCLT_1.18.0/GNU-tools-for-STM32/bin/../lib/gcc/arm-none-eabi/13.3.1/../../../../arm-none-eabi/lib/thumb/v7-m/nofp\libg.a(libc_a-findfp.o)
                0x08005518                __sfp_lock_release
 .text.__sinit  0x08005524       0x30 C:/ST/STM32CubeCLT_1.18.0/GNU-tools-for-STM32/bin/../lib/gcc/arm-none-eabi/13.3.1/../../../../arm-none-eabi/lib/thumb/v7-m/nofp\libg.a(libc_a-findfp.o)
                0x08005524                __sinit
 .text._fwalk_sglue
                0x08005554       0x3c C:/ST/STM32CubeCLT_1.18.0/GNU-tools-for-STM32/bin/../lib/gcc/arm-none-eabi/13.3.1/../../../../arm-none-eabi/lib/thumb/v7-m/nofp\libg.a(libc_a-fwalk.o)
                0x08005554                _fwalk_sglue
 .text.sprintf  0x08005590       0x44 C:/ST/STM32CubeCLT_1.18.0/GNU-tools-for-STM32/bin/../lib/gcc/arm-none-eabi/13.3.1/../../../../arm-none-eabi/lib/thumb/v7-m/nofp\libg.a(libc_a-sprintf.o)
                0x08005590                sprintf
 .text.__sread  0x080055d4       0x22 C:/ST/STM32CubeCLT_1.18.0/GNU-tools-for-STM32/bin/../lib/gcc/arm-none-eabi/13.3.1/../../../../arm-none-eabi/lib/thumb/v7-m/nofp\libg.a(libc_a-stdio.o)
                0x080055d4                __sread
 .text.__swrite
                0x080055f6       0x38 C:/ST/STM32CubeCLT_1.18.0/GNU-tools-for-STM32/bin/../lib/gcc/arm-none-eabi/13.3.1/../../../../arm-none-eabi/lib/thumb/v7-m/nofp\libg.a(libc_a-stdio.o)
                0x080055f6                __swrite
 .text.__sseek  0x0800562e       0x24 C:/ST/STM32CubeCLT_1.18.0/GNU-tools-for-STM32/bin/../lib/gcc/arm-none-eabi/13.3.1/../../../../arm-none-eabi/lib/thumb/v7-m/nofp\libg.a(libc_a-stdio.o)
                0x0800562e                __sseek
 .text.__sclose
                0x08005652        0x8 C:/ST/STM32CubeCLT_1.18.0/GNU-tools-for-STM32/bin/../lib/gcc/arm-none-eabi/13.3.1/../../../../arm-none-eabi/lib/thumb/v7-m/nofp\libg.a(libc_a-stdio.o)
                0x08005652                __sclose
 .text.memcmp   0x0800565a       0x20 C:/ST/STM32CubeCLT_1.18.0/GNU-tools-for-STM32/bin/../lib/gcc/arm-none-eabi/13.3.1/../../../../arm-none-eabi/lib/thumb/v7-m/nofp\libg.a(libc_a-memcmp.o)
                0x0800565a                memcmp
 .text.memset   0x0800567a       0x10 C:/ST/STM32CubeCLT_1.18.0/GNU-tools-for-STM32/bin/../lib/gcc/arm-none-eabi/13.3.1/../../../../arm-none-eabi/lib/thumb/v7-m/nofp\libg.a(libc_a-memset.o)
                0x0800567a                memset
 *fill*         0x0800568a        0x2 
 .text._close_r
                0x0800568c       0x20 C:/ST/STM32CubeCLT_1.18.0/GNU-tools-for-STM32/bin/../lib/gcc/arm-none-eabi/13.3.1/../../../../arm-none-eabi/lib/thumb/v7-m/nofp\libg.a(libc_a-closer.o)
                0x0800568c                _close_r
 .text._lseek_r
                0x080056ac       0x24 C:/ST/STM32CubeCLT_1.18.0/GNU-tools-for-STM32/bin/../lib/gcc/arm-none-eabi/13.3.1/../../../../arm-none-eabi/lib/thumb/v7-m/nofp\libg.a(libc_a-lseekr.o)
                0x080056ac                _lseek_r
 .text._read_r  0x080056d0       0x24 C:/ST/STM32CubeCLT_1.18.0/GNU-tools-for-STM32/bin/../lib/gcc/arm-none-eabi/13.3.1/../../../../arm-none-eabi/lib/thumb/v7-m/nofp\libg.a(libc_a-readr.o)
                0x080056d0                _read_r
 .text._write_r
                0x080056f4       0x24 C:/ST/STM32CubeCLT_1.18.0/GNU-tools-for-STM32/bin/../lib/gcc/arm-none-eabi/13.3.1/../../../../arm-none-eabi/lib/thumb/v7-m/nofp\libg.a(libc_a-writer.o)
                0x080056f4                _write_r
 .text.__errno  0x08005718        0xc C:/ST/STM32CubeCLT_1.18.0/GNU-tools-for-STM32/bin/../lib/gcc/arm-none-eabi/13.3.1/../../../../arm-none-eabi/lib/thumb/v7-m/nofp\libg.a(libc_a-errno.o)
                0x08005718                __errno
 .text.__libc_init_array
                0x08005724       0x48 C:/ST/STM32CubeCLT_1.18.0/GNU-tools-for-STM32/bin/../lib/gcc/arm-none-eabi/13.3.1/../../../../arm-none-eabi/lib/thumb/v7-m/nofp\libg.a(libc_a-init.o)
                0x08005724                __libc_init_array
 .text.__retarget_lock_init_recursive
                0x0800576c        0x2 C:/ST/STM32CubeCLT_1.18.0/GNU-tools-for-STM32/bin/../lib/gcc/arm-none-eabi/13.3.1/../../../../arm-none-eabi/lib/thumb/v7-m/nofp\libg.a(libc_a-lock.o)
                0x0800576c                __retarget_lock_init_recursive
 .text.__retarget_lock_close_recursive
                0x0800576e        0x2 C:/ST/STM32CubeCLT_1.18.0/GNU-tools-for-STM32/bin/../lib/gcc/arm-none-eabi/13.3.1/../../../../arm-none-eabi/lib/thumb/v7-m/nofp\libg.a(libc_a-lock.o)
                0x0800576e                __retarget_lock_close_recursive
 .text.__retarget_lock_acquire_recursive
                0x08005770        0x2 C:/ST/STM32CubeCLT_1.18.0/GNU-tools-for-STM32/bin/../lib/gcc/arm-none-eabi/13.3.1/../../../../arm-none-eabi/lib/thumb/v7-m/nofp\libg.a(libc_a-lock.o)
                0x08005770                __retarget_lock_acquire_recursive
 .text.__retarget_lock_release_recursive
                0x08005772        0x2 C:/ST/STM32CubeCLT_1.18.0/GNU-tools-for-STM32/bin/../lib/gcc/arm-none-eabi/13.3.1/../../../../arm-none-eabi/lib/thumb/v7-m/nofp\libg.a(libc_a-lock.o)
                0x08005772                __retarget_lock_release_recursive
 .text.memcpy   0x08005774       0x1c C:/ST/STM32CubeCLT_1.18.0/GNU-tools-for-STM32/bin/../lib/gcc/arm-none-eabi/13.3.1/../../../../arm-none-eabi/lib/thumb/v7-m/nofp\libg.a(libc_a-memcpy-stub.o)
                0x08005774                memcpy
 .text.startup.register_fini
                0x08005790       0x14 C:/ST/STM32CubeCLT_1.18.0/GNU-tools-for-STM32/bin/../lib/gcc/arm-none-eabi/13.3.1/../../../../arm-none-eabi/lib/thumb/v7-m/nofp\libg.a(libc_a-__call_atexit.o)
 .text.atexit   0x080057a4        0xc C:/ST/STM32CubeCLT_1.18.0/GNU-tools-for-STM32/bin/../lib/gcc/arm-none-eabi/13.3.1/../../../../arm-none-eabi/lib/thumb/v7-m/nofp\libg.a(libc_a-atexit.o)
                0x080057a4                atexit
 .text._malloc_trim_r
                0x080057b0       0xac C:/ST/STM32CubeCLT_1.18.0/GNU-tools-for-STM32/bin/../lib/gcc/arm-none-eabi/13.3.1/../../../../arm-none-eabi/lib/thumb/v7-m/nofp\libg.a(libc_a-freer.o)
                0x080057b0                _malloc_trim_r
 .text._free_r  0x0800585c      0x180 C:/ST/STM32CubeCLT_1.18.0/GNU-tools-for-STM32/bin/../lib/gcc/arm-none-eabi/13.3.1/../../../../arm-none-eabi/lib/thumb/v7-m/nofp\libg.a(libc_a-freer.o)
                0x0800585c                _free_r
 .text._malloc_r
                0x080059dc      0x474 C:/ST/STM32CubeCLT_1.18.0/GNU-tools-for-STM32/bin/../lib/gcc/arm-none-eabi/13.3.1/../../../../arm-none-eabi/lib/thumb/v7-m/nofp\libg.a(libc_a-mallocr.o)
                0x080059dc                _malloc_r
 .text.__malloc_lock
                0x08005e50        0xc C:/ST/STM32CubeCLT_1.18.0/GNU-tools-for-STM32/bin/../lib/gcc/arm-none-eabi/13.3.1/../../../../arm-none-eabi/lib/thumb/v7-m/nofp\libg.a(libc_a-mlock.o)
                0x08005e50                __malloc_lock
 .text.__malloc_unlock
                0x08005e5c        0xc C:/ST/STM32CubeCLT_1.18.0/GNU-tools-for-STM32/bin/../lib/gcc/arm-none-eabi/13.3.1/../../../../arm-none-eabi/lib/thumb/v7-m/nofp\libg.a(libc_a-mlock.o)
                0x08005e5c                __malloc_unlock
 .text._svfprintf_r
                0x08005e68     0x13bc C:/ST/STM32CubeCLT_1.18.0/GNU-tools-for-STM32/bin/../lib/gcc/arm-none-eabi/13.3.1/../../../../arm-none-eabi/lib/thumb/v7-m/nofp\libg.a(libc_a-svfprintf.o)
                0x08005e68                _svfprintf_r
 .text.__ssprint_r
                0x08007224       0x4e C:/ST/STM32CubeCLT_1.18.0/GNU-tools-for-STM32/bin/../lib/gcc/arm-none-eabi/13.3.1/../../../../arm-none-eabi/lib/thumb/v7-m/nofp\libg.a(libc_a-ssprint_r.o)
                0x08007224                __ssprint_r
 .text._fclose_r
                0x08007272       0xac C:/ST/STM32CubeCLT_1.18.0/GNU-tools-for-STM32/bin/../lib/gcc/arm-none-eabi/13.3.1/../../../../arm-none-eabi/lib/thumb/v7-m/nofp\libg.a(libc_a-fclose.o)
                0x08007272                _fclose_r
 *fill*         0x0800731e        0x2 
 .text.__sflush_r
                0x08007320      0x108 C:/ST/STM32CubeCLT_1.18.0/GNU-tools-for-STM32/bin/../lib/gcc/arm-none-eabi/13.3.1/../../../../arm-none-eabi/lib/thumb/v7-m/nofp\libg.a(libc_a-fflush.o)
                0x08007320                __sflush_r
 .text._fflush_r
                0x08007428       0x4a C:/ST/STM32CubeCLT_1.18.0/GNU-tools-for-STM32/bin/../lib/gcc/arm-none-eabi/13.3.1/../../../../arm-none-eabi/lib/thumb/v7-m/nofp\libg.a(libc_a-fflush.o)
                0x08007428                _fflush_r
 .text.__swhatbuf_r
                0x08007472       0x50 C:/ST/STM32CubeCLT_1.18.0/GNU-tools-for-STM32/bin/../lib/gcc/arm-none-eabi/13.3.1/../../../../arm-none-eabi/lib/thumb/v7-m/nofp\libg.a(libc_a-makebuf.o)
                0x08007472                __swhatbuf_r
 .text.__smakebuf_r
                0x080074c2       0x78 C:/ST/STM32CubeCLT_1.18.0/GNU-tools-for-STM32/bin/../lib/gcc/arm-none-eabi/13.3.1/../../../../arm-none-eabi/lib/thumb/v7-m/nofp\libg.a(libc_a-makebuf.o)
                0x080074c2                __smakebuf_r
 .text.strncpy  0x0800753a       0x26 C:/ST/STM32CubeCLT_1.18.0/GNU-tools-for-STM32/bin/../lib/gcc/arm-none-eabi/13.3.1/../../../../arm-none-eabi/lib/thumb/v7-m/nofp\libg.a(libc_a-strncpy.o)
                0x0800753a                strncpy
 .text._localeconv_r
                0x08007560        0x8 C:/ST/STM32CubeCLT_1.18.0/GNU-tools-for-STM32/bin/../lib/gcc/arm-none-eabi/13.3.1/../../../../arm-none-eabi/lib/thumb/v7-m/nofp\libg.a(libc_a-localeconv.o)
                0x08007560                _localeconv_r
 .text._fstat_r
                0x08007568       0x24 C:/ST/STM32CubeCLT_1.18.0/GNU-tools-for-STM32/bin/../lib/gcc/arm-none-eabi/13.3.1/../../../../arm-none-eabi/lib/thumb/v7-m/nofp\libg.a(libc_a-fstatr.o)
                0x08007568                _fstat_r
 .text._isatty_r
                0x0800758c       0x20 C:/ST/STM32CubeCLT_1.18.0/GNU-tools-for-STM32/bin/../lib/gcc/arm-none-eabi/13.3.1/../../../../arm-none-eabi/lib/thumb/v7-m/nofp\libg.a(libc_a-isattyr.o)
                0x0800758c                _isatty_r
 .text._sbrk_r  0x080075ac       0x20 C:/ST/STM32CubeCLT_1.18.0/GNU-tools-for-STM32/bin/../lib/gcc/arm-none-eabi/13.3.1/../../../../arm-none-eabi/lib/thumb/v7-m/nofp\libg.a(libc_a-sbrkr.o)
                0x080075ac                _sbrk_r
 .text.__libc_fini_array
                0x080075cc       0x28 C:/ST/STM32CubeCLT_1.18.0/GNU-tools-for-STM32/bin/../lib/gcc/arm-none-eabi/13.3.1/../../../../arm-none-eabi/lib/thumb/v7-m/nofp\libg.a(libc_a-fini.o)
                0x080075cc                __libc_fini_array
 .text.sysconf  0x080075f4       0x18 C:/ST/STM32CubeCLT_1.18.0/GNU-tools-for-STM32/bin/../lib/gcc/arm-none-eabi/13.3.1/../../../../arm-none-eabi/lib/thumb/v7-m/nofp\libg.a(libc_a-sysconf.o)
                0x080075f4                sysconf
 .text.memchr   0x0800760c       0x1c C:/ST/STM32CubeCLT_1.18.0/GNU-tools-for-STM32/bin/../lib/gcc/arm-none-eabi/13.3.1/../../../../arm-none-eabi/lib/thumb/v7-m/nofp\libg.a(libc_a-memchr-stub.o)
                0x0800760c                memchr
 .text.frexp    0x08007628       0x64 C:/ST/STM32CubeCLT_1.18.0/GNU-tools-for-STM32/bin/../lib/gcc/arm-none-eabi/13.3.1/../../../../arm-none-eabi/lib/thumb/v7-m/nofp\libg.a(libm_a-s_frexp.o)
                0x08007628                frexp
 .text.__register_exitproc
                0x0800768c       0x80 C:/ST/STM32CubeCLT_1.18.0/GNU-tools-for-STM32/bin/../lib/gcc/arm-none-eabi/13.3.1/../../../../arm-none-eabi/lib/thumb/v7-m/nofp\libg.a(libc_a-__atexit.o)
                0x0800768c                __register_exitproc
 .text.quorem   0x0800770c      0x110 C:/ST/STM32CubeCLT_1.18.0/GNU-tools-for-STM32/bin/../lib/gcc/arm-none-eabi/13.3.1/../../../../arm-none-eabi/lib/thumb/v7-m/nofp\libg.a(libc_a-dtoa.o)
 *fill*         0x0800781c        0x4 
 .text._dtoa_r  0x08007820      0xb74 C:/ST/STM32CubeCLT_1.18.0/GNU-tools-for-STM32/bin/../lib/gcc/arm-none-eabi/13.3.1/../../../../arm-none-eabi/lib/thumb/v7-m/nofp\libg.a(libc_a-dtoa.o)
                0x08007820                _dtoa_r
 .text._Balloc  0x08008394       0x4a C:/ST/STM32CubeCLT_1.18.0/GNU-tools-for-STM32/bin/../lib/gcc/arm-none-eabi/13.3.1/../../../../arm-none-eabi/lib/thumb/v7-m/nofp\libg.a(libc_a-mprec.o)
                0x08008394                _Balloc
 .text._Bfree   0x080083de       0x12 C:/ST/STM32CubeCLT_1.18.0/GNU-tools-for-STM32/bin/../lib/gcc/arm-none-eabi/13.3.1/../../../../arm-none-eabi/lib/thumb/v7-m/nofp\libg.a(libc_a-mprec.o)
                0x080083de                _Bfree
 .text.__multadd
                0x080083f0       0x8c C:/ST/STM32CubeCLT_1.18.0/GNU-tools-for-STM32/bin/../lib/gcc/arm-none-eabi/13.3.1/../../../../arm-none-eabi/lib/thumb/v7-m/nofp\libg.a(libc_a-mprec.o)
                0x080083f0                __multadd
 .text.__hi0bits
                0x0800847c       0x3e C:/ST/STM32CubeCLT_1.18.0/GNU-tools-for-STM32/bin/../lib/gcc/arm-none-eabi/13.3.1/../../../../arm-none-eabi/lib/thumb/v7-m/nofp\libg.a(libc_a-mprec.o)
                0x0800847c                __hi0bits
 .text.__lo0bits
                0x080084ba       0x5a C:/ST/STM32CubeCLT_1.18.0/GNU-tools-for-STM32/bin/../lib/gcc/arm-none-eabi/13.3.1/../../../../arm-none-eabi/lib/thumb/v7-m/nofp\libg.a(libc_a-mprec.o)
                0x080084ba                __lo0bits
 .text.__i2b    0x08008514       0x2c C:/ST/STM32CubeCLT_1.18.0/GNU-tools-for-STM32/bin/../lib/gcc/arm-none-eabi/13.3.1/../../../../arm-none-eabi/lib/thumb/v7-m/nofp\libg.a(libc_a-mprec.o)
                0x08008514                __i2b
 .text.__multiply
                0x08008540      0x144 C:/ST/STM32CubeCLT_1.18.0/GNU-tools-for-STM32/bin/../lib/gcc/arm-none-eabi/13.3.1/../../../../arm-none-eabi/lib/thumb/v7-m/nofp\libg.a(libc_a-mprec.o)
                0x08008540                __multiply
 .text.__pow5mult
                0x08008684       0x80 C:/ST/STM32CubeCLT_1.18.0/GNU-tools-for-STM32/bin/../lib/gcc/arm-none-eabi/13.3.1/../../../../arm-none-eabi/lib/thumb/v7-m/nofp\libg.a(libc_a-mprec.o)
                0x08008684                __pow5mult
 .text.__lshift
                0x08008704       0xd8 C:/ST/STM32CubeCLT_1.18.0/GNU-tools-for-STM32/bin/../lib/gcc/arm-none-eabi/13.3.1/../../../../arm-none-eabi/lib/thumb/v7-m/nofp\libg.a(libc_a-mprec.o)
                0x08008704                __lshift
 .text.__mcmp   0x080087dc       0x36 C:/ST/STM32CubeCLT_1.18.0/GNU-tools-for-STM32/bin/../lib/gcc/arm-none-eabi/13.3.1/../../../../arm-none-eabi/lib/thumb/v7-m/nofp\libg.a(libc_a-mprec.o)
                0x080087dc                __mcmp
 *fill*         0x08008812        0x2 
 .text.__mdiff  0x08008814      0x128 C:/ST/STM32CubeCLT_1.18.0/GNU-tools-for-STM32/bin/../lib/gcc/arm-none-eabi/13.3.1/../../../../arm-none-eabi/lib/thumb/v7-m/nofp\libg.a(libc_a-mprec.o)
                0x08008814                __mdiff
 .text.__d2b    0x0800893c       0xb0 C:/ST/STM32CubeCLT_1.18.0/GNU-tools-for-STM32/bin/../lib/gcc/arm-none-eabi/13.3.1/../../../../arm-none-eabi/lib/thumb/v7-m/nofp\libg.a(libc_a-mprec.o)
                0x0800893c                __d2b
 .text.__ssputs_r
                0x080089ec       0xb6 C:/ST/STM32CubeCLT_1.18.0/GNU-tools-for-STM32/bin/../lib/gcc/arm-none-eabi/13.3.1/../../../../arm-none-eabi/lib/thumb/v7-m/nofp\libg.a(libc_a-ssputs_r.o)
                0x080089ec                __ssputs_r
 .text.memmove  0x08008aa2       0x34 C:/ST/STM32CubeCLT_1.18.0/GNU-tools-for-STM32/bin/../lib/gcc/arm-none-eabi/13.3.1/../../../../arm-none-eabi/lib/thumb/v7-m/nofp\libg.a(libc_a-memmove.o)
                0x08008aa2                memmove
 *fill*         0x08008ad6        0x2 
 .text.__assert_func
                0x08008ad8       0x3c C:/ST/STM32CubeCLT_1.18.0/GNU-tools-for-STM32/bin/../lib/gcc/arm-none-eabi/13.3.1/../../../../arm-none-eabi/lib/thumb/v7-m/nofp\libg.a(libc_a-assert.o)
                0x08008ad8                __assert_func
 .text._calloc_r
                0x08008b14       0x6a C:/ST/STM32CubeCLT_1.18.0/GNU-tools-for-STM32/bin/../lib/gcc/arm-none-eabi/13.3.1/../../../../arm-none-eabi/lib/thumb/v7-m/nofp\libg.a(libc_a-callocr.o)
                0x08008b14                _calloc_r
 .text.__ascii_mbtowc
                0x08008b7e       0x24 C:/ST/STM32CubeCLT_1.18.0/GNU-tools-for-STM32/bin/../lib/gcc/arm-none-eabi/13.3.1/../../../../arm-none-eabi/lib/thumb/v7-m/nofp\libg.a(libc_a-mbtowc_r.o)
                0x08008b7e                __ascii_mbtowc
 *fill*         0x08008ba2        0x2 
 .text._realloc_r
                0x08008ba4      0x358 C:/ST/STM32CubeCLT_1.18.0/GNU-tools-for-STM32/bin/../lib/gcc/arm-none-eabi/13.3.1/../../../../arm-none-eabi/lib/thumb/v7-m/nofp\libg.a(libc_a-reallocr.o)
                0x08008ba4                _realloc_r
 .text.__ascii_wctomb
                0x08008efc       0x1a C:/ST/STM32CubeCLT_1.18.0/GNU-tools-for-STM32/bin/../lib/gcc/arm-none-eabi/13.3.1/../../../../arm-none-eabi/lib/thumb/v7-m/nofp\libg.a(libc_a-wctomb_r.o)
                0x08008efc                __ascii_wctomb
 *fill*         0x08008f16        0x2 
 .text.fiprintf
                0x08008f18       0x24 C:/ST/STM32CubeCLT_1.18.0/GNU-tools-for-STM32/bin/../lib/gcc/arm-none-eabi/13.3.1/../../../../arm-none-eabi/lib/thumb/v7-m/nofp\libg.a(libc_a-fiprintf.o)
                0x08008f18                fiprintf
 .text._vfiprintf_r
                0x08008f3c      0x918 C:/ST/STM32CubeCLT_1.18.0/GNU-tools-for-STM32/bin/../lib/gcc/arm-none-eabi/13.3.1/../../../../arm-none-eabi/lib/thumb/v7-m/nofp\libg.a(libc_a-vfiprintf.o)
                0x08008f3c                _vfiprintf_r
 .text.__sbprintf
                0x08009854       0x80 C:/ST/STM32CubeCLT_1.18.0/GNU-tools-for-STM32/bin/../lib/gcc/arm-none-eabi/13.3.1/../../../../arm-none-eabi/lib/thumb/v7-m/nofp\libg.a(libc_a-vfiprintf.o)
 .text.__sprint_r
                0x080098d4       0x1a C:/ST/STM32CubeCLT_1.18.0/GNU-tools-for-STM32/bin/../lib/gcc/arm-none-eabi/13.3.1/../../../../arm-none-eabi/lib/thumb/v7-m/nofp\libg.a(libc_a-sprint_r.o)
                0x080098d4                __sprint_r
 *fill*         0x080098ee        0x2 
 .text.__sfvwrite_r
                0x080098f0      0x298 C:/ST/STM32CubeCLT_1.18.0/GNU-tools-for-STM32/bin/../lib/gcc/arm-none-eabi/13.3.1/../../../../arm-none-eabi/lib/thumb/v7-m/nofp\libg.a(libc_a-fvwrite.o)
                0x080098f0                __sfvwrite_r
 .text.__swsetup_r
                0x08009b88       0xac C:/ST/STM32CubeCLT_1.18.0/GNU-tools-for-STM32/bin/../lib/gcc/arm-none-eabi/13.3.1/../../../../arm-none-eabi/lib/thumb/v7-m/nofp\libg.a(libc_a-wsetup.o)
                0x08009b88                __swsetup_r
 .text.abort    0x08009c34        0xe C:/ST/STM32CubeCLT_1.18.0/GNU-tools-for-STM32/bin/../lib/gcc/arm-none-eabi/13.3.1/../../../../arm-none-eabi/lib/thumb/v7-m/nofp\libg.a(libc_a-abort.o)
                0x08009c34                abort
 .text._raise_r
                0x08009c42       0x52 C:/ST/STM32CubeCLT_1.18.0/GNU-tools-for-STM32/bin/../lib/gcc/arm-none-eabi/13.3.1/../../../../arm-none-eabi/lib/thumb/v7-m/nofp\libg.a(libc_a-signal.o)
                0x08009c42                _raise_r
 .text.raise    0x08009c94       0x10 C:/ST/STM32CubeCLT_1.18.0/GNU-tools-for-STM32/bin/../lib/gcc/arm-none-eabi/13.3.1/../../../../arm-none-eabi/lib/thumb/v7-m/nofp\libg.a(libc_a-signal.o)
                0x08009c94                raise
 .text._kill_r  0x08009ca4       0x24 C:/ST/STM32CubeCLT_1.18.0/GNU-tools-for-STM32/bin/../lib/gcc/arm-none-eabi/13.3.1/../../../../arm-none-eabi/lib/thumb/v7-m/nofp\libg.a(libc_a-signalr.o)
                0x08009ca4                _kill_r
 .text._getpid_r
                0x08009cc8        0x4 C:/ST/STM32CubeCLT_1.18.0/GNU-tools-for-STM32/bin/../lib/gcc/arm-none-eabi/13.3.1/../../../../arm-none-eabi/lib/thumb/v7-m/nofp\libg.a(libc_a-signalr.o)
                0x08009cc8                _getpid_r
 *(.glue_7)
 .glue_7        0x08009ccc        0x0 linker stubs
 *(.glue_7t)
 .glue_7t       0x08009ccc        0x0 linker stubs
 *(.eh_frame)
 .eh_frame      0x08009ccc        0x0 C:/ST/STM32CubeCLT_1.18.0/GNU-tools-for-STM32/bin/../lib/gcc/arm-none-eabi/13.3.1/thumb/v7-m/nofp/crtbegin.o
 *(.init)
 .init          0x08009ccc        0x4 C:/ST/STM32CubeCLT_1.18.0/GNU-tools-for-STM32/bin/../lib/gcc/arm-none-eabi/13.3.1/thumb/v7-m/nofp/crti.o
                0x08009ccc                _init
 .init          0x08009cd0        0x8 C:/ST/STM32CubeCLT_1.18.0/GNU-tools-for-STM32/bin/../lib/gcc/arm-none-eabi/13.3.1/thumb/v7-m/nofp/crtn.o
 *(.fini)
 .fini          0x08009cd8        0x4 C:/ST/STM32CubeCLT_1.18.0/GNU-tools-for-STM32/bin/../lib/gcc/arm-none-eabi/13.3.1/thumb/v7-m/nofp/crti.o
                0x08009cd8                _fini
 .fini          0x08009cdc        0x8 C:/ST/STM32CubeCLT_1.18.0/GNU-tools-for-STM32/bin/../lib/gcc/arm-none-eabi/13.3.1/thumb/v7-m/nofp/crtn.o
                0x08009ce4                        . = ALIGN (0x4)
                0x08009ce4                        _etext = .

.vfp11_veneer   0x08009ce4        0x0
 .vfp11_veneer  0x08009ce4        0x0 linker stubs

.v4_bx          0x08009ce4        0x0
 .v4_bx         0x08009ce4        0x0 linker stubs

.iplt           0x08009ce4        0x0
 .iplt          0x08009ce4        0x0 C:/ST/STM32CubeCLT_1.18.0/GNU-tools-for-STM32/bin/../lib/gcc/arm-none-eabi/13.3.1/thumb/v7-m/nofp/crtbegin.o

.rodata         0x08009ce8     0x1ddc
                0x08009ce8                        . = ALIGN (0x4)
 *(.rodata)
 *(.rodata*)
 .rodata.messageDisplayFont12x12
                0x08009ce8       0x10 CMakeFiles/PWMToControlVoltageV4.elf.dir/Core/Src/font.c.obj
                0x08009ce8                messageDisplayFont12x12
 .rodata.messageDisplay
                0x08009cf8       0x70 CMakeFiles/PWMToControlVoltageV4.elf.dir/Core/Src/font.c.obj
                0x08009cf8                messageDisplay
 .rodata.sawtoothImg45x45
                0x08009d68        0x8 CMakeFiles/PWMToControlVoltageV4.elf.dir/Core/Src/font.c.obj
                0x08009d68                sawtoothImg45x45
 .rodata.sawtoothData
                0x08009d70      0x10e CMakeFiles/PWMToControlVoltageV4.elf.dir/Core/Src/font.c.obj
                0x08009d70                sawtoothData
 *fill*         0x08009e7e        0x2 
 .rodata.sinImg
                0x08009e80        0x8 CMakeFiles/PWMToControlVoltageV4.elf.dir/Core/Src/font.c.obj
                0x08009e80                sinImg
 .rodata.sinData
                0x08009e88       0xc8 CMakeFiles/PWMToControlVoltageV4.elf.dir/Core/Src/font.c.obj
                0x08009e88                sinData
 .rodata.DCImgFont45x45
                0x08009f50        0x8 CMakeFiles/PWMToControlVoltageV4.elf.dir/Core/Src/font.c.obj
                0x08009f50                DCImgFont45x45
 .rodata.DCData
                0x08009f58      0x10e CMakeFiles/PWMToControlVoltageV4.elf.dir/Core/Src/font.c.obj
                0x08009f58                DCData
 *fill*         0x0800a066        0x2 
 .rodata.DCoutputValueFont12x12
                0x0800a068       0x10 CMakeFiles/PWMToControlVoltageV4.elf.dir/Core/Src/font.c.obj
                0x0800a068                DCoutputValueFont12x12
 .rodata.DCoutputValue
                0x0800a078       0x70 CMakeFiles/PWMToControlVoltageV4.elf.dir/Core/Src/font.c.obj
                0x0800a078                DCoutputValue
 .rodata.selectOutputTypeFont
                0x0800a0e8       0x10 CMakeFiles/PWMToControlVoltageV4.elf.dir/Core/Src/font.c.obj
                0x0800a0e8                selectOutputTypeFont
 .rodata.selectOutputType
                0x0800a0f8       0xc4 CMakeFiles/PWMToControlVoltageV4.elf.dir/Core/Src/font.c.obj
                0x0800a0f8                selectOutputType
 .rodata.font12x12
                0x0800a1bc       0x10 CMakeFiles/PWMToControlVoltageV4.elf.dir/Core/Src/font.c.obj
                0x0800a1bc                font12x12
 .rodata.zh12x12
                0x0800a1cc      0x150 CMakeFiles/PWMToControlVoltageV4.elf.dir/Core/Src/font.c.obj
                0x0800a1cc                zh12x12
 .rodata.font16x16
                0x0800a31c       0x10 CMakeFiles/PWMToControlVoltageV4.elf.dir/Core/Src/font.c.obj
                0x0800a31c                font16x16
 .rodata.zh16x16
                0x0800a32c       0xfc CMakeFiles/PWMToControlVoltageV4.elf.dir/Core/Src/font.c.obj
                0x0800a32c                zh16x16
 .rodata.afont16x8
                0x0800a428        0x8 CMakeFiles/PWMToControlVoltageV4.elf.dir/Core/Src/font.c.obj
                0x0800a428                afont16x8
 .rodata.ascii_16x8
                0x0800a430      0x5f0 CMakeFiles/PWMToControlVoltageV4.elf.dir/Core/Src/font.c.obj
                0x0800a430                ascii_16x8
 .rodata.afont12x6
                0x0800aa20        0x8 CMakeFiles/PWMToControlVoltageV4.elf.dir/Core/Src/font.c.obj
                0x0800aa20                afont12x6
 .rodata.ascii_12x6
                0x0800aa28      0x474 CMakeFiles/PWMToControlVoltageV4.elf.dir/Core/Src/font.c.obj
                0x0800aa28                ascii_12x6
 .rodata.main.str1.4
                0x0800ae9c       0x66 CMakeFiles/PWMToControlVoltageV4.elf.dir/Core/Src/main.c.obj
 *fill*         0x0800af02        0x2 
 .rodata.modeSequence
                0x0800af04        0x4 CMakeFiles/PWMToControlVoltageV4.elf.dir/Core/Src/stm32f1xx_it.c.obj
                0x0800af04                modeSequence
 .rodata.APBPrescTable
                0x0800af08        0x8 CMakeFiles/PWMToControlVoltageV4.elf.dir/Core/Src/system_stm32f1xx.c.obj
                0x0800af08                APBPrescTable
 .rodata.AHBPrescTable
                0x0800af10       0x10 CMakeFiles/PWMToControlVoltageV4.elf.dir/Core/Src/system_stm32f1xx.c.obj
                0x0800af10                AHBPrescTable
 .rodata.aPredivFactorTable.0
                0x0800af20        0x2 CMakeFiles/PWMToControlVoltageV4.elf.dir/Drivers/STM32F1xx_HAL_Driver/Src/stm32f1xx_hal_rcc.c.obj
 *fill*         0x0800af22        0x2 
 .rodata.aPLLMULFactorTable.1
                0x0800af24       0x10 CMakeFiles/PWMToControlVoltageV4.elf.dir/Drivers/STM32F1xx_HAL_Driver/Src/stm32f1xx_hal_rcc.c.obj
 .rodata.sinTable_f32
                0x0800af34      0x804 bin_dsp/libCMSISDSP.a(arm_common_tables.c.obj)
                0x0800af34                sinTable_f32
 .rodata._svfprintf_r.str1.1
                0x0800b738      0x149 C:/ST/STM32CubeCLT_1.18.0/GNU-tools-for-STM32/bin/../lib/gcc/arm-none-eabi/13.3.1/../../../../arm-none-eabi/lib/thumb/v7-m/nofp\libg.a(libc_a-svfprintf.o)
                                 0x34 (size before relaxing)
 .rodata.zeroes.0
                0x0800b881       0x10 C:/ST/STM32CubeCLT_1.18.0/GNU-tools-for-STM32/bin/../lib/gcc/arm-none-eabi/13.3.1/../../../../arm-none-eabi/lib/thumb/v7-m/nofp\libg.a(libc_a-svfprintf.o)
 .rodata.blanks.1
                0x0800b891       0x10 C:/ST/STM32CubeCLT_1.18.0/GNU-tools-for-STM32/bin/../lib/gcc/arm-none-eabi/13.3.1/../../../../arm-none-eabi/lib/thumb/v7-m/nofp\libg.a(libc_a-svfprintf.o)
 .rodata._dtoa_r.str1.1
                0x0800b8a1       0x78 C:/ST/STM32CubeCLT_1.18.0/GNU-tools-for-STM32/bin/../lib/gcc/arm-none-eabi/13.3.1/../../../../arm-none-eabi/lib/thumb/v7-m/nofp\libg.a(libc_a-dtoa.o)
 .rodata.__multadd.str1.1
                0x0800b8a1       0x6a C:/ST/STM32CubeCLT_1.18.0/GNU-tools-for-STM32/bin/../lib/gcc/arm-none-eabi/13.3.1/../../../../arm-none-eabi/lib/thumb/v7-m/nofp\libg.a(libc_a-mprec.o)
 *fill*         0x0800b8a1        0x3 
 .rodata.p05.0  0x0800b8a4        0xc C:/ST/STM32CubeCLT_1.18.0/GNU-tools-for-STM32/bin/../lib/gcc/arm-none-eabi/13.3.1/../../../../arm-none-eabi/lib/thumb/v7-m/nofp\libg.a(libc_a-mprec.o)
 .rodata.__mprec_bigtens
                0x0800b8b0       0x28 C:/ST/STM32CubeCLT_1.18.0/GNU-tools-for-STM32/bin/../lib/gcc/arm-none-eabi/13.3.1/../../../../arm-none-eabi/lib/thumb/v7-m/nofp\libg.a(libc_a-mprec.o)
                0x0800b8b0                __mprec_bigtens
 .rodata.__mprec_tens
                0x0800b8d8       0xc8 C:/ST/STM32CubeCLT_1.18.0/GNU-tools-for-STM32/bin/../lib/gcc/arm-none-eabi/13.3.1/../../../../arm-none-eabi/lib/thumb/v7-m/nofp\libg.a(libc_a-mprec.o)
                0x0800b8d8                __mprec_tens
 .rodata._setlocale_r.str1.1
                0x0800b9a0        0x9 C:/ST/STM32CubeCLT_1.18.0/GNU-tools-for-STM32/bin/../lib/gcc/arm-none-eabi/13.3.1/../../../../arm-none-eabi/lib/thumb/v7-m/nofp\libg.a(libc_a-locale.o)
 .rodata.str1.1
                0x0800b9a0        0x2 C:/ST/STM32CubeCLT_1.18.0/GNU-tools-for-STM32/bin/../lib/gcc/arm-none-eabi/13.3.1/../../../../arm-none-eabi/lib/thumb/v7-m/nofp\libg.a(libc_a-locale.o)
 .rodata.__assert_func.str1.1
                0x0800b9a0       0x3d C:/ST/STM32CubeCLT_1.18.0/GNU-tools-for-STM32/bin/../lib/gcc/arm-none-eabi/13.3.1/../../../../arm-none-eabi/lib/thumb/v7-m/nofp\libg.a(libc_a-assert.o)
 .rodata._ctype_
                0x0800b9a0      0x101 C:/ST/STM32CubeCLT_1.18.0/GNU-tools-for-STM32/bin/../lib/gcc/arm-none-eabi/13.3.1/../../../../arm-none-eabi/lib/thumb/v7-m/nofp\libg.a(libc_a-ctype_.o)
                0x0800b9a0                _ctype_
 .rodata._vfiprintf_r.str1.1
                0x0800baa1       0x22 C:/ST/STM32CubeCLT_1.18.0/GNU-tools-for-STM32/bin/../lib/gcc/arm-none-eabi/13.3.1/../../../../arm-none-eabi/lib/thumb/v7-m/nofp\libg.a(libc_a-vfiprintf.o)
 .rodata.zeroes.0
                0x0800baa1       0x10 C:/ST/STM32CubeCLT_1.18.0/GNU-tools-for-STM32/bin/../lib/gcc/arm-none-eabi/13.3.1/../../../../arm-none-eabi/lib/thumb/v7-m/nofp\libg.a(libc_a-vfiprintf.o)
 .rodata.blanks.1
                0x0800bab1       0x10 C:/ST/STM32CubeCLT_1.18.0/GNU-tools-for-STM32/bin/../lib/gcc/arm-none-eabi/13.3.1/../../../../arm-none-eabi/lib/thumb/v7-m/nofp\libg.a(libc_a-vfiprintf.o)
                0x0800bac4                        . = ALIGN (0x4)
 *fill*         0x0800bac1        0x3 

.ARM.extab      0x0800bac4        0x0
                0x0800bac4                        . = ALIGN (0x4)
 *(.ARM.extab* .gnu.linkonce.armextab.*)
                0x0800bac4                        . = ALIGN (0x4)

.ARM            0x0800bac4        0x8
                0x0800bac4                        . = ALIGN (0x4)
                0x0800bac4                        __exidx_start = .
 *(.ARM.exidx*)
 .ARM.exidx     0x0800bac4        0x8 C:/ST/STM32CubeCLT_1.18.0/GNU-tools-for-STM32/bin/../lib/gcc/arm-none-eabi/13.3.1/../../../../arm-none-eabi/lib/thumb/v7-m/nofp\libg.a(libc_a-strlen.o)
 .ARM.exidx     0x0800bacc        0x0 C:/ST/STM32CubeCLT_1.18.0/GNU-tools-for-STM32/bin/../lib/gcc/arm-none-eabi/13.3.1/thumb/v7-m/nofp\libgcc.a(_udivmoddi4.o)
                                  0x8 (size before relaxing)
                0x0800bacc                        __exidx_end = .
                0x0800bacc                        . = ALIGN (0x4)

.preinit_array  0x0800bacc        0x0
                0x0800bacc                        . = ALIGN (0x4)
                0x0800bacc                        PROVIDE (__preinit_array_start = .)
 *(.preinit_array*)
                0x0800bacc                        PROVIDE (__preinit_array_end = .)
                0x0800bacc                        . = ALIGN (0x4)

.init_array     0x0800bacc        0x8
                0x0800bacc                        . = ALIGN (0x4)
                0x0800bacc                        PROVIDE (__init_array_start = .)
 *(SORT_BY_NAME(.init_array.*))
 .init_array.00000
                0x0800bacc        0x4 C:/ST/STM32CubeCLT_1.18.0/GNU-tools-for-STM32/bin/../lib/gcc/arm-none-eabi/13.3.1/../../../../arm-none-eabi/lib/thumb/v7-m/nofp\libg.a(libc_a-__call_atexit.o)
 *(.init_array*)
 .init_array    0x0800bad0        0x4 C:/ST/STM32CubeCLT_1.18.0/GNU-tools-for-STM32/bin/../lib/gcc/arm-none-eabi/13.3.1/thumb/v7-m/nofp/crtbegin.o
                0x0800bad4                        PROVIDE (__init_array_end = .)
                0x0800bad4                        . = ALIGN (0x4)

.fini_array     0x0800bad4        0x4
                0x0800bad4                        . = ALIGN (0x4)
                0x0800bad4                        PROVIDE (__fini_array_start = .)
 *(SORT_BY_NAME(.fini_array.*))
 *(.fini_array*)
 .fini_array    0x0800bad4        0x4 C:/ST/STM32CubeCLT_1.18.0/GNU-tools-for-STM32/bin/../lib/gcc/arm-none-eabi/13.3.1/thumb/v7-m/nofp/crtbegin.o
                0x0800bad8                        PROVIDE (__fini_array_end = .)
                0x0800bad8                        . = ALIGN (0x4)
                0x0800bad8                        _sidata = LOADADDR (.data)

.rel.dyn        0x0800bad8        0x0
 .rel.iplt      0x0800bad8        0x0 C:/ST/STM32CubeCLT_1.18.0/GNU-tools-for-STM32/bin/../lib/gcc/arm-none-eabi/13.3.1/thumb/v7-m/nofp/crtbegin.o

.data           0x20000000      0x6e0 load address 0x0800bad8
                0x20000000                        . = ALIGN (0x4)
                0x20000000                        _sdata = .
 *(.data)
 *(.data*)
 .data.modeSelectFlag
                0x20000000        0x1 CMakeFiles/PWMToControlVoltageV4.elf.dir/Core/Src/stm32f1xx_it.c.obj
                0x20000000                modeSelectFlag
 *fill*         0x20000001        0x3 
 .data.SystemCoreClock
                0x20000004        0x4 CMakeFiles/PWMToControlVoltageV4.elf.dir/Core/Src/system_stm32f1xx.c.obj
                0x20000004                SystemCoreClock
 .data.uwTickFreq
                0x20000008        0x1 CMakeFiles/PWMToControlVoltageV4.elf.dir/Drivers/STM32F1xx_HAL_Driver/Src/stm32f1xx_hal.c.obj
                0x20000008                uwTickFreq
 *fill*         0x20000009        0x3 
 .data.uwTickPrio
                0x2000000c        0x4 CMakeFiles/PWMToControlVoltageV4.elf.dir/Drivers/STM32F1xx_HAL_Driver/Src/stm32f1xx_hal.c.obj
                0x2000000c                uwTickPrio
 .data.__sglue  0x20000010        0xc C:/ST/STM32CubeCLT_1.18.0/GNU-tools-for-STM32/bin/../lib/gcc/arm-none-eabi/13.3.1/../../../../arm-none-eabi/lib/thumb/v7-m/nofp\libg.a(libc_a-findfp.o)
                0x20000010                __sglue
 .data._impure_ptr
                0x2000001c        0x4 C:/ST/STM32CubeCLT_1.18.0/GNU-tools-for-STM32/bin/../lib/gcc/arm-none-eabi/13.3.1/../../../../arm-none-eabi/lib/thumb/v7-m/nofp\libg.a(libc_a-impure.o)
                0x2000001c                _impure_ptr
 .data._impure_data
                0x20000020      0x140 C:/ST/STM32CubeCLT_1.18.0/GNU-tools-for-STM32/bin/../lib/gcc/arm-none-eabi/13.3.1/../../../../arm-none-eabi/lib/thumb/v7-m/nofp\libg.a(libc_a-impure.o)
                0x20000020                _impure_data
 .data.__atexit_recursive_mutex
                0x20000160        0x4 C:/ST/STM32CubeCLT_1.18.0/GNU-tools-for-STM32/bin/../lib/gcc/arm-none-eabi/13.3.1/../../../../arm-none-eabi/lib/thumb/v7-m/nofp\libg.a(libc_a-__call_atexit.o)
                0x20000160                __atexit_recursive_mutex
 .data.__malloc_sbrk_base
                0x20000164        0x4 C:/ST/STM32CubeCLT_1.18.0/GNU-tools-for-STM32/bin/../lib/gcc/arm-none-eabi/13.3.1/../../../../arm-none-eabi/lib/thumb/v7-m/nofp\libg.a(libc_a-mallocr.o)
                0x20000164                __malloc_sbrk_base
 .data.__malloc_trim_threshold
                0x20000168        0x4 C:/ST/STM32CubeCLT_1.18.0/GNU-tools-for-STM32/bin/../lib/gcc/arm-none-eabi/13.3.1/../../../../arm-none-eabi/lib/thumb/v7-m/nofp\libg.a(libc_a-mallocr.o)
                0x20000168                __malloc_trim_threshold
 .data.__malloc_av_
                0x2000016c      0x408 C:/ST/STM32CubeCLT_1.18.0/GNU-tools-for-STM32/bin/../lib/gcc/arm-none-eabi/13.3.1/../../../../arm-none-eabi/lib/thumb/v7-m/nofp\libg.a(libc_a-mallocr.o)
                0x2000016c                __malloc_av_
 .data.__global_locale
                0x20000574      0x16c C:/ST/STM32CubeCLT_1.18.0/GNU-tools-for-STM32/bin/../lib/gcc/arm-none-eabi/13.3.1/../../../../arm-none-eabi/lib/thumb/v7-m/nofp\libg.a(libc_a-locale.o)
                0x20000574                __global_locale
 *(.RamFunc)
 *(.RamFunc*)
                0x200006e0                        . = ALIGN (0x4)
                0x200006e0                        _edata = .

.igot.plt       0x200006e0        0x0 load address 0x0800c1b8
 .igot.plt      0x200006e0        0x0 C:/ST/STM32CubeCLT_1.18.0/GNU-tools-for-STM32/bin/../lib/gcc/arm-none-eabi/13.3.1/thumb/v7-m/nofp/crtbegin.o
                0x200006e0                        . = ALIGN (0x4)

.bss            0x200006e0      0x994 load address 0x0800c1b8
                0x200006e0                        _sbss = .
                0x200006e0                        __bss_start__ = _sbss
 *(.bss)
 .bss           0x200006e0       0x1c C:/ST/STM32CubeCLT_1.18.0/GNU-tools-for-STM32/bin/../lib/gcc/arm-none-eabi/13.3.1/thumb/v7-m/nofp/crtbegin.o
 *(.bss*)
 .bss.hdma_i2c1_tx
                0x200006fc       0x44 CMakeFiles/PWMToControlVoltageV4.elf.dir/Core/Src/i2c.c.obj
                0x200006fc                hdma_i2c1_tx
 .bss.hdma_i2c1_rx
                0x20000740       0x44 CMakeFiles/PWMToControlVoltageV4.elf.dir/Core/Src/i2c.c.obj
                0x20000740                hdma_i2c1_rx
 .bss.hi2c1     0x20000784       0x54 CMakeFiles/PWMToControlVoltageV4.elf.dir/Core/Src/i2c.c.obj
                0x20000784                hi2c1
 .bss.message   0x200007d8       0x14 CMakeFiles/PWMToControlVoltageV4.elf.dir/Core/Src/main.c.obj
                0x200007d8                message
 .bss.temp.0    0x200007ec        0x1 CMakeFiles/PWMToControlVoltageV4.elf.dir/Core/Src/oled.c.obj
 .bss.temp.1    0x200007ed        0x1 CMakeFiles/PWMToControlVoltageV4.elf.dir/Core/Src/oled.c.obj
 *fill*         0x200007ee        0x2 
 .bss.sendBuffer.2
                0x200007f0       0x81 CMakeFiles/PWMToControlVoltageV4.elf.dir/Core/Src/oled.c.obj
 *fill*         0x20000871        0x3 
 .bss.sendBuffer.3
                0x20000874        0x2 CMakeFiles/PWMToControlVoltageV4.elf.dir/Core/Src/oled.c.obj
 *fill*         0x20000876        0x2 
 .bss.OLED_GRAM
                0x20000878      0x400 CMakeFiles/PWMToControlVoltageV4.elf.dir/Core/Src/oled.c.obj
                0x20000878                OLED_GRAM
 .bss.gHuart    0x20000c78        0x4 CMakeFiles/PWMToControlVoltageV4.elf.dir/Core/Src/retarget.c.obj
                0x20000c78                gHuart
 .bss.g_nPWM1   0x20000c7c        0x4 CMakeFiles/PWMToControlVoltageV4.elf.dir/Core/Src/stm32f1xx_it.c.obj
                0x20000c7c                g_nPWM1
 .bss.duty      0x20000c80        0x2 CMakeFiles/PWMToControlVoltageV4.elf.dir/Core/Src/stm32f1xx_it.c.obj
                0x20000c80                duty
 .bss.outputType
                0x20000c82        0x1 CMakeFiles/PWMToControlVoltageV4.elf.dir/Core/Src/stm32f1xx_it.c.obj
                0x20000c82                outputType
 *fill*         0x20000c83        0x1 
 .bss.inputSequence
                0x20000c84        0x4 CMakeFiles/PWMToControlVoltageV4.elf.dir/Core/Src/stm32f1xx_it.c.obj
                0x20000c84                inputSequence
 .bss.__sbrk_heap_end
                0x20000c88        0x4 CMakeFiles/PWMToControlVoltageV4.elf.dir/Core/Src/sysmem.c.obj
 .bss.htim2     0x20000c8c       0x48 CMakeFiles/PWMToControlVoltageV4.elf.dir/Core/Src/tim.c.obj
                0x20000c8c                htim2
 .bss.htim1     0x20000cd4       0x48 CMakeFiles/PWMToControlVoltageV4.elf.dir/Core/Src/tim.c.obj
                0x20000cd4                htim1
 .bss.huart1    0x20000d1c       0x48 CMakeFiles/PWMToControlVoltageV4.elf.dir/Core/Src/usart.c.obj
                0x20000d1c                huart1
 .bss.uwTick    0x20000d64        0x4 CMakeFiles/PWMToControlVoltageV4.elf.dir/Drivers/STM32F1xx_HAL_Driver/Src/stm32f1xx_hal.c.obj
                0x20000d64                uwTick
 .bss.__sf      0x20000d68      0x138 C:/ST/STM32CubeCLT_1.18.0/GNU-tools-for-STM32/bin/../lib/gcc/arm-none-eabi/13.3.1/../../../../arm-none-eabi/lib/thumb/v7-m/nofp\libg.a(libc_a-findfp.o)
                0x20000d68                __sf
 .bss.__stdio_exit_handler
                0x20000ea0        0x4 C:/ST/STM32CubeCLT_1.18.0/GNU-tools-for-STM32/bin/../lib/gcc/arm-none-eabi/13.3.1/../../../../arm-none-eabi/lib/thumb/v7-m/nofp\libg.a(libc_a-findfp.o)
                0x20000ea0                __stdio_exit_handler
 .bss.errno     0x20000ea4        0x4 C:/ST/STM32CubeCLT_1.18.0/GNU-tools-for-STM32/bin/../lib/gcc/arm-none-eabi/13.3.1/../../../../arm-none-eabi/lib/thumb/v7-m/nofp\libg.a(libc_a-reent.o)
                0x20000ea4                errno
 .bss.__lock___malloc_recursive_mutex
                0x20000ea8        0x1 C:/ST/STM32CubeCLT_1.18.0/GNU-tools-for-STM32/bin/../lib/gcc/arm-none-eabi/13.3.1/../../../../arm-none-eabi/lib/thumb/v7-m/nofp\libg.a(libc_a-lock.o)
                0x20000ea8                __lock___malloc_recursive_mutex
 .bss.__lock___atexit_recursive_mutex
                0x20000ea9        0x1 C:/ST/STM32CubeCLT_1.18.0/GNU-tools-for-STM32/bin/../lib/gcc/arm-none-eabi/13.3.1/../../../../arm-none-eabi/lib/thumb/v7-m/nofp\libg.a(libc_a-lock.o)
                0x20000ea9                __lock___atexit_recursive_mutex
 .bss.__lock___sfp_recursive_mutex
                0x20000eaa        0x1 C:/ST/STM32CubeCLT_1.18.0/GNU-tools-for-STM32/bin/../lib/gcc/arm-none-eabi/13.3.1/../../../../arm-none-eabi/lib/thumb/v7-m/nofp\libg.a(libc_a-lock.o)
                0x20000eaa                __lock___sfp_recursive_mutex
 *fill*         0x20000eab        0x1 
 .bss.__atexit  0x20000eac        0x4 C:/ST/STM32CubeCLT_1.18.0/GNU-tools-for-STM32/bin/../lib/gcc/arm-none-eabi/13.3.1/../../../../arm-none-eabi/lib/thumb/v7-m/nofp\libg.a(libc_a-__call_atexit.o)
                0x20000eac                __atexit
 .bss.__malloc_current_mallinfo
                0x20000eb0       0x28 C:/ST/STM32CubeCLT_1.18.0/GNU-tools-for-STM32/bin/../lib/gcc/arm-none-eabi/13.3.1/../../../../arm-none-eabi/lib/thumb/v7-m/nofp\libg.a(libc_a-mallocr.o)
                0x20000eb0                __malloc_current_mallinfo
 .bss.__malloc_max_total_mem
                0x20000ed8        0x4 C:/ST/STM32CubeCLT_1.18.0/GNU-tools-for-STM32/bin/../lib/gcc/arm-none-eabi/13.3.1/../../../../arm-none-eabi/lib/thumb/v7-m/nofp\libg.a(libc_a-mallocr.o)
                0x20000ed8                __malloc_max_total_mem
 .bss.__malloc_max_sbrked_mem
                0x20000edc        0x4 C:/ST/STM32CubeCLT_1.18.0/GNU-tools-for-STM32/bin/../lib/gcc/arm-none-eabi/13.3.1/../../../../arm-none-eabi/lib/thumb/v7-m/nofp\libg.a(libc_a-mallocr.o)
                0x20000edc                __malloc_max_sbrked_mem
 .bss.__malloc_top_pad
                0x20000ee0        0x4 C:/ST/STM32CubeCLT_1.18.0/GNU-tools-for-STM32/bin/../lib/gcc/arm-none-eabi/13.3.1/../../../../arm-none-eabi/lib/thumb/v7-m/nofp\libg.a(libc_a-mallocr.o)
                0x20000ee0                __malloc_top_pad
 .bss.__atexit0
                0x20000ee4      0x190 C:/ST/STM32CubeCLT_1.18.0/GNU-tools-for-STM32/bin/../lib/gcc/arm-none-eabi/13.3.1/../../../../arm-none-eabi/lib/thumb/v7-m/nofp\libg.a(libc_a-__atexit.o)
                0x20000ee4                __atexit0
 *(COMMON)
                0x20001074                        . = ALIGN (0x4)
                0x20001074                        _ebss = .
                0x20001074                        __bss_end__ = _ebss

._user_heap_stack
                0x20001074      0x604 load address 0x0800c1b8
                0x20001078                        . = ALIGN (0x8)
 *fill*         0x20001074        0x4 
                [!provide]                        PROVIDE (end = .)
                0x20001078                        PROVIDE (_end = .)
                0x20001278                        . = (. + _Min_Heap_Size)
 *fill*         0x20001078      0x200 
                0x20001678                        . = (. + _Min_Stack_Size)
 *fill*         0x20001278      0x400 
                0x20001678                        . = ALIGN (0x8)

/DISCARD/
 libc.a(*)
 libm.a(*)
 libgcc.a(*)

.ARM.attributes
                0x00000000       0x29
 *(.ARM.attributes)
 .ARM.attributes
                0x00000000       0x1d C:/ST/STM32CubeCLT_1.18.0/GNU-tools-for-STM32/bin/../lib/gcc/arm-none-eabi/13.3.1/thumb/v7-m/nofp/crti.o
 .ARM.attributes
                0x0000001d       0x2d C:/ST/STM32CubeCLT_1.18.0/GNU-tools-for-STM32/bin/../lib/gcc/arm-none-eabi/13.3.1/thumb/v7-m/nofp/crtbegin.o
 .ARM.attributes
                0x0000004a       0x21 CMakeFiles/PWMToControlVoltageV4.elf.dir/CMSIS-DSP/Startup/startup_stm32f103c8tx.s.obj
 .ARM.attributes
                0x0000006b       0x2d CMakeFiles/PWMToControlVoltageV4.elf.dir/Core/Src/dma.c.obj
 .ARM.attributes
                0x00000098       0x2d CMakeFiles/PWMToControlVoltageV4.elf.dir/Core/Src/font.c.obj
 .ARM.attributes
                0x000000c5       0x2d CMakeFiles/PWMToControlVoltageV4.elf.dir/Core/Src/gpio.c.obj
 .ARM.attributes
                0x000000f2       0x2d CMakeFiles/PWMToControlVoltageV4.elf.dir/Core/Src/i2c.c.obj
 .ARM.attributes
                0x0000011f       0x2d CMakeFiles/PWMToControlVoltageV4.elf.dir/Core/Src/main.c.obj
 .ARM.attributes
                0x0000014c       0x2d CMakeFiles/PWMToControlVoltageV4.elf.dir/Core/Src/oled.c.obj
 .ARM.attributes
                0x00000179       0x2d CMakeFiles/PWMToControlVoltageV4.elf.dir/Core/Src/retarget.c.obj
 .ARM.attributes
                0x000001a6       0x2d CMakeFiles/PWMToControlVoltageV4.elf.dir/Core/Src/stm32f1xx_hal_msp.c.obj
 .ARM.attributes
                0x000001d3       0x2d CMakeFiles/PWMToControlVoltageV4.elf.dir/Core/Src/stm32f1xx_it.c.obj
 .ARM.attributes
                0x00000200       0x2d CMakeFiles/PWMToControlVoltageV4.elf.dir/Core/Src/syscalls.c.obj
 .ARM.attributes
                0x0000022d       0x2d CMakeFiles/PWMToControlVoltageV4.elf.dir/Core/Src/sysmem.c.obj
 .ARM.attributes
                0x0000025a       0x2d CMakeFiles/PWMToControlVoltageV4.elf.dir/Core/Src/system_stm32f1xx.c.obj
 .ARM.attributes
                0x00000287       0x2d CMakeFiles/PWMToControlVoltageV4.elf.dir/Core/Src/tim.c.obj
 .ARM.attributes
                0x000002b4       0x2d CMakeFiles/PWMToControlVoltageV4.elf.dir/Core/Src/usart.c.obj
 .ARM.attributes
                0x000002e1       0x2d CMakeFiles/PWMToControlVoltageV4.elf.dir/Drivers/STM32F1xx_HAL_Driver/Src/stm32f1xx_hal.c.obj
 .ARM.attributes
                0x0000030e       0x2d CMakeFiles/PWMToControlVoltageV4.elf.dir/Drivers/STM32F1xx_HAL_Driver/Src/stm32f1xx_hal_cortex.c.obj
 .ARM.attributes
                0x0000033b       0x2d CMakeFiles/PWMToControlVoltageV4.elf.dir/Drivers/STM32F1xx_HAL_Driver/Src/stm32f1xx_hal_dma.c.obj
 .ARM.attributes
                0x00000368       0x2d CMakeFiles/PWMToControlVoltageV4.elf.dir/Drivers/STM32F1xx_HAL_Driver/Src/stm32f1xx_hal_gpio.c.obj
 .ARM.attributes
                0x00000395       0x2d CMakeFiles/PWMToControlVoltageV4.elf.dir/Drivers/STM32F1xx_HAL_Driver/Src/stm32f1xx_hal_i2c.c.obj
 .ARM.attributes
                0x000003c2       0x2d CMakeFiles/PWMToControlVoltageV4.elf.dir/Drivers/STM32F1xx_HAL_Driver/Src/stm32f1xx_hal_rcc.c.obj
 .ARM.attributes
                0x000003ef       0x2d CMakeFiles/PWMToControlVoltageV4.elf.dir/Drivers/STM32F1xx_HAL_Driver/Src/stm32f1xx_hal_tim.c.obj
 .ARM.attributes
                0x0000041c       0x2d CMakeFiles/PWMToControlVoltageV4.elf.dir/Drivers/STM32F1xx_HAL_Driver/Src/stm32f1xx_hal_tim_ex.c.obj
 .ARM.attributes
                0x00000449       0x2d CMakeFiles/PWMToControlVoltageV4.elf.dir/Drivers/STM32F1xx_HAL_Driver/Src/stm32f1xx_hal_uart.c.obj
 .ARM.attributes
                0x00000476       0x2d bin_dsp/libCMSISDSP.a(arm_sin_f32.c.obj)
 .ARM.attributes
                0x000004a3       0x2d bin_dsp/libCMSISDSP.a(arm_common_tables.c.obj)
 .ARM.attributes
                0x000004d0       0x1d C:/ST/STM32CubeCLT_1.18.0/GNU-tools-for-STM32/bin/../lib/gcc/arm-none-eabi/13.3.1/thumb/v7-m/nofp\libgcc.a(_arm_mulsf3.o)
 .ARM.attributes
                0x000004ed       0x1d C:/ST/STM32CubeCLT_1.18.0/GNU-tools-for-STM32/bin/../lib/gcc/arm-none-eabi/13.3.1/thumb/v7-m/nofp\libgcc.a(_arm_addsubdf3.o)
 .ARM.attributes
                0x0000050a       0x1d C:/ST/STM32CubeCLT_1.18.0/GNU-tools-for-STM32/bin/../lib/gcc/arm-none-eabi/13.3.1/thumb/v7-m/nofp\libgcc.a(_arm_muldivdf3.o)
 .ARM.attributes
                0x00000527       0x1d C:/ST/STM32CubeCLT_1.18.0/GNU-tools-for-STM32/bin/../lib/gcc/arm-none-eabi/13.3.1/thumb/v7-m/nofp\libgcc.a(_arm_fixdfsi.o)
 .ARM.attributes
                0x00000544       0x1d C:/ST/STM32CubeCLT_1.18.0/GNU-tools-for-STM32/bin/../lib/gcc/arm-none-eabi/13.3.1/thumb/v7-m/nofp\libgcc.a(_arm_truncdfsf2.o)
 .ARM.attributes
                0x00000561       0x1d C:/ST/STM32CubeCLT_1.18.0/GNU-tools-for-STM32/bin/../lib/gcc/arm-none-eabi/13.3.1/thumb/v7-m/nofp\libgcc.a(_arm_addsubsf3.o)
 .ARM.attributes
                0x0000057e       0x1d C:/ST/STM32CubeCLT_1.18.0/GNU-tools-for-STM32/bin/../lib/gcc/arm-none-eabi/13.3.1/thumb/v7-m/nofp\libgcc.a(_arm_cmpsf2.o)
 .ARM.attributes