Archive member included to satisfy reference by file (symbol)

C:/ST/STM32CubeCLT_1.18.0/GNU-tools-for-STM32/bin/../lib/gcc/arm-none-eabi/13.3.1/../../../../arm-none-eabi/lib/thumb/v7-m/nofp\libc_nano.a(libc_a-exit.o)
                              C:/ST/STM32CubeCLT_1.18.0/GNU-tools-for-STM32/bin/../lib/gcc/arm-none-eabi/13.3.1/../../../../arm-none-eabi/lib/thumb/v7-m/nofp/crt0.o (exit)
C:/ST/STM32CubeCLT_1.18.0/GNU-tools-for-STM32/bin/../lib/gcc/arm-none-eabi/13.3.1/../../../../arm-none-eabi/lib/thumb/v7-m/nofp\libc_nano.a(libc_a-findfp.o)
                              C:/ST/STM32CubeCLT_1.18.0/GNU-tools-for-STM32/bin/../lib/gcc/arm-none-eabi/13.3.1/../../../../arm-none-eabi/lib/thumb/v7-m/nofp\libc_nano.a(libc_a-exit.o) (__stdio_exit_handler)
C:/ST/STM32CubeCLT_1.18.0/GNU-tools-for-STM32/bin/../lib/gcc/arm-none-eabi/13.3.1/../../../../arm-none-eabi/lib/thumb/v7-m/nofp\libc_nano.a(libc_a-fwalk.o)
                              C:/ST/STM32CubeCLT_1.18.0/GNU-tools-for-STM32/bin/../lib/gcc/arm-none-eabi/13.3.1/../../../../arm-none-eabi/lib/thumb/v7-m/nofp\libc_nano.a(libc_a-findfp.o) (_fwalk_sglue)
C:/ST/STM32CubeCLT_1.18.0/GNU-tools-for-STM32/bin/../lib/gcc/arm-none-eabi/13.3.1/../../../../arm-none-eabi/lib/thumb/v7-m/nofp\libc_nano.a(libc_a-stdio.o)
                              C:/ST/STM32CubeCLT_1.18.0/GNU-tools-for-STM32/bin/../lib/gcc/arm-none-eabi/13.3.1/../../../../arm-none-eabi/lib/thumb/v7-m/nofp\libc_nano.a(libc_a-findfp.o) (__sread)
C:/ST/STM32CubeCLT_1.18.0/GNU-tools-for-STM32/bin/../lib/gcc/arm-none-eabi/13.3.1/../../../../arm-none-eabi/lib/thumb/v7-m/nofp\libc_nano.a(libc_a-memset.o)
                              C:/ST/STM32CubeCLT_1.18.0/GNU-tools-for-STM32/bin/../lib/gcc/arm-none-eabi/13.3.1/../../../../arm-none-eabi/lib/thumb/v7-m/nofp/crt0.o (memset)
C:/ST/STM32CubeCLT_1.18.0/GNU-tools-for-STM32/bin/../lib/gcc/arm-none-eabi/13.3.1/../../../../arm-none-eabi/lib/thumb/v7-m/nofp\libc_nano.a(libc_a-closer.o)
                              C:/ST/STM32CubeCLT_1.18.0/GNU-tools-for-STM32/bin/../lib/gcc/arm-none-eabi/13.3.1/../../../../arm-none-eabi/lib/thumb/v7-m/nofp\libc_nano.a(libc_a-stdio.o) (_close_r)
C:/ST/STM32CubeCLT_1.18.0/GNU-tools-for-STM32/bin/../lib/gcc/arm-none-eabi/13.3.1/../../../../arm-none-eabi/lib/thumb/v7-m/nofp\libc_nano.a(libc_a-reent.o)
                              C:/ST/STM32CubeCLT_1.18.0/GNU-tools-for-STM32/bin/../lib/gcc/arm-none-eabi/13.3.1/../../../../arm-none-eabi/lib/thumb/v7-m/nofp\libc_nano.a(libc_a-closer.o) (errno)
C:/ST/STM32CubeCLT_1.18.0/GNU-tools-for-STM32/bin/../lib/gcc/arm-none-eabi/13.3.1/../../../../arm-none-eabi/lib/thumb/v7-m/nofp\libc_nano.a(libc_a-impure.o)
                              C:/ST/STM32CubeCLT_1.18.0/GNU-tools-for-STM32/bin/../lib/gcc/arm-none-eabi/13.3.1/../../../../arm-none-eabi/lib/thumb/v7-m/nofp\libc_nano.a(libc_a-reent.o) (_impure_ptr)
C:/ST/STM32CubeCLT_1.18.0/GNU-tools-for-STM32/bin/../lib/gcc/arm-none-eabi/13.3.1/../../../../arm-none-eabi/lib/thumb/v7-m/nofp\libc_nano.a(libc_a-lseekr.o)
                              C:/ST/STM32CubeCLT_1.18.0/GNU-tools-for-STM32/bin/../lib/gcc/arm-none-eabi/13.3.1/../../../../arm-none-eabi/lib/thumb/v7-m/nofp\libc_nano.a(libc_a-stdio.o) (_lseek_r)
C:/ST/STM32CubeCLT_1.18.0/GNU-tools-for-STM32/bin/../lib/gcc/arm-none-eabi/13.3.1/../../../../arm-none-eabi/lib/thumb/v7-m/nofp\libc_nano.a(libc_a-readr.o)
                              C:/ST/STM32CubeCLT_1.18.0/GNU-tools-for-STM32/bin/../lib/gcc/arm-none-eabi/13.3.1/../../../../arm-none-eabi/lib/thumb/v7-m/nofp\libc_nano.a(libc_a-stdio.o) (_read_r)
C:/ST/STM32CubeCLT_1.18.0/GNU-tools-for-STM32/bin/../lib/gcc/arm-none-eabi/13.3.1/../../../../arm-none-eabi/lib/thumb/v7-m/nofp\libc_nano.a(libc_a-writer.o)
                              C:/ST/STM32CubeCLT_1.18.0/GNU-tools-for-STM32/bin/../lib/gcc/arm-none-eabi/13.3.1/../../../../arm-none-eabi/lib/thumb/v7-m/nofp\libc_nano.a(libc_a-stdio.o) (_write_r)
C:/ST/STM32CubeCLT_1.18.0/GNU-tools-for-STM32/bin/../lib/gcc/arm-none-eabi/13.3.1/../../../../arm-none-eabi/lib/thumb/v7-m/nofp\libc_nano.a(libc_a-init.o)
                              C:/ST/STM32CubeCLT_1.18.0/GNU-tools-for-STM32/bin/../lib/gcc/arm-none-eabi/13.3.1/../../../../arm-none-eabi/lib/thumb/v7-m/nofp/crt0.o (__libc_init_array)
C:/ST/STM32CubeCLT_1.18.0/GNU-tools-for-STM32/bin/../lib/gcc/arm-none-eabi/13.3.1/../../../../arm-none-eabi/lib/thumb/v7-m/nofp\libc_nano.a(libc_a-lock.o)
                              C:/ST/STM32CubeCLT_1.18.0/GNU-tools-for-STM32/bin/../lib/gcc/arm-none-eabi/13.3.1/../../../../arm-none-eabi/lib/thumb/v7-m/nofp\libc_nano.a(libc_a-findfp.o) (__retarget_lock_init_recursive)
C:/ST/STM32CubeCLT_1.18.0/GNU-tools-for-STM32/bin/../lib/gcc/arm-none-eabi/13.3.1/../../../../arm-none-eabi/lib/thumb/v7-m/nofp\libc_nano.a(libc_a-freer.o)
                              C:/ST/STM32CubeCLT_1.18.0/GNU-tools-for-STM32/bin/../lib/gcc/arm-none-eabi/13.3.1/../../../../arm-none-eabi/lib/thumb/v7-m/nofp\libc_nano.a(libc_a-reent.o) (_free_r)
[...]
Memory Configuration

Name             Origin             Length             Attributes
RAM              0x20000000         0x00005000         xrw
FLASH            0x08000000         0x00010000         xr
*default*        0x00000000         0xffffffff

Linker script and memory map

LOAD C:/ST/STM32CubeCLT_1.18.0/GNU-tools-for-STM32/bin/../lib/gcc/arm-none-eabi/13.3.1/thumb/v7-m/nofp/crti.o
LOAD C:/ST/STM32CubeCLT_1.18.0/GNU-tools-for-STM32/bin/../lib/gcc/arm-none-eabi/13.3.1/thumb/v7-m/nofp/crtbegin.o
LOAD C:/ST/STM32CubeCLT_1.18.0/GNU-tools-for-STM32/bin/../lib/gcc/arm-none-eabi/13.3.1/../../../../arm-none-eabi/lib/thumb/v7-m/nofp/crt0.o
START GROUP
LOAD C:/ST/STM32CubeCLT_1.18.0/GNU-tools-for-STM32/bin/../lib/gcc/arm-none-eabi/13.3.1/../../../../arm-none-eabi/lib/thumb/v7-m/nofp\libc_nano.a
LOAD C:/ST/STM32CubeCLT_1.18.0/GNU-tools-for-STM32/bin/../lib/gcc/arm-none-eabi/13.3.1/../../../../arm-none-eabi/lib/thumb/v7-m/nofp\libm.a
END GROUP
LOAD cmake/stm32cubemx/CMakeFiles/STM32_Drivers.dir/__/__/Core/Src/system_stm32f1xx.c.obj
LOAD cmake/stm32cubemx/CMakeFiles/STM32_Drivers.dir/__/__/Drivers/STM32F1xx_HAL_Driver/Src/stm32f1xx_hal_gpio_ex.c.obj
LOAD cmake/stm32cubemx/CMakeFiles/STM32_Drivers.dir/__/__/Drivers/STM32F1xx_HAL_Driver/Src/stm32f1xx_hal_i2c.c.obj
LOAD cmake/stm32cubemx/CMakeFiles/STM32_Drivers.dir/__/__/Drivers/STM32F1xx_HAL_Driver/Src/stm32f1xx_hal.c.obj
LOAD cmake/stm32cubemx/CMakeFiles/STM32_Drivers.dir/__/__/Drivers/STM32F1xx_HAL_Driver/Src/stm32f1xx_hal_rcc.c.obj
LOAD cmake/stm32cubemx/CMakeFiles/STM32_Drivers.dir/__/__/Drivers/STM32F1xx_HAL_Driver/Src/stm32f1xx_hal_rcc_ex.c.obj
LOAD cmake/stm32cubemx/CMakeFiles/STM32_Drivers.dir/__/__/Drivers/STM32F1xx_HAL_Driver/Src/stm32f1xx_hal_gpio.c.obj
LOAD cmake/stm32cubemx/CMakeFiles/STM32_Drivers.dir/__/__/Drivers/STM32F1xx_HAL_Driver/Src/stm32f1xx_hal_dma.c.obj
LOAD cmake/stm32cubemx/CMakeFiles/STM32_Drivers.dir/__/__/Drivers/STM32F1xx_HAL_Driver/Src/stm32f1xx_hal_cortex.c.obj
LOAD cmake/stm32cubemx/CMakeFiles/STM32_Drivers.dir/__/__/Drivers/STM32F1xx_HAL_Driver/Src/stm32f1xx_hal_pwr.c.obj
LOAD cmake/stm32cubemx/CMakeFiles/STM32_Drivers.dir/__/__/Drivers/STM32F1xx_HAL_Driver/Src/stm32f1xx_hal_flash.c.obj
LOAD cmake/stm32cubemx/CMakeFiles/STM32_Drivers.dir/__/__/Drivers/STM32F1xx_HAL_Driver/Src/stm32f1xx_hal_flash_ex.c.obj
LOAD cmake/stm32cubemx/CMakeFiles/STM32_Drivers.dir/__/__/Drivers/STM32F1xx_HAL_Driver/Src/stm32f1xx_hal_exti.c.obj
LOAD cmake/stm32cubemx/CMakeFiles/STM32_Drivers.dir/__/__/Drivers/STM32F1xx_HAL_Driver/Src/stm32f1xx_hal_tim.c.obj
LOAD cmake/stm32cubemx/CMakeFiles/STM32_Drivers.dir/__/__/Drivers/STM32F1xx_HAL_Driver/Src/stm32f1xx_hal_tim_ex.c.obj
LOAD cmake/stm32cubemx/CMakeFiles/STM32_Drivers.dir/__/__/Drivers/STM32F1xx_HAL_Driver/Src/stm32f1xx_hal_uart.c.obj
LOAD CMakeFiles/PWMToControlVoltageV4.dir/Core/Src/oled.c.obj
LOAD CMakeFiles/PWMToControlVoltageV4.dir/Core/Src/font.c.obj
LOAD CMakeFiles/PWMToControlVoltageV4.dir/Core/Src/retarget.c.obj
LOAD CMakeFiles/PWMToControlVoltageV4.dir/Core/Src/Dino.c.obj
LOAD CMakeFiles/PWMToControlVoltageV4.dir/Core/Src/main.c.obj
LOAD CMakeFiles/PWMToControlVoltageV4.dir/Core/Src/gpio.c.obj
LOAD CMakeFiles/PWMToControlVoltageV4.dir/Core/Src/dma.c.obj
LOAD CMakeFiles/PWMToControlVoltageV4.dir/Core/Src/i2c.c.obj
LOAD CMakeFiles/PWMToControlVoltageV4.dir/Core/Src/tim.c.obj
LOAD CMakeFiles/PWMToControlVoltageV4.dir/Core/Src/usart.c.obj
LOAD CMakeFiles/PWMToControlVoltageV4.dir/Core/Src/stm32f1xx_it.c.obj
LOAD CMakeFiles/PWMToControlVoltageV4.dir/Core/Src/stm32f1xx_hal_msp.c.obj
LOAD CMakeFiles/PWMToControlVoltageV4.dir/Core/Src/sysmem.c.obj
LOAD CMakeFiles/PWMToControlVoltageV4.dir/Core/Src/syscalls.c.obj
LOAD CMakeFiles/PWMToControlVoltageV4.dir/startup_stm32f103xb.s.obj
START GROUP
LOAD C:/ST/STM32CubeCLT_1.18.0/GNU-tools-for-STM32/bin/../lib/gcc/arm-none-eabi/13.3.1/thumb/v7-m/nofp\libgcc.a
LOAD C:/ST/STM32CubeCLT_1.18.0/GNU-tools-for-STM32/bin/../lib/gcc/arm-none-eabi/13.3.1/../../../../arm-none-eabi/lib/thumb/v7-m/nofp\libg_nano.a
LOAD C:/ST/STM32CubeCLT_1.18.0/GNU-tools-for-STM32/bin/../lib/gcc/arm-none-eabi/13.3.1/../../../../arm-none-eabi/lib/thumb/v7-m/nofp\libc_nano.a
END GROUP
START GROUP
LOAD C:/ST/STM32CubeCLT_1.18.0/GNU-tools-for-STM32/bin/../lib/gcc/arm-none-eabi/13.3.1/thumb/v7-m/nofp\libgcc.a
LOAD C:/ST/STM32CubeCLT_1.18.0/GNU-tools-for-STM32/bin/../lib/gcc/arm-none-eabi/13.3.1/../../../../arm-none-eabi/lib/thumb/v7-m/nofp\libc_nano.a
END GROUP
LOAD C:/ST/STM32CubeCLT_1.18.0/GNU-tools-for-STM32/bin/../lib/gcc/arm-none-eabi/13.3.1/thumb/v7-m/nofp/crtend.o
LOAD C:/ST/STM32CubeCLT_1.18.0/GNU-tools-for-STM32/bin/../lib/gcc/arm-none-eabi/13.3.1/thumb/v7-m/nofp/crtn.o
                0x20005000                        _estack = (ORIGIN (RAM) + LENGTH (RAM))
                0x00000200                        _Min_Heap_Size = 0x200
                0x00000400                        _Min_Stack_Size = 0x400

.isr_vector     0x08000000      0x10c
                0x08000000                        . = ALIGN (0x4)
 *(.isr_vector)
 .isr_vector    0x08000000      0x10c CMakeFiles/PWMToControlVoltageV4.dir/startup_stm32f103xb.s.obj
                0x08000000                g_pfnVectors
                0x0800010c                        . = ALIGN (0x4)

.text           0x0800010c     0x6c3c
                0x0800010c                        . = ALIGN (0x4)
 *(.text)
 .text          0x0800010c       0x40 C:/ST/STM32CubeCLT_1.18.0/GNU-tools-for-STM32/bin/../lib/gcc/arm-none-eabi/13.3.1/thumb/v7-m/nofp/crtbegin.o
 *(.text*)
 .text.memset   0x0800014c       0x10 C:/ST/STM32CubeCLT_1.18.0/GNU-tools-for-STM32/bin/../lib/gcc/arm-none-eabi/13.3.1/../../../../arm-none-eabi/lib/thumb/v7-m/nofp\libc_nano.a(libc_a-memset.o)
                0x0800014c                memset
 .text.__libc_init_array
                0x0800015c       0x48 C:/ST/STM32CubeCLT_1.18.0/GNU-tools-for-STM32/bin/../lib/gcc/arm-none-eabi/13.3.1/../../../../arm-none-eabi/lib/thumb/v7-m/nofp\libc_nano.a(libc_a-init.o)
                0x0800015c                __libc_init_array
 .text.__retarget_lock_acquire_recursive
                0x080001a4        0x2 C:/ST/STM32CubeCLT_1.18.0/GNU-tools-for-STM32/bin/../lib/gcc/arm-none-eabi/13.3.1/../../../../arm-none-eabi/lib/thumb/v7-m/nofp\libc_nano.a(libc_a-lock.o)
                0x080001a4                __retarget_lock_acquire_recursive
 .text.__retarget_lock_release_recursive
                0x080001a6        0x2 C:/ST/STM32CubeCLT_1.18.0/GNU-tools-for-STM32/bin/../lib/gcc/arm-none-eabi/13.3.1/../../../../arm-none-eabi/lib/thumb/v7-m/nofp\libc_nano.a(libc_a-lock.o)
                0x080001a6                __retarget_lock_release_recursive
 .text._free_r  0x080001a8       0x90 C:/ST/STM32CubeCLT_1.18.0/GNU-tools-for-STM32/bin/../lib/gcc/arm-none-eabi/13.3.1/../../../../arm-none-eabi/lib/thumb/v7-m/nofp\libc_nano.a(libc_a-freer.o)
                0x080001a8                _free_r
 .text.sbrk_aligned
                0x08000238       0x44 C:/ST/STM32CubeCLT_1.18.0/GNU-tools-for-STM32/bin/../lib/gcc/arm-none-eabi/13.3.1/../../../../arm-none-eabi/lib/thumb/v7-m/nofp\libc_nano.a(libc_a-mallocr.o)
 .text._malloc_r
                0x0800027c      0x100 C:/ST/STM32CubeCLT_1.18.0/GNU-tools-for-STM32/bin/../lib/gcc/arm-none-eabi/13.3.1/../../../../arm-none-eabi/lib/thumb/v7-m/nofp\libc_nano.a(libc_a-mallocr.o)
                0x0800027c                _malloc_r
 .text.__malloc_lock
                0x0800037c        0xc C:/ST/STM32CubeCLT_1.18.0/GNU-tools-for-STM32/bin/../lib/gcc/arm-none-eabi/13.3.1/../../../../arm-none-eabi/lib/thumb/v7-m/nofp\libc_nano.a(libc_a-mlock.o)
                0x0800037c                __malloc_lock
 .text.__malloc_unlock
                0x08000388        0xc C:/ST/STM32CubeCLT_1.18.0/GNU-tools-for-STM32/bin/../lib/gcc/arm-none-eabi/13.3.1/../../../../arm-none-eabi/lib/thumb/v7-m/nofp\libc_nano.a(libc_a-mlock.o)
                0x08000388                __malloc_unlock
 .text._sbrk_r  0x08000394       0x20 C:/ST/STM32CubeCLT_1.18.0/GNU-tools-for-STM32/bin/../lib/gcc/arm-none-eabi/13.3.1/../../../../arm-none-eabi/lib/thumb/v7-m/nofp\libc_nano.a(libc_a-sbrkr.o)
                0x08000394                _sbrk_r
 .text.SystemInit
                0x080003b4        0xc cmake/stm32cubemx/CMakeFiles/STM32_Drivers.dir/__/__/Core/Src/system_stm32f1xx.c.obj
                0x080003b4                SystemInit
 .text.HAL_I2C_Init
                0x080003c0      0x288 cmake/stm32cubemx/CMakeFiles/STM32_Drivers.dir/__/__/Drivers/STM32F1xx_HAL_Driver/Src/stm32f1xx_hal_i2c.c.obj
                0x080003c0                HAL_I2C_Init
 .text.I2C_Flush_DR
                0x08000648       0x28 cmake/stm32cubemx/CMakeFiles/STM32_Drivers.dir/__/__/Drivers/STM32F1xx_HAL_Driver/Src/stm32f1xx_hal_i2c.c.obj
 .text.HAL_I2C_Master_Transmit
                0x08000670      0x1fc cmake/stm32cubemx/CMakeFiles/STM32_Drivers.dir/__/__/Drivers/STM32F1xx_HAL_Driver/Src/stm32f1xx_hal_i2c.c.obj
                0x08000670                HAL_I2C_Master_Transmit
 .text.HAL_I2C_EV_IRQHandler
                0x0800086c      0x2e2 cmake/stm32cubemx/CMakeFiles/STM32_Drivers.dir/__/__/Drivers/STM32F1xx_HAL_Driver/Src/stm32f1xx_hal_i2c.c.obj
                0x0800086c                HAL_I2C_EV_IRQHandler
 .text.HAL_I2C_ER_IRQHandler
                0x08000b4e      0x15e cmake/stm32cubemx/CMakeFiles/STM32_Drivers.dir/__/__/Drivers/STM32F1xx_HAL_Driver/Src/stm32f1xx_hal_i2c.c.obj
                0x08000b4e                HAL_I2C_ER_IRQHandler
 .text.HAL_I2C_MasterTxCpltCallback
                0x08000cac       0x12 cmake/stm32cubemx/CMakeFiles/STM32_Drivers.dir/__/__/Drivers/STM32F1xx_HAL_Driver/Src/stm32f1xx_hal_i2c.c.obj
                0x08000cac                HAL_I2C_MasterTxCpltCallback
 .text.HAL_I2C_MasterRxCpltCallback
                0x08000cbe       0x12 cmake/stm32cubemx/CMakeFiles/STM32_Drivers.dir/__/__/Drivers/STM32F1xx_HAL_Driver/Src/stm32f1xx_hal_i2c.c.obj
                0x08000cbe                HAL_I2C_MasterRxCpltCallback
 .text.HAL_I2C_SlaveTxCpltCallback
                0x08000cd0       0x12 cmake/stm32cubemx/CMakeFiles/STM32_Drivers.dir/__/__/Drivers/STM32F1xx_HAL_Driver/Src/stm32f1xx_hal_i2c.c.obj
                0x08000cd0                HAL_I2C_SlaveTxCpltCallback
 .text.HAL_I2C_SlaveRxCpltCallback
                0x08000ce2       0x12 cmake/stm32cubemx/CMakeFiles/STM32_Drivers.dir/__/__/Drivers/STM32F1xx_HAL_Driver/Src/stm32f1xx_hal_i2c.c.obj
                0x08000ce2                HAL_I2C_SlaveRxCpltCallback
 .text.HAL_I2C_AddrCallback
                0x08000cf4       0x1a cmake/stm32cubemx/CMakeFiles/STM32_Drivers.dir/__/__/Drivers/STM32F1xx_HAL_Driver/Src/stm32f1xx_hal_i2c.c.obj
                0x08000cf4                HAL_I2C_AddrCallback
 .text.HAL_I2C_ListenCpltCallback
                0x08000d0e       0x12 cmake/stm32cubemx/CMakeFiles/STM32_Drivers.dir/__/__/Drivers/STM32F1xx_HAL_Driver/Src/stm32f1xx_hal_i2c.c.obj
                0x08000d0e                HAL_I2C_ListenCpltCallback
 .text.HAL_I2C_MemTxCpltCallback
                0x08000d20       0x12 cmake/stm32cubemx/CMakeFiles/STM32_Drivers.dir/__/__/Drivers/STM32F1xx_HAL_Driver/Src/stm32f1xx_hal_i2c.c.obj
                0x08000d20                HAL_I2C_MemTxCpltCallback
 .text.HAL_I2C_MemRxCpltCallback
                0x08000d32       0x12 cmake/stm32cubemx/CMakeFiles/STM32_Drivers.dir/__/__/Drivers/STM32F1xx_HAL_Driver/Src/stm32f1xx_hal_i2c.c.obj
                0x08000d32                HAL_I2C_MemRxCpltCallback
 .text.HAL_I2C_ErrorCallback
                0x08000d44       0x12 cmake/stm32cubemx/CMakeFiles/STM32_Drivers.dir/__/__/Drivers/STM32F1xx_HAL_Driver/Src/stm32f1xx_hal_i2c.c.obj
                0x08000d44                HAL_I2C_ErrorCallback
 .text.HAL_I2C_AbortCpltCallback
                0x08000d56       0x12 cmake/stm32cubemx/CMakeFiles/STM32_Drivers.dir/__/__/Drivers/STM32F1xx_HAL_Driver/Src/stm32f1xx_hal_i2c.c.obj
                0x08000d56                HAL_I2C_AbortCpltCallback
 .text.I2C_MasterTransmit_TXE
                0x08000d68      0x138 cmake/stm32cubemx/CMakeFiles/STM32_Drivers.dir/__/__/Drivers/STM32F1xx_HAL_Driver/Src/stm32f1xx_hal_i2c.c.obj
 .text.I2C_MasterTransmit_BTF
                0x08000ea0       0xec cmake/stm32cubemx/CMakeFiles/STM32_Drivers.dir/__/__/Drivers/STM32F1xx_HAL_Driver/Src/stm32f1xx_hal_i2c.c.obj
 .text.I2C_MemoryTransmit_TXE_BTF
                0x08000f8c      0x130 cmake/stm32cubemx/CMakeFiles/STM32_Drivers.dir/__/__/Drivers/STM32F1xx_HAL_Driver/Src/stm32f1xx_hal_i2c.c.obj
 .text.I2C_MasterReceive_RXNE
                0x080010bc      0x190 cmake/stm32cubemx/CMakeFiles/STM32_Drivers.dir/__/__/Drivers/STM32F1xx_HAL_Driver/Src/stm32f1xx_hal_i2c.c.obj
 .text.I2C_MasterReceive_BTF
                0x0800124c      0x1e2 cmake/stm32cubemx/CMakeFiles/STM32_Drivers.dir/__/__/Drivers/STM32F1xx_HAL_Driver/Src/stm32f1xx_hal_i2c.c.obj
 .text.I2C_Master_SB
                0x0800142e      0x10a cmake/stm32cubemx/CMakeFiles/STM32_Drivers.dir/__/__/Drivers/STM32F1xx_HAL_Driver/Src/stm32f1xx_hal_i2c.c.obj
 .text.I2C_Master_ADD10
                0x08001538       0x52 cmake/stm32cubemx/CMakeFiles/STM32_Drivers.dir/__/__/Drivers/STM32F1xx_HAL_Driver/Src/stm32f1xx_hal_i2c.c.obj
 .text.I2C_Master_ADDR
                0x0800158a      0x336 cmake/stm32cubemx/CMakeFiles/STM32_Drivers.dir/__/__/Drivers/STM32F1xx_HAL_Driver/Src/stm32f1xx_hal_i2c.c.obj
 .text.I2C_SlaveTransmit_TXE
                0x080018c0       0x7a cmake/stm32cubemx/CMakeFiles/STM32_Drivers.dir/__/__/Drivers/STM32F1xx_HAL_Driver/Src/stm32f1xx_hal_i2c.c.obj
 .text.I2C_SlaveTransmit_BTF
                0x0800193a       0x40 cmake/stm32cubemx/CMakeFiles/STM32_Drivers.dir/__/__/Drivers/STM32F1xx_HAL_Driver/Src/stm32f1xx_hal_i2c.c.obj
 .text.I2C_SlaveReceive_RXNE
                0x0800197a       0x7c cmake/stm32cubemx/CMakeFiles/STM32_Drivers.dir/__/__/Drivers/STM32F1xx_HAL_Driver/Src/stm32f1xx_hal_i2c.c.obj
 .text.I2C_SlaveReceive_BTF
                0x080019f6       0x42 cmake/stm32cubemx/CMakeFiles/STM32_Drivers.dir/__/__/Drivers/STM32F1xx_HAL_Driver/Src/stm32f1xx_hal_i2c.c.obj
 .text.I2C_Slave_ADDR
                0x08001a38       0x94 cmake/stm32cubemx/CMakeFiles/STM32_Drivers.dir/__/__/Drivers/STM32F1xx_HAL_Driver/Src/stm32f1xx_hal_i2c.c.obj
 .text.I2C_Slave_STOPF
                0x08001acc      0x260 cmake/stm32cubemx/CMakeFiles/STM32_Drivers.dir/__/__/Drivers/STM32F1xx_HAL_Driver/Src/stm32f1xx_hal_i2c.c.obj
 .text.I2C_Slave_AF
                0x08001d2c       0xe8 cmake/stm32cubemx/CMakeFiles/STM32_Drivers.dir/__/__/Drivers/STM32F1xx_HAL_Driver/Src/stm32f1xx_hal_i2c.c.obj
 .text.I2C_ITError
                0x08001e14      0x264 cmake/stm32cubemx/CMakeFiles/STM32_Drivers.dir/__/__/Drivers/STM32F1xx_HAL_Driver/Src/stm32f1xx_hal_i2c.c.obj
 .text.I2C_MasterRequestWrite
                0x08002078      0x104 cmake/stm32cubemx/CMakeFiles/STM32_Drivers.dir/__/__/Drivers/STM32F1xx_HAL_Driver/Src/stm32f1xx_hal_i2c.c.obj
 .text.I2C_DMAAbort
                0x0800217c      0x150 cmake/stm32cubemx/CMakeFiles/STM32_Drivers.dir/__/__/Drivers/STM32F1xx_HAL_Driver/Src/stm32f1xx_hal_i2c.c.obj
 .text.I2C_WaitOnFlagUntilTimeout
                0x080022cc       0xf4 cmake/stm32cubemx/CMakeFiles/STM32_Drivers.dir/__/__/Drivers/STM32F1xx_HAL_Driver/Src/stm32f1xx_hal_i2c.c.obj
 .text.I2C_WaitOnMasterAddressFlagUntilTimeout
                0x080023c0      0x140 cmake/stm32cubemx/CMakeFiles/STM32_Drivers.dir/__/__/Drivers/STM32F1xx_HAL_Driver/Src/stm32f1xx_hal_i2c.c.obj
 .text.I2C_WaitOnTXEFlagUntilTimeout
                0x08002500       0x90 cmake/stm32cubemx/CMakeFiles/STM32_Drivers.dir/__/__/Drivers/STM32F1xx_HAL_Driver/Src/stm32f1xx_hal_i2c.c.obj
 .text.I2C_WaitOnBTFFlagUntilTimeout
                0x08002590       0x90 cmake/stm32cubemx/CMakeFiles/STM32_Drivers.dir/__/__/Drivers/STM32F1xx_HAL_Driver/Src/stm32f1xx_hal_i2c.c.obj
 .text.I2C_WaitOnSTOPRequestThroughIT
                0x08002620       0x64 cmake/stm32cubemx/CMakeFiles/STM32_Drivers.dir/__/__/Drivers/STM32F1xx_HAL_Driver/Src/stm32f1xx_hal_i2c.c.obj
 .text.I2C_IsAcknowledgeFailed
                0x08002684       0x5c cmake/stm32cubemx/CMakeFiles/STM32_Drivers.dir/__/__/Drivers/STM32F1xx_HAL_Driver/Src/stm32f1xx_hal_i2c.c.obj
 .text.I2C_ConvertOtherXferOptions
                0x080026e0       0x34 cmake/stm32cubemx/CMakeFiles/STM32_Drivers.dir/__/__/Drivers/STM32F1xx_HAL_Driver/Src/stm32f1xx_hal_i2c.c.obj
 .text.HAL_Init
                0x08002714       0x2c cmake/stm32cubemx/CMakeFiles/STM32_Drivers.dir/__/__/Drivers/STM32F1xx_HAL_Driver/Src/stm32f1xx_hal.c.obj
                0x08002714                HAL_Init
 .text.HAL_InitTick
                0x08002740       0x60 cmake/stm32cubemx/CMakeFiles/STM32_Drivers.dir/__/__/Drivers/STM32F1xx_HAL_Driver/Src/stm32f1xx_hal.c.obj
                0x08002740                HAL_InitTick
 .text.HAL_IncTick
                0x080027a0       0x24 cmake/stm32cubemx/CMakeFiles/STM32_Drivers.dir/__/__/Drivers/STM32F1xx_HAL_Driver/Src/stm32f1xx_hal.c.obj
                0x080027a0                HAL_IncTick
 .text.HAL_GetTick
                0x080027c4       0x14 cmake/stm32cubemx/CMakeFiles/STM32_Drivers.dir/__/__/Drivers/STM32F1xx_HAL_Driver/Src/stm32f1xx_hal.c.obj
                0x080027c4                HAL_GetTick
 .text.HAL_Delay
                0x080027d8       0x48 cmake/stm32cubemx/CMakeFiles/STM32_Drivers.dir/__/__/Drivers/STM32F1xx_HAL_Driver/Src/stm32f1xx_hal.c.obj
                0x080027d8                HAL_Delay
 .text.HAL_RCC_OscConfig
                0x08002820      0x504 cmake/stm32cubemx/CMakeFiles/STM32_Drivers.dir/__/__/Drivers/STM32F1xx_HAL_Driver/Src/stm32f1xx_hal_rcc.c.obj
                0x08002820                HAL_RCC_OscConfig
 .text.HAL_RCC_ClockConfig
                0x08002d24      0x1d4 cmake/stm32cubemx/CMakeFiles/STM32_Drivers.dir/__/__/Drivers/STM32F1xx_HAL_Driver/Src/stm32f1xx_hal_rcc.c.obj
                0x08002d24                HAL_RCC_ClockConfig
 .text.HAL_RCC_GetSysClockFreq
                0x08002ef8       0xa8 cmake/stm32cubemx/CMakeFiles/STM32_Drivers.dir/__/__/Drivers/STM32F1xx_HAL_Driver/Src/stm32f1xx_hal_rcc.c.obj
                0x08002ef8                HAL_RCC_GetSysClockFreq
 .text.HAL_RCC_GetHCLKFreq
                0x08002fa0       0x14 cmake/stm32cubemx/CMakeFiles/STM32_Drivers.dir/__/__/Drivers/STM32F1xx_HAL_Driver/Src/stm32f1xx_hal_rcc.c.obj
                0x08002fa0                HAL_RCC_GetHCLKFreq
 .text.HAL_RCC_GetPCLK1Freq
                0x08002fb4       0x28 cmake/stm32cubemx/CMakeFiles/STM32_Drivers.dir/__/__/Drivers/STM32F1xx_HAL_Driver/Src/stm32f1xx_hal_rcc.c.obj
                0x08002fb4                HAL_RCC_GetPCLK1Freq
 .text.HAL_RCC_GetPCLK2Freq
                0x08002fdc       0x28 cmake/stm32cubemx/CMakeFiles/STM32_Drivers.dir/__/__/Drivers/STM32F1xx_HAL_Driver/Src/stm32f1xx_hal_rcc.c.obj
                0x08002fdc                HAL_RCC_GetPCLK2Freq
 .text.RCC_Delay
                0x08003004       0x3c cmake/stm32cubemx/CMakeFiles/STM32_Drivers.dir/__/__/Drivers/STM32F1xx_HAL_Driver/Src/stm32f1xx_hal_rcc.c.obj
 .text.HAL_GPIO_Init
                0x08003040      0x308 cmake/stm32cubemx/CMakeFiles/STM32_Drivers.dir/__/__/Drivers/STM32F1xx_HAL_Driver/Src/stm32f1xx_hal_gpio.c.obj
                0x08003040                HAL_GPIO_Init
 .text.HAL_GPIO_ReadPin
                0x08003348       0x2e cmake/stm32cubemx/CMakeFiles/STM32_Drivers.dir/__/__/Drivers/STM32F1xx_HAL_Driver/Src/stm32f1xx_hal_gpio.c.obj
                0x08003348                HAL_GPIO_ReadPin
 *fill*         0x08003376        0x2 
 .text.HAL_DMA_Init
                0x08003378       0xb4 cmake/stm32cubemx/CMakeFiles/STM32_Drivers.dir/__/__/Drivers/STM32F1xx_HAL_Driver/Src/stm32f1xx_hal_dma.c.obj
                0x08003378                HAL_DMA_Init
 .text.HAL_DMA_Abort_IT
                0x0800342c       0xf0 cmake/stm32cubemx/CMakeFiles/STM32_Drivers.dir/__/__/Drivers/STM32F1xx_HAL_Driver/Src/stm32f1xx_hal_dma.c.obj
                0x0800342c                HAL_DMA_Abort_IT
 .text.HAL_DMA_IRQHandler
                0x0800351c      0x20c cmake/stm32cubemx/CMakeFiles/STM32_Drivers.dir/__/__/Drivers/STM32F1xx_HAL_Driver/Src/stm32f1xx_hal_dma.c.obj
                0x0800351c                HAL_DMA_IRQHandler
 .text.HAL_DMA_GetState
                0x08003728       0x1a cmake/stm32cubemx/CMakeFiles/STM32_Drivers.dir/__/__/Drivers/STM32F1xx_HAL_Driver/Src/stm32f1xx_hal_dma.c.obj
                0x08003728                HAL_DMA_GetState
 *fill*         0x08003742        0x2 
 .text.__NVIC_SetPriorityGrouping
                0x08003744       0x48 cmake/stm32cubemx/CMakeFiles/STM32_Drivers.dir/__/__/Drivers/STM32F1xx_HAL_Driver/Src/stm32f1xx_hal_cortex.c.obj
 .text.__NVIC_GetPriorityGrouping
                0x0800378c       0x1c cmake/stm32cubemx/CMakeFiles/STM32_Drivers.dir/__/__/Drivers/STM32F1xx_HAL_Driver/Src/stm32f1xx_hal_cortex.c.obj
 .text.__NVIC_EnableIRQ
                0x080037a8       0x38 cmake/stm32cubemx/CMakeFiles/STM32_Drivers.dir/__/__/Drivers/STM32F1xx_HAL_Driver/Src/stm32f1xx_hal_cortex.c.obj
 .text.__NVIC_SetPriority
                0x080037e0       0x54 cmake/stm32cubemx/CMakeFiles/STM32_Drivers.dir/__/__/Drivers/STM32F1xx_HAL_Driver/Src/stm32f1xx_hal_cortex.c.obj
 .text.NVIC_EncodePriority
                0x08003834       0x64 cmake/stm32cubemx/CMakeFiles/STM32_Drivers.dir/__/__/Drivers/STM32F1xx_HAL_Driver/Src/stm32f1xx_hal_cortex.c.obj
 .text.SysTick_Config
                0x08003898       0x44 cmake/stm32cubemx/CMakeFiles/STM32_Drivers.dir/__/__/Drivers/STM32F1xx_HAL_Driver/Src/stm32f1xx_hal_cortex.c.obj
 .text.HAL_NVIC_SetPriorityGrouping
                0x080038dc       0x16 cmake/stm32cubemx/CMakeFiles/STM32_Drivers.dir/__/__/Drivers/STM32F1xx_HAL_Driver/Src/stm32f1xx_hal_cortex.c.obj
                0x080038dc                HAL_NVIC_SetPriorityGrouping
 .text.HAL_NVIC_SetPriority
                0x080038f2       0x38 cmake/stm32cubemx/CMakeFiles/STM32_Drivers.dir/__/__/Drivers/STM32F1xx_HAL_Driver/Src/stm32f1xx_hal_cortex.c.obj
                0x080038f2                HAL_NVIC_SetPriority
 .text.HAL_NVIC_EnableIRQ
                0x0800392a       0x1c cmake/stm32cubemx/CMakeFiles/STM32_Drivers.dir/__/__/Drivers/STM32F1xx_HAL_Driver/Src/stm32f1xx_hal_cortex.c.obj
                0x0800392a                HAL_NVIC_EnableIRQ
 .text.HAL_SYSTICK_Config
                0x08003946       0x18 cmake/stm32cubemx/CMakeFiles/STM32_Drivers.dir/__/__/Drivers/STM32F1xx_HAL_Driver/Src/stm32f1xx_hal_cortex.c.obj
                0x08003946                HAL_SYSTICK_Config
 .text.HAL_TIM_Base_Init
                0x0800395e       0x9e cmake/stm32cubemx/CMakeFiles/STM32_Drivers.dir/__/__/Drivers/STM32F1xx_HAL_Driver/Src/stm32f1xx_hal_tim.c.obj
                0x0800395e                HAL_TIM_Base_Init
 .text.HAL_TIM_Base_Start_IT
                0x080039fc       0xa4 cmake/stm32cubemx/CMakeFiles/STM32_Drivers.dir/__/__/Drivers/STM32F1xx_HAL_Driver/Src/stm32f1xx_hal_tim.c.obj
                0x080039fc                HAL_TIM_Base_Start_IT
 .text.HAL_TIM_Base_Stop_IT
                0x08003aa0       0x5c cmake/stm32cubemx/CMakeFiles/STM32_Drivers.dir/__/__/Drivers/STM32F1xx_HAL_Driver/Src/stm32f1xx_hal_tim.c.obj
                0x08003aa0                HAL_TIM_Base_Stop_IT
 .text.HAL_TIM_PWM_Init
                0x08003afc       0x9e cmake/stm32cubemx/CMakeFiles/STM32_Drivers.dir/__/__/Drivers/STM32F1xx_HAL_Driver/Src/stm32f1xx_hal_tim.c.obj
                0x08003afc                HAL_TIM_PWM_Init
 .text.HAL_TIM_PWM_MspInit
                0x08003b9a       0x12 cmake/stm32cubemx/CMakeFiles/STM32_Drivers.dir/__/__/Drivers/STM32F1xx_HAL_Driver/Src/stm32f1xx_hal_tim.c.obj
                0x08003b9a                HAL_TIM_PWM_MspInit
 .text.HAL_TIM_PWM_Start
                0x08003bac      0x144 cmake/stm32cubemx/CMakeFiles/STM32_Drivers.dir/__/__/Drivers/STM32F1xx_HAL_Driver/Src/stm32f1xx_hal_tim.c.obj
                0x08003bac                HAL_TIM_PWM_Start
 .text.HAL_TIM_PWM_Stop
                0x08003cf0       0xc8 cmake/stm32cubemx/CMakeFiles/STM32_Drivers.dir/__/__/Drivers/STM32F1xx_HAL_Driver/Src/stm32f1xx_hal_tim.c.obj
                0x08003cf0                HAL_TIM_PWM_Stop
 .text.HAL_TIM_IRQHandler
                0x08003db8      0x1e0 cmake/stm32cubemx/CMakeFiles/STM32_Drivers.dir/__/__/Drivers/STM32F1xx_HAL_Driver/Src/stm32f1xx_hal_tim.c.obj
                0x08003db8                HAL_TIM_IRQHandler
 .text.HAL_TIM_PWM_ConfigChannel
                0x08003f98      0x184 cmake/stm32cubemx/CMakeFiles/STM32_Drivers.dir/__/__/Drivers/STM32F1xx_HAL_Driver/Src/stm32f1xx_hal_tim.c.obj
                0x08003f98                HAL_TIM_PWM_ConfigChannel
 .text.HAL_TIM_ConfigClockSource
                0x0800411c      0x18e cmake/stm32cubemx/CMakeFiles/STM32_Drivers.dir/__/__/Drivers/STM32F1xx_HAL_Driver/Src/stm32f1xx_hal_tim.c.obj
                0x0800411c                HAL_TIM_ConfigClockSource
 .text.HAL_TIM_OC_DelayElapsedCallback
                0x080042aa       0x12 cmake/stm32cubemx/CMakeFiles/STM32_Drivers.dir/__/__/Drivers/STM32F1xx_HAL_Driver/Src/stm32f1xx_hal_tim.c.obj
                0x080042aa                HAL_TIM_OC_DelayElapsedCallback
 .text.HAL_TIM_IC_CaptureCallback
                0x080042bc       0x12 cmake/stm32cubemx/CMakeFiles/STM32_Drivers.dir/__/__/Drivers/STM32F1xx_HAL_Driver/Src/stm32f1xx_hal_tim.c.obj
                0x080042bc                HAL_TIM_IC_CaptureCallback
 .text.HAL_TIM_PWM_PulseFinishedCallback
                0x080042ce       0x12 cmake/stm32cubemx/CMakeFiles/STM32_Drivers.dir/__/__/Drivers/STM32F1xx_HAL_Driver/Src/stm32f1xx_hal_tim.c.obj
                0x080042ce                HAL_TIM_PWM_PulseFinishedCallback
 .text.HAL_TIM_TriggerCallback
                0x080042e0       0x12 cmake/stm32cubemx/CMakeFiles/STM32_Drivers.dir/__/__/Drivers/STM32F1xx_HAL_Driver/Src/stm32f1xx_hal_tim.c.obj
                0x080042e0                HAL_TIM_TriggerCallback
 *fill*         0x080042f2        0x2 
 .text.TIM_Base_SetConfig
                0x080042f4       0xdc cmake/stm32cubemx/CMakeFiles/STM32_Drivers.dir/__/__/Drivers/STM32F1xx_HAL_Driver/Src/stm32f1xx_hal_tim.c.obj
                0x080042f4                TIM_Base_SetConfig
 .text.TIM_OC1_SetConfig
                0x080043d0       0xcc cmake/stm32cubemx/CMakeFiles/STM32_Drivers.dir/__/__/Drivers/STM32F1xx_HAL_Driver/Src/stm32f1xx_hal_tim.c.obj
 .text.TIM_OC2_SetConfig
                0x0800449c       0xd4 cmake/stm32cubemx/CMakeFiles/STM32_Drivers.dir/__/__/Drivers/STM32F1xx_HAL_Driver/Src/stm32f1xx_hal_tim.c.obj
                0x0800449c                TIM_OC2_SetConfig
 .text.TIM_OC3_SetConfig
                0x08004570       0xd4 cmake/stm32cubemx/CMakeFiles/STM32_Drivers.dir/__/__/Drivers/STM32F1xx_HAL_Driver/Src/stm32f1xx_hal_tim.c.obj
 .text.TIM_OC4_SetConfig
                0x08004644       0x9c cmake/stm32cubemx/CMakeFiles/STM32_Drivers.dir/__/__/Drivers/STM32F1xx_HAL_Driver/Src/stm32f1xx_hal_tim.c.obj
 .text.TIM_TI1_ConfigInputStage
                0x080046e0       0x5c cmake/stm32cubemx/CMakeFiles/STM32_Drivers.dir/__/__/Drivers/STM32F1xx_HAL_Driver/Src/stm32f1xx_hal_tim.c.obj
 .text.TIM_TI2_ConfigInputStage
                0x0800473c       0x5e cmake/stm32cubemx/CMakeFiles/STM32_Drivers.dir/__/__/Drivers/STM32F1xx_HAL_Driver/Src/stm32f1xx_hal_tim.c.obj
 .text.TIM_ITRx_SetConfig
                0x0800479a       0x34 cmake/stm32cubemx/CMakeFiles/STM32_Drivers.dir/__/__/Drivers/STM32F1xx_HAL_Driver/Src/stm32f1xx_hal_tim.c.obj
 .text.TIM_ETR_SetConfig
                0x080047ce       0x3e cmake/stm32cubemx/CMakeFiles/STM32_Drivers.dir/__/__/Drivers/STM32F1xx_HAL_Driver/Src/stm32f1xx_hal_tim.c.obj
                0x080047ce                TIM_ETR_SetConfig
 .text.TIM_CCxChannelCmd
                0x0800480c       0x48 cmake/stm32cubemx/CMakeFiles/STM32_Drivers.dir/__/__/Drivers/STM32F1xx_HAL_Driver/Src/stm32f1xx_hal_tim.c.obj
                0x0800480c                TIM_CCxChannelCmd
 .text.HAL_TIMEx_MasterConfigSynchronization
                0x08004854       0xbc cmake/stm32cubemx/CMakeFiles/STM32_Drivers.dir/__/__/Drivers/STM32F1xx_HAL_Driver/Src/stm32f1xx_hal_tim_ex.c.obj
                0x08004854                HAL_TIMEx_MasterConfigSynchronization
 .text.HAL_TIMEx_ConfigBreakDeadTime
                0x08004910       0xa2 cmake/stm32cubemx/CMakeFiles/STM32_Drivers.dir/__/__/Drivers/STM32F1xx_HAL_Driver/Src/stm32f1xx_hal_tim_ex.c.obj
                0x08004910                HAL_TIMEx_ConfigBreakDeadTime
 .text.HAL_TIMEx_CommutCallback
                0x080049b2       0x12 cmake/stm32cubemx/CMakeFiles/STM32_Drivers.dir/__/__/Drivers/STM32F1xx_HAL_Driver/Src/stm32f1xx_hal_tim_ex.c.obj
                0x080049b2                HAL_TIMEx_CommutCallback
 .text.HAL_TIMEx_BreakCallback
                0x080049c4       0x12 cmake/stm32cubemx/CMakeFiles/STM32_Drivers.dir/__/__/Drivers/STM32F1xx_HAL_Driver/Src/stm32f1xx_hal_tim_ex.c.obj
                0x080049c4                HAL_TIMEx_BreakCallback
 .text.HAL_UART_Init
                0x080049d6       0xa0 cmake/stm32cubemx/CMakeFiles/STM32_Drivers.dir/__/__/Drivers/STM32F1xx_HAL_Driver/Src/stm32f1xx_hal_uart.c.obj
                0x080049d6                HAL_UART_Init
 *fill*         0x08004a76        0x2 
 .text.UART_SetConfig
                0x08004a78      0x11c cmake/stm32cubemx/CMakeFiles/STM32_Drivers.dir/__/__/Drivers/STM32F1xx_HAL_Driver/Src/stm32f1xx_hal_uart.c.obj
 .text.OLED_Send
                0x08004b94       0x2c CMakeFiles/PWMToControlVoltageV4.dir/Core/Src/oled.c.obj
                0x08004b94                OLED_Send
 .text.OLED_SendCmd
                0x08004bc0       0x24 CMakeFiles/PWMToControlVoltageV4.dir/Core/Src/oled.c.obj
                0x08004bc0                OLED_SendCmd
 .text.OLED_Init
                0x08004be4       0xb8 CMakeFiles/PWMToControlVoltageV4.dir/Core/Src/oled.c.obj
                0x08004be4                OLED_Init
 .text.OLED_NewFrame
                0x08004c9c       0x18 CMakeFiles/PWMToControlVoltageV4.dir/Core/Src/oled.c.obj
                0x08004c9c                OLED_NewFrame
 .text.OLED_ShowFrame
                0x08004cb4       0x68 CMakeFiles/PWMToControlVoltageV4.dir/Core/Src/oled.c.obj
                0x08004cb4                OLED_ShowFrame
 .text.OLED_SetPixel
                0x08004d1c       0xb0 CMakeFiles/PWMToControlVoltageV4.dir/Core/Src/oled.c.obj
                0x08004d1c                OLED_SetPixel
 .text.OLED_SetByte_Fine
                0x08004dcc       0xf8 CMakeFiles/PWMToControlVoltageV4.dir/Core/Src/oled.c.obj
                0x08004dcc                OLED_SetByte_Fine
 .text.OLED_SetBits_Fine
                0x08004ec4       0xbe CMakeFiles/PWMToControlVoltageV4.dir/Core/Src/oled.c.obj
                0x08004ec4                OLED_SetBits_Fine
 .text.OLED_SetBits
                0x08004f82       0x82 CMakeFiles/PWMToControlVoltageV4.dir/Core/Src/oled.c.obj
                0x08004f82                OLED_SetBits
 .text.OLED_SetBlock
                0x08005004       0xe2 CMakeFiles/PWMToControlVoltageV4.dir/Core/Src/oled.c.obj
                0x08005004                OLED_SetBlock
 *fill*         0x080050e6        0x2 
 .text.OLED_DrawLine
                0x080050e8      0x1d8 CMakeFiles/PWMToControlVoltageV4.dir/Core/Src/oled.c.obj
                0x080050e8                OLED_DrawLine
 .text.OLED_DrawRectangle
                0x080052c0       0xa2 CMakeFiles/PWMToControlVoltageV4.dir/Core/Src/oled.c.obj
                0x080052c0                OLED_DrawRectangle
 .text.OLED_DrawFilledRectangle
                0x08005362       0x64 CMakeFiles/PWMToControlVoltageV4.dir/Core/Src/oled.c.obj
                0x08005362                OLED_DrawFilledRectangle
 .text.OLED_DrawImage
                0x080053c6       0x3c CMakeFiles/PWMToControlVoltageV4.dir/Core/Src/oled.c.obj
                0x080053c6                OLED_DrawImage
 .text.OLED_PrintASCIIChar
                0x08005402       0x5e CMakeFiles/PWMToControlVoltageV4.dir/Core/Src/oled.c.obj
                0x08005402                OLED_PrintASCIIChar
 .text._OLED_GetUTF8Len
                0x08005460       0x52 CMakeFiles/PWMToControlVoltageV4.dir/Core/Src/oled.c.obj
                0x08005460                _OLED_GetUTF8Len
 .text.OLED_PrintString
                0x080054b2      0x14c CMakeFiles/PWMToControlVoltageV4.dir/Core/Src/oled.c.obj
                0x080054b2                OLED_PrintString
 *fill*         0x080055fe        0x2 
 .text.introMessage
                0x08005600       0x50 CMakeFiles/PWMToControlVoltageV4.dir/Core/Src/Dino.c.obj
                0x08005600                introMessage
 .text.showLine
                0x08005650       0x4c CMakeFiles/PWMToControlVoltageV4.dir/Core/Src/Dino.c.obj
                0x08005650                showLine
 .text.moveDino
                0x0800569c       0x80 CMakeFiles/PWMToControlVoltageV4.dir/Core/Src/Dino.c.obj
                0x0800569c                moveDino
 .text.moveTree
                0x0800571c       0x3c CMakeFiles/PWMToControlVoltageV4.dir/Core/Src/Dino.c.obj
                0x0800571c                moveTree
 .text.displayScore
                0x08005758       0x90 CMakeFiles/PWMToControlVoltageV4.dir/Core/Src/Dino.c.obj
                0x08005758                displayScore
 .text.play     0x080057e8      0x3d4 CMakeFiles/PWMToControlVoltageV4.dir/Core/Src/Dino.c.obj
                0x080057e8                play
 .text.main     0x08005bbc      0x104 CMakeFiles/PWMToControlVoltageV4.dir/Core/Src/main.c.obj
                0x08005bbc                main
 .text.SystemClock_Config
                0x08005cc0       0x82 CMakeFiles/PWMToControlVoltageV4.dir/Core/Src/main.c.obj
                0x08005cc0                SystemClock_Config
 .text.Error_Handler
                0x08005d42        0xc CMakeFiles/PWMToControlVoltageV4.dir/Core/Src/main.c.obj
                0x08005d42                Error_Handler
 *fill*         0x08005d4e        0x2 
 .text.MX_GPIO_Init
                0x08005d50       0x6c CMakeFiles/PWMToControlVoltageV4.dir/Core/Src/gpio.c.obj
                0x08005d50                MX_GPIO_Init
 .text.MX_DMA_Init
                0x08005dbc       0x4c CMakeFiles/PWMToControlVoltageV4.dir/Core/Src/dma.c.obj
                0x08005dbc                MX_DMA_Init
 .text.MX_I2C1_Init
                0x08005e08       0x5c CMakeFiles/PWMToControlVoltageV4.dir/Core/Src/i2c.c.obj
                0x08005e08                MX_I2C1_Init
 .text.HAL_I2C_MspInit
                0x08005e64      0x168 CMakeFiles/PWMToControlVoltageV4.dir/Core/Src/i2c.c.obj
                0x08005e64                HAL_I2C_MspInit
 .text.MX_TIM1_Init
                0x08005fcc      0x140 CMakeFiles/PWMToControlVoltageV4.dir/Core/Src/tim.c.obj
                0x08005fcc                MX_TIM1_Init
 .text.MX_TIM2_Init
                0x0800610c       0x9c CMakeFiles/PWMToControlVoltageV4.dir/Core/Src/tim.c.obj
                0x0800610c                MX_TIM2_Init
 .text.HAL_TIM_Base_MspInit
                0x080061a8       0x70 CMakeFiles/PWMToControlVoltageV4.dir/Core/Src/tim.c.obj
                0x080061a8                HAL_TIM_Base_MspInit
 .text.HAL_TIM_MspPostInit
                0x08006218       0x68 CMakeFiles/PWMToControlVoltageV4.dir/Core/Src/tim.c.obj
                0x08006218                HAL_TIM_MspPostInit
 .text.MX_USART1_UART_Init
                0x08006280       0x54 CMakeFiles/PWMToControlVoltageV4.dir/Core/Src/usart.c.obj
                0x08006280                MX_USART1_UART_Init
 .text.HAL_UART_MspInit
                0x080062d4       0x98 CMakeFiles/PWMToControlVoltageV4.dir/Core/Src/usart.c.obj
                0x080062d4                HAL_UART_MspInit
 .text.NMI_Handler
                0x0800636c        0x8 CMakeFiles/PWMToControlVoltageV4.dir/Core/Src/stm32f1xx_it.c.obj
                0x0800636c                NMI_Handler
 .text.HardFault_Handler
                0x08006374        0x8 CMakeFiles/PWMToControlVoltageV4.dir/Core/Src/stm32f1xx_it.c.obj
                0x08006374                HardFault_Handler
 .text.MemManage_Handler
                0x0800637c        0x8 CMakeFiles/PWMToControlVoltageV4.dir/Core/Src/stm32f1xx_it.c.obj
                0x0800637c                MemManage_Handler
 .text.BusFault_Handler
                0x08006384        0x8 CMakeFiles/PWMToControlVoltageV4.dir/Core/Src/stm32f1xx_it.c.obj
                0x08006384                BusFault_Handler
 .text.UsageFault_Handler
                0x0800638c        0x8 CMakeFiles/PWMToControlVoltageV4.dir/Core/Src/stm32f1xx_it.c.obj
                0x0800638c                UsageFault_Handler
 .text.SVC_Handler
                0x08006394        0xc CMakeFiles/PWMToControlVoltageV4.dir/Core/Src/stm32f1xx_it.c.obj
                0x08006394                SVC_Handler
 .text.DebugMon_Handler
                0x080063a0        0xc CMakeFiles/PWMToControlVoltageV4.dir/Core/Src/stm32f1xx_it.c.obj
                0x080063a0                DebugMon_Handler
 .text.PendSV_Handler
                0x080063ac        0xc CMakeFiles/PWMToControlVoltageV4.dir/Core/Src/stm32f1xx_it.c.obj
                0x080063ac                PendSV_Handler
 .text.SysTick_Handler
                0x080063b8        0xc CMakeFiles/PWMToControlVoltageV4.dir/Core/Src/stm32f1xx_it.c.obj
                0x080063b8                SysTick_Handler
 .text.DMA1_Channel6_IRQHandler
                0x080063c4       0x14 CMakeFiles/PWMToControlVoltageV4.dir/Core/Src/stm32f1xx_it.c.obj
                0x080063c4                DMA1_Channel6_IRQHandler
 .text.DMA1_Channel7_IRQHandler
                0x080063d8       0x14 CMakeFiles/PWMToControlVoltageV4.dir/Core/Src/stm32f1xx_it.c.obj
                0x080063d8                DMA1_Channel7_IRQHandler
 .text.TIM2_IRQHandler
                0x080063ec       0x14 CMakeFiles/PWMToControlVoltageV4.dir/Core/Src/stm32f1xx_it.c.obj
                0x080063ec                TIM2_IRQHandler
 .text.I2C1_EV_IRQHandler
                0x08006400       0x14 CMakeFiles/PWMToControlVoltageV4.dir/Core/Src/stm32f1xx_it.c.obj
                0x08006400                I2C1_EV_IRQHandler
 .text.I2C1_ER_IRQHandler
                0x08006414       0x14 CMakeFiles/PWMToControlVoltageV4.dir/Core/Src/stm32f1xx_it.c.obj
                0x08006414                I2C1_ER_IRQHandler
 .text.HAL_TIM_PeriodElapsedCallback
                0x08006428       0xd4 CMakeFiles/PWMToControlVoltageV4.dir/Core/Src/stm32f1xx_it.c.obj
                0x08006428                HAL_TIM_PeriodElapsedCallback
 .text.HAL_MspInit
                0x080064fc       0x64 CMakeFiles/PWMToControlVoltageV4.dir/Core/Src/stm32f1xx_hal_msp.c.obj
                0x080064fc                HAL_MspInit
 .text._sbrk    0x08006560       0x6c CMakeFiles/PWMToControlVoltageV4.dir/Core/Src/sysmem.c.obj
                0x08006560                _sbrk
 .text.Reset_Handler
                0x080065cc       0x48 CMakeFiles/PWMToControlVoltageV4.dir/startup_stm32f103xb.s.obj
                0x080065cc                Reset_Handler
 .text.Default_Handler
                0x08006614        0x2 CMakeFiles/PWMToControlVoltageV4.dir/startup_stm32f103xb.s.obj
                0x08006614                RTC_Alarm_IRQHandler
                0x08006614                EXTI2_IRQHandler
                0x08006614                TIM1_CC_IRQHandler
                0x08006614                PVD_IRQHandler
                0x08006614                EXTI3_IRQHandler
                0x08006614                EXTI0_IRQHandler
                0x08006614                I2C2_EV_IRQHandler
                0x08006614                ADC1_2_IRQHandler
                0x08006614                SPI1_IRQHandler
                0x08006614                TAMPER_IRQHandler
                0x08006614                DMA1_Channel4_IRQHandler
                0x08006614                USART3_IRQHandler
                0x08006614                RTC_IRQHandler
                0x08006614                CAN1_RX1_IRQHandler
                0x08006614                TIM4_IRQHandler
                0x08006614                TIM3_IRQHandler
                0x08006614                RCC_IRQHandler
                0x08006614                TIM1_TRG_COM_IRQHandler
                0x08006614                DMA1_Channel1_IRQHandler
                0x08006614                Default_Handler
                0x08006614                EXTI15_10_IRQHandler
                0x08006614                EXTI9_5_IRQHandler
                0x08006614                SPI2_IRQHandler
                0x08006614                DMA1_Channel5_IRQHandler
                0x08006614                EXTI4_IRQHandler
                0x08006614                USB_LP_CAN1_RX0_IRQHandler
                0x08006614                USB_HP_CAN1_TX_IRQHandler
                0x08006614                DMA1_Channel3_IRQHandler
                0x08006614                TIM1_UP_IRQHandler
                0x08006614                WWDG_IRQHandler
                0x08006614                TIM1_BRK_IRQHandler
                0x08006614                EXTI1_IRQHandler
                0x08006614                USART2_IRQHandler
                0x08006614                I2C2_ER_IRQHandler
                0x08006614                DMA1_Channel2_IRQHandler
                0x08006614                CAN1_SCE_IRQHandler
                0x08006614                FLASH_IRQHandler
                0x08006614                USART1_IRQHandler
                0x08006614                USBWakeUp_IRQHandler
 *fill*         0x08006616        0x2 
 .text.sprintf  0x08006618       0x44 C:/ST/STM32CubeCLT_1.18.0/GNU-tools-for-STM32/bin/../lib/gcc/arm-none-eabi/13.3.1/../../../../arm-none-eabi/lib/thumb/v7-m/nofp\libg_nano.a(libc_a-sprintf.o)
                0x08006618                siprintf
                0x08006618                sprintf
 .text.memcmp   0x0800665c       0x20 C:/ST/STM32CubeCLT_1.18.0/GNU-tools-for-STM32/bin/../lib/gcc/arm-none-eabi/13.3.1/../../../../arm-none-eabi/lib/thumb/v7-m/nofp\libg_nano.a(libc_a-memcmp.o)
                0x0800665c                memcmp
 .text.__errno  0x0800667c        0xc C:/ST/STM32CubeCLT_1.18.0/GNU-tools-for-STM32/bin/../lib/gcc/arm-none-eabi/13.3.1/../../../../arm-none-eabi/lib/thumb/v7-m/nofp\libg_nano.a(libc_a-errno.o)
                0x0800667c                __errno
 .text.memcpy   0x08006688       0x1c C:/ST/STM32CubeCLT_1.18.0/GNU-tools-for-STM32/bin/../lib/gcc/arm-none-eabi/13.3.1/../../../../arm-none-eabi/lib/thumb/v7-m/nofp\libg_nano.a(libc_a-memcpy-stub.o)
                0x08006688                memcpy
 .text.__ssputs_r
                0x080066a4       0xb6 C:/ST/STM32CubeCLT_1.18.0/GNU-tools-for-STM32/bin/../lib/gcc/arm-none-eabi/13.3.1/../../../../arm-none-eabi/lib/thumb/v7-m/nofp\libg_nano.a(libc_a-nano-svfprintf.o)
                0x080066a4                __ssputs_r
 *fill*         0x0800675a        0x2 
 .text._svfprintf_r
                0x0800675c      0x1f8 C:/ST/STM32CubeCLT_1.18.0/GNU-tools-for-STM32/bin/../lib/gcc/arm-none-eabi/13.3.1/../../../../arm-none-eabi/lib/thumb/v7-m/nofp\libg_nano.a(libc_a-nano-svfprintf.o)
                0x0800675c                _svfiprintf_r
                0x0800675c                _svfprintf_r
 .text._printf_common
                0x08006954       0xe4 C:/ST/STM32CubeCLT_1.18.0/GNU-tools-for-STM32/bin/../lib/gcc/arm-none-eabi/13.3.1/../../../../arm-none-eabi/lib/thumb/v7-m/nofp\libg_nano.a(libc_a-nano-vfprintf_i.o)
                0x08006954                _printf_common
 .text._printf_i
                0x08006a38      0x23c C:/ST/STM32CubeCLT_1.18.0/GNU-tools-for-STM32/bin/../lib/gcc/arm-none-eabi/13.3.1/../../../../arm-none-eabi/lib/thumb/v7-m/nofp\libg_nano.a(libc_a-nano-vfprintf_i.o)
                0x08006a38                _printf_i
 .text.memmove  0x08006c74       0x34 C:/ST/STM32CubeCLT_1.18.0/GNU-tools-for-STM32/bin/../lib/gcc/arm-none-eabi/13.3.1/../../../../arm-none-eabi/lib/thumb/v7-m/nofp\libg_nano.a(libc_a-memmove.o)
                0x08006c74                memmove
 .text.memchr   0x08006ca8       0x1c C:/ST/STM32CubeCLT_1.18.0/GNU-tools-for-STM32/bin/../lib/gcc/arm-none-eabi/13.3.1/../../../../arm-none-eabi/lib/thumb/v7-m/nofp\libg_nano.a(libc_a-memchr-stub.o)
                0x08006ca8                memchr
 .text._realloc_r
                0x08006cc4       0x5c C:/ST/STM32CubeCLT_1.18.0/GNU-tools-for-STM32/bin/../lib/gcc/arm-none-eabi/13.3.1/../../../../arm-none-eabi/lib/thumb/v7-m/nofp\libg_nano.a(libc_a-reallocr.o)
                0x08006cc4                _realloc_r
 .text._malloc_usable_size_r
                0x08006d20       0x10 C:/ST/STM32CubeCLT_1.18.0/GNU-tools-for-STM32/bin/../lib/gcc/arm-none-eabi/13.3.1/../../../../arm-none-eabi/lib/thumb/v7-m/nofp\libg_nano.a(libc_a-msizer.o)
                0x08006d20                _malloc_usable_size_r
 *(.glue_7)
 .glue_7        0x08006d30        0x0 linker stubs
 *(.glue_7t)
 .glue_7t       0x08006d30        0x0 linker stubs
 *(.eh_frame)
 .eh_frame      0x08006d30        0x0 C:/ST/STM32CubeCLT_1.18.0/GNU-tools-for-STM32/bin/../lib/gcc/arm-none-eabi/13.3.1/thumb/v7-m/nofp/crtbegin.o
 *(.init)
 .init          0x08006d30        0x4 C:/ST/STM32CubeCLT_1.18.0/GNU-tools-for-STM32/bin/../lib/gcc/arm-none-eabi/13.3.1/thumb/v7-m/nofp/crti.o
                0x08006d30                _init
 .init          0x08006d34        0x8 C:/ST/STM32CubeCLT_1.18.0/GNU-tools-for-STM32/bin/../lib/gcc/arm-none-eabi/13.3.1/thumb/v7-m/nofp/crtn.o
 *(.fini)
 .fini          0x08006d3c        0x4 C:/ST/STM32CubeCLT_1.18.0/GNU-tools-for-STM32/bin/../lib/gcc/arm-none-eabi/13.3.1/thumb/v7-m/nofp/crti.o
                0x08006d3c                _fini
 .fini          0x08006d40        0x8 C:/ST/STM32CubeCLT_1.18.0/GNU-tools-for-STM32/bin/../lib/gcc/arm-none-eabi/13.3.1/thumb/v7-m/nofp/crtn.o
                0x08006d48                        . = ALIGN (0x4)
                0x08006d48                        _etext = .

.vfp11_veneer   0x08006d48        0x0
 .vfp11_veneer  0x08006d48        0x0 linker stubs

.v4_bx          0x08006d48        0x0
 .v4_bx         0x08006d48        0x0 linker stubs

.iplt           0x08006d48        0x0
 .iplt          0x08006d48        0x0 C:/ST/STM32CubeCLT_1.18.0/GNU-tools-for-STM32/bin/../lib/gcc/arm-none-eabi/13.3.1/thumb/v7-m/nofp/crtbegin.o

.rodata         0x08006d48      0xf84
                0x08006d48                        . = ALIGN (0x4)
 *(.rodata)
 .rodata        0x08006d48       0x45 CMakeFiles/PWMToControlVoltageV4.dir/Core/Src/Dino.c.obj
 *fill*         0x08006d8d        0x3 
 .rodata        0x08006d90        0xf CMakeFiles/PWMToControlVoltageV4.dir/Core/Src/main.c.obj
 *(.rodata*)
 *fill*         0x08006d9f        0x1 
 .rodata.AHBPrescTable
                0x08006da0       0x10 cmake/stm32cubemx/CMakeFiles/STM32_Drivers.dir/__/__/Core/Src/system_stm32f1xx.c.obj
                0x08006da0                AHBPrescTable
 .rodata.APBPrescTable
                0x08006db0        0x8 cmake/stm32cubemx/CMakeFiles/STM32_Drivers.dir/__/__/Core/Src/system_stm32f1xx.c.obj
                0x08006db0                APBPrescTable
 .rodata.aPLLMULFactorTable.1
                0x08006db8       0x10 cmake/stm32cubemx/CMakeFiles/STM32_Drivers.dir/__/__/Drivers/STM32F1xx_HAL_Driver/Src/stm32f1xx_hal_rcc.c.obj
 .rodata.aPredivFactorTable.0
                0x08006dc8        0x2 cmake/stm32cubemx/CMakeFiles/STM32_Drivers.dir/__/__/Drivers/STM32F1xx_HAL_Driver/Src/stm32f1xx_hal_rcc.c.obj
 *fill*         0x08006dca        0x2 
 .rodata.ascii_12x6
                0x08006dcc      0x474 CMakeFiles/PWMToControlVoltageV4.dir/Core/Src/font.c.obj
                0x08006dcc                ascii_12x6
 .rodata.afont12x6
                0x08007240        0x8 CMakeFiles/PWMToControlVoltageV4.dir/Core/Src/font.c.obj
                0x08007240                afont12x6
 .rodata.ascii_16x8
                0x08007248      0x5f0 CMakeFiles/PWMToControlVoltageV4.dir/Core/Src/font.c.obj
                0x08007248                ascii_16x8
 .rodata.afont16x8
                0x08007838        0x8 CMakeFiles/PWMToControlVoltageV4.dir/Core/Src/font.c.obj
                0x08007838                afont16x8
 .rodata.me     0x08007840       0x54 CMakeFiles/PWMToControlVoltageV4.dir/Core/Src/font.c.obj
                0x08007840                me
 .rodata.me2    0x08007894       0x10 CMakeFiles/PWMToControlVoltageV4.dir/Core/Src/font.c.obj
                0x08007894                me2
 .rodata.zh16x16
                0x080078a4       0xfc CMakeFiles/PWMToControlVoltageV4.dir/Core/Src/font.c.obj
                0x080078a4                zh16x16
 .rodata.font16x16
                0x080079a0       0x10 CMakeFiles/PWMToControlVoltageV4.dir/Core/Src/font.c.obj
                0x080079a0                font16x16
 .rodata.zh12x12
                0x080079b0      0x150 CMakeFiles/PWMToControlVoltageV4.dir/Core/Src/font.c.obj
                0x080079b0                zh12x12
 .rodata.font12x12
                0x08007b00       0x10 CMakeFiles/PWMToControlVoltageV4.dir/Core/Src/font.c.obj
                0x08007b00                font12x12
 .rodata.dino_crashedData
                0x08007b10       0x3f CMakeFiles/PWMToControlVoltageV4.dir/Core/Src/Dino.c.obj
                0x08007b10                dino_crashedData
 *fill*         0x08007b4f        0x1 
 .rodata.dino_crashedImg
                0x08007b50        0x8 CMakeFiles/PWMToControlVoltageV4.dir/Core/Src/Dino.c.obj
                0x08007b50                dino_crashedImg
 .rodata.dino_front_legData
                0x08007b58       0x3f CMakeFiles/PWMToControlVoltageV4.dir/Core/Src/Dino.c.obj
                0x08007b58                dino_front_legData
 *fill*         0x08007b97        0x1 
 .rodata.dino_front_legImg
                0x08007b98        0x8 CMakeFiles/PWMToControlVoltageV4.dir/Core/Src/Dino.c.obj
                0x08007b98                dino_front_legImg
 .rodata.dino_back_legData
                0x08007ba0       0x3f CMakeFiles/PWMToControlVoltageV4.dir/Core/Src/Dino.c.obj
                0x08007ba0                dino_back_legData
 *fill*         0x08007bdf        0x1 
 .rodata.dino_back_legImg
                0x08007be0        0x8 CMakeFiles/PWMToControlVoltageV4.dir/Core/Src/Dino.c.obj
                0x08007be0                dino_back_legImg
 .rodata.dino_jumpsData
                0x08007be8       0x3f CMakeFiles/PWMToControlVoltageV4.dir/Core/Src/Dino.c.obj
                0x08007be8                dino_jumpsData
 *fill*         0x08007c27        0x1 
 .rodata.dino_jumpsImg
                0x08007c28        0x8 CMakeFiles/PWMToControlVoltageV4.dir/Core/Src/Dino.c.obj
                0x08007c28                dino_jumpsImg
 .rodata.tree_smallData
                0x08007c30        0xc CMakeFiles/PWMToControlVoltageV4.dir/Core/Src/Dino.c.obj
                0x08007c30                tree_smallData
 .rodata.tree_smallImg
                0x08007c3c        0x8 CMakeFiles/PWMToControlVoltageV4.dir/Core/Src/Dino.c.obj
                0x08007c3c                tree_smallImg
 .rodata.tree_bigData
                0x08007c44       0x24 CMakeFiles/PWMToControlVoltageV4.dir/Core/Src/Dino.c.obj
                0x08007c44                tree_bigData
 .rodata.tree_bigImg
                0x08007c68        0x8 CMakeFiles/PWMToControlVoltageV4.dir/Core/Src/Dino.c.obj
                0x08007c68                tree_bigImg
 .rodata.time_distance
                0x08007c70       0x26 CMakeFiles/PWMToControlVoltageV4.dir/Core/Src/Dino.c.obj
                0x08007c70                time_distance
 .rodata._svfprintf_r.str1.1
                0x08007c96       0x33 C:/ST/STM32CubeCLT_1.18.0/GNU-tools-for-STM32/bin/../lib/gcc/arm-none-eabi/13.3.1/../../../../arm-none-eabi/lib/thumb/v7-m/nofp\libg_nano.a(libc_a-nano-svfprintf.o)
                                 0x11 (size before relaxing)
 .rodata._printf_i.str1.1
                0x08007cc9       0x22 C:/ST/STM32CubeCLT_1.18.0/GNU-tools-for-STM32/bin/../lib/gcc/arm-none-eabi/13.3.1/../../../../arm-none-eabi/lib/thumb/v7-m/nofp\libg_nano.a(libc_a-nano-vfprintf_i.o)
                0x08007cec                        . = ALIGN (0x4)
 *fill*         0x08007cc9        0x3 

.ARM.extab      0x08007ccc        0x0
                0x08007ccc                        . = ALIGN (0x4)
 *(.ARM.extab* .gnu.linkonce.armextab.*)
                0x08007ccc                        . = ALIGN (0x4)

.ARM            0x08007ccc        0x0
                0x08007ccc                        . = ALIGN (0x4)
                0x08007ccc                        __exidx_start = .
 *(.ARM.exidx*)
                0x08007ccc                        __exidx_end = .
                0x08007ccc                        . = ALIGN (0x4)

.preinit_array  0x08007ccc        0x0
                0x08007ccc                        . = ALIGN (0x4)
                0x08007ccc                        PROVIDE (__preinit_array_start = .)
 *(.preinit_array*)
                0x08007ccc                        PROVIDE (__preinit_array_end = .)
                0x08007ccc                        . = ALIGN (0x4)

.init_array     0x08007ccc        0x4
                0x08007ccc                        . = ALIGN (0x4)
                0x08007ccc                        PROVIDE (__init_array_start = .)
 *(SORT_BY_NAME(.init_array.*))
 *(.init_array*)
 .init_array    0x08007ccc        0x4 C:/ST/STM32CubeCLT_1.18.0/GNU-tools-for-STM32/bin/../lib/gcc/arm-none-eabi/13.3.1/thumb/v7-m/nofp/crtbegin.o
                0x08007cd0                        PROVIDE (__init_array_end = .)
                0x08007cd0                        . = ALIGN (0x4)

.fini_array     0x08007cd0        0x4
                0x08007cd0                        . = ALIGN (0x4)
                [!provide]                        PROVIDE (__fini_array_start = .)
 *(SORT_BY_NAME(.fini_array.*))
 *(.fini_array*)
 .fini_array    0x08007cd0        0x4 C:/ST/STM32CubeCLT_1.18.0/GNU-tools-for-STM32/bin/../lib/gcc/arm-none-eabi/13.3.1/thumb/v7-m/nofp/crtbegin.o
                [!provide]                        PROVIDE (__fini_array_end = .)
                0x08007cd4                        . = ALIGN (0x4)
                0x08007cd4                        _sidata = LOADADDR (.data)

.rel.dyn        0x08007cd4        0x0
 .rel.iplt      0x08007cd4        0x0 C:/ST/STM32CubeCLT_1.18.0/GNU-tools-for-STM32/bin/../lib/gcc/arm-none-eabi/13.3.1/thumb/v7-m/nofp/crtbegin.o

.data           0x20000000       0x5c load address 0x08007cd4
                0x20000000                        . = ALIGN (0x4)
                0x20000000                        _sdata = .
 *(.data)
 *(.data*)
 .data._impure_ptr
                0x20000000        0x4 C:/ST/STM32CubeCLT_1.18.0/GNU-tools-for-STM32/bin/../lib/gcc/arm-none-eabi/13.3.1/../../../../arm-none-eabi/lib/thumb/v7-m/nofp\libc_nano.a(libc_a-impure.o)
                0x20000000                _impure_ptr
 .data._impure_data
                0x20000004       0x4c C:/ST/STM32CubeCLT_1.18.0/GNU-tools-for-STM32/bin/../lib/gcc/arm-none-eabi/13.3.1/../../../../arm-none-eabi/lib/thumb/v7-m/nofp\libc_nano.a(libc_a-impure.o)
                0x20000004                _impure_data
 .data.SystemCoreClock
                0x20000050        0x4 cmake/stm32cubemx/CMakeFiles/STM32_Drivers.dir/__/__/Core/Src/system_stm32f1xx.c.obj
                0x20000050                SystemCoreClock
 .data.uwTickPrio
                0x20000054        0x4 cmake/stm32cubemx/CMakeFiles/STM32_Drivers.dir/__/__/Drivers/STM32F1xx_HAL_Driver/Src/stm32f1xx_hal.c.obj
                0x20000054                uwTickPrio
 .data.uwTickFreq
                0x20000058        0x1 cmake/stm32cubemx/CMakeFiles/STM32_Drivers.dir/__/__/Drivers/STM32F1xx_HAL_Driver/Src/stm32f1xx_hal.c.obj
                0x20000058                uwTickFreq
 *(.RamFunc)
 *(.RamFunc*)
                0x2000005c                        . = ALIGN (0x4)
 *fill*         0x20000059        0x3 
                0x2000005c                        _edata = .

.igot.plt       0x2000005c        0x0 load address 0x08007d30
 .igot.plt      0x2000005c        0x0 C:/ST/STM32CubeCLT_1.18.0/GNU-tools-for-STM32/bin/../lib/gcc/arm-none-eabi/13.3.1/thumb/v7-m/nofp/crtbegin.o
                0x2000005c                        . = ALIGN (0x4)

.bss            0x2000005c      0x7c4 load address 0x08007d30
                0x2000005c                        _sbss = .
                0x2000005c                        __bss_start__ = _sbss
 *(.bss)
 .bss           0x2000005c       0x1c C:/ST/STM32CubeCLT_1.18.0/GNU-tools-for-STM32/bin/../lib/gcc/arm-none-eabi/13.3.1/thumb/v7-m/nofp/crtbegin.o
 *(.bss*)
 .bss.__sf      0x20000078      0x138 C:/ST/STM32CubeCLT_1.18.0/GNU-tools-for-STM32/bin/../lib/gcc/arm-none-eabi/13.3.1/../../../../arm-none-eabi/lib/thumb/v7-m/nofp\libc_nano.a(libc_a-findfp.o)
                0x20000078                __sf
 .bss.errno     0x200001b0        0x4 C:/ST/STM32CubeCLT_1.18.0/GNU-tools-for-STM32/bin/../lib/gcc/arm-none-eabi/13.3.1/../../../../arm-none-eabi/lib/thumb/v7-m/nofp\libc_nano.a(libc_a-reent.o)
                0x200001b0                errno
 .bss.__lock___malloc_recursive_mutex
                0x200001b4        0x1 C:/ST/STM32CubeCLT_1.18.0/GNU-tools-for-STM32/bin/../lib/gcc/arm-none-eabi/13.3.1/../../../../arm-none-eabi/lib/thumb/v7-m/nofp\libc_nano.a(libc_a-lock.o)
                0x200001b4                __lock___malloc_recursive_mutex
 *fill*         0x200001b5        0x3 
 .bss.__malloc_sbrk_start
                0x200001b8        0x4 C:/ST/STM32CubeCLT_1.18.0/GNU-tools-for-STM32/bin/../lib/gcc/arm-none-eabi/13.3.1/../../../../arm-none-eabi/lib/thumb/v7-m/nofp\libc_nano.a(libc_a-mallocr.o)
                0x200001b8                __malloc_sbrk_start
 .bss.__malloc_free_list
                0x200001bc        0x4 C:/ST/STM32CubeCLT_1.18.0/GNU-tools-for-STM32/bin/../lib/gcc/arm-none-eabi/13.3.1/../../../../arm-none-eabi/lib/thumb/v7-m/nofp\libc_nano.a(libc_a-mallocr.o)
                0x200001bc                __malloc_free_list
 .bss.uwTick    0x200001c0        0x4 cmake/stm32cubemx/CMakeFiles/STM32_Drivers.dir/__/__/Drivers/STM32F1xx_HAL_Driver/Src/stm32f1xx_hal.c.obj
                0x200001c0                uwTick
 .bss.OLED_GRAM
                0x200001c4      0x400 CMakeFiles/PWMToControlVoltageV4.dir/Core/Src/oled.c.obj
                0x200001c4                OLED_GRAM
 .bss.sendBuffer.3
                0x200005c4        0x2 CMakeFiles/PWMToControlVoltageV4.dir/Core/Src/oled.c.obj
 *fill*         0x200005c6        0x2 
 .bss.sendBuffer.2
                0x200005c8       0x81 CMakeFiles/PWMToControlVoltageV4.dir/Core/Src/oled.c.obj
 .bss.temp.1    0x20000649        0x1 CMakeFiles/PWMToControlVoltageV4.dir/Core/Src/oled.c.obj
 .bss.temp.0    0x2000064a        0x1 CMakeFiles/PWMToControlVoltageV4.dir/Core/Src/oled.c.obj
 *fill*         0x2000064b        0x1 
 .bss.highest_score
                0x2000064c        0x4 CMakeFiles/PWMToControlVoltageV4.dir/Core/Src/Dino.c.obj
                0x2000064c                highest_score
 .bss.tmp.2     0x20000650        0xf CMakeFiles/PWMToControlVoltageV4.dir/Core/Src/Dino.c.obj
 *fill*         0x2000065f        0x1 
 .bss.interval.1
                0x20000660        0x2 CMakeFiles/PWMToControlVoltageV4.dir/Core/Src/Dino.c.obj
 .bss.refresh_state
                0x20000662        0x1 CMakeFiles/PWMToControlVoltageV4.dir/Core/Src/main.c.obj
                0x20000662                refresh_state
 *fill*         0x20000663        0x1 
 .bss.hi2c1     0x20000664       0x54 CMakeFiles/PWMToControlVoltageV4.dir/Core/Src/i2c.c.obj
                0x20000664                hi2c1
 .bss.hdma_i2c1_rx
                0x200006b8       0x44 CMakeFiles/PWMToControlVoltageV4.dir/Core/Src/i2c.c.obj
                0x200006b8                hdma_i2c1_rx
 .bss.hdma_i2c1_tx
                0x200006fc       0x44 CMakeFiles/PWMToControlVoltageV4.dir/Core/Src/i2c.c.obj
                0x200006fc                hdma_i2c1_tx
 .bss.htim1     0x20000740       0x48 CMakeFiles/PWMToControlVoltageV4.dir/Core/Src/tim.c.obj
                0x20000740                htim1
 .bss.htim2     0x20000788       0x48 CMakeFiles/PWMToControlVoltageV4.dir/Core/Src/tim.c.obj
                0x20000788                htim2
 .bss.huart1    0x200007d0       0x48 CMakeFiles/PWMToControlVoltageV4.dir/Core/Src/usart.c.obj
                0x200007d0                huart1
 .bss.duty      0x20000818        0x1 CMakeFiles/PWMToControlVoltageV4.dir/Core/Src/stm32f1xx_it.c.obj
                0x20000818                duty
 .bss.state     0x20000819        0x1 CMakeFiles/PWMToControlVoltageV4.dir/Core/Src/stm32f1xx_it.c.obj
                0x20000819                state
 *fill*         0x2000081a        0x2 
 .bss.__sbrk_heap_end
                0x2000081c        0x4 CMakeFiles/PWMToControlVoltageV4.dir/Core/Src/sysmem.c.obj
 *(COMMON)
                0x20000820                        . = ALIGN (0x4)
                0x20000820                        _ebss = .
                0x20000820                        __bss_end__ = _ebss

._user_heap_stack
                0x20000820      0x600 load address 0x08007d30
                0x20000820                        . = ALIGN (0x8)
                [!provide]                        PROVIDE (end = .)
                0x20000820                        PROVIDE (_end = .)
                0x20000a20                        . = (. + _Min_Heap_Size)
 *fill*         0x20000820      0x200 
                0x20000e20                        . = (. + _Min_Stack_Size)
 *fill*         0x20000a20      0x400 
                0x20000e20                        . = ALIGN (0x8)

/DISCARD/
 libc.a(*)
 libm.a(*)
 libgcc.a(*)
OUTPUT(PWMToControlVoltageV4.elf elf32-littlearm)
LOAD linker stubs
LOAD C:/ST/STM32CubeCLT_1.18.0/GNU-tools-for-STM32/bin/../lib/gcc/arm-none-eabi/13.3.1/../../../../arm-none-eabi/lib/thumb/v7-m/nofp\libc.a
LOAD C:/ST/STM32CubeCLT_1.18.0/GNU-tools-for-STM32/bin/../lib/gcc/arm-none-eabi/13.3.1/../../../../arm-none-eabi/lib/thumb/v7-m/nofp\libm.a
LOAD C:/ST/STM32CubeCLT_1.18.0/GNU-tools-for-STM32/bin/../lib/gcc/arm-none-eabi/13.3.1/thumb/v7-m/nofp\libgcc.a

.ARM.attributes
                0x00000000       0x29
 .ARM.attributes
                0x00000000       0x1d C:/ST/STM32CubeCLT_1.18.0/GNU-tools-for-STM32/bin/../lib/gcc/arm-none-eabi/13.3.1/thumb/v7-m/nofp/crti.o
 .ARM.attributes
                0x0000001d       0x2d C:/ST/STM32CubeCLT_1.18.0/GNU-tools-for-STM32/bin/../lib/gcc/arm-none-eabi/13.3.1/thumb/v7-m/nofp/crtbegin.o
 .ARM.attributes
                0x0000004a       0x2d C:/ST/STM32CubeCLT_1.18.0/GNU-tools-for-STM32/bin/../lib/gcc/arm-none-eabi/13.3.1/../../../../arm-none-eabi/lib/thumb/v7-m/nofp\libc_nano.a(libc_a-findfp.o)
 .ARM.attributes
                0x00000077       0x2d C:/ST/STM32CubeCLT_1.18.0/GNU-tools-for-STM32/bin/../lib/gcc/arm-none-eabi/13.3.1/../../../../arm-none-eabi/lib/thumb/v7-m/nofp\libc_nano.a(libc_a-memset.o)
 .ARM.attributes
                0x000000a4       0x2d C:/ST/STM32CubeCLT_1.18.0/GNU-tools-for-STM32/bin/../lib/gcc/arm-none-eabi/13.3.1/../../../../arm-none-eabi/lib/thumb/v7-m/nofp\libc_nano.a(libc_a-reent.o)
 .ARM.attributes
                0x000000d1       0x2d C:/ST/STM32CubeCLT_1.18.0/GNU-tools-for-STM32/bin/../lib/gcc/arm-none-eabi/13.3.1/../../../../arm-none-eabi/lib/thumb/v7-m/nofp\libc_nano.a(libc_a-impure.o)
 .ARM.attributes
                0x000000fe       0x2d C:/ST/STM32CubeCLT_1.18.0/GNU-tools-for-STM32/bin/../lib/gcc/arm-none-eabi/13.3.1/../../../../arm-none-eabi/lib/thumb/v7-m/nofp\libc_nano.a(libc_a-init.o)
 .ARM.attributes
                0x0000012b       0x2d C:/ST/STM32CubeCLT_1.18.0/GNU-tools-for-STM32/bin/../lib/gcc/arm-none-eabi/13.3.1/../../../../arm-none-eabi/lib/thumb/v7-m/nofp\libc_nano.a(libc_a-lock.o)
 .ARM.attributes
                0x00000158       0x2d C:/ST/STM32CubeCLT_1.18.0/GNU-tools-for-STM32/bin/../lib/gcc/arm-none-eabi/13.3.1/../../../../arm-none-eabi/lib/thumb/v7-m/nofp\libc_nano.a(libc_a-freer.o)
 .ARM.attributes
                0x00000185       0x2d C:/ST/STM32CubeCLT_1.18.0/GNU-tools-for-STM32/bin/../lib/gcc/arm-none-eabi/13.3.1/../../../../arm-none-eabi/lib/thumb/v7-m/nofp\libc_nano.a(libc_a-mallocr.o)
 .ARM.attributes
                0x000001b2       0x2d C:/ST/STM32CubeCLT_1.18.0/GNU-tools-for-STM32/bin/../lib/gcc/arm-none-eabi/13.3.1/../../../../arm-none-eabi/lib/thumb/v7-m/nofp\libc_nano.a(libc_a-mlock.o)
 .ARM.attributes
                0x000001df       0x2d C:/ST/STM32CubeCLT_1.18.0/GNU-tools-for-STM32/bin/../lib/gcc/arm-none-eabi/13.3.1/../../../../arm-none-eabi/lib/thumb/v7-m/nofp\libc_nano.a(libc_a-sbrkr.o)
 .ARM.attributes
                0x0000020c       0x2d cmake/stm32cubemx/CMakeFiles/STM32_Drivers.dir/__/__/Core/Src/system_stm32f1xx.c.obj
 .ARM.attributes
                0x00000239       0x2d cmake/stm32cubemx/CMakeFiles/STM32_Drivers.dir/__/__/Drivers/STM32F1xx_HAL_Driver/Src/stm32f1xx_hal_i2c.c.obj
 .ARM.attributes
                0x00000266       0x2d cmake/stm32cubemx/CMakeFiles/STM32_Drivers.dir/__/__/Drivers/STM32F1xx_HAL_Driver/Src/stm32f1xx_hal.c.obj
 .ARM.attributes
                0x00000293       0x2d cmake/stm32cubemx/CMakeFiles/STM32_Drivers.dir/__/__/Drivers/STM32F1xx_HAL_Driver/Src/stm32f1xx_hal_rcc.c.obj
 .ARM.attributes
                0x000002c0       0x2d cmake/stm32cubemx/CMakeFiles/STM32_Drivers.dir/__/__/Drivers/STM32F1xx_HAL_Driver/Src/stm32f1xx_hal_gpio.c.obj
 .ARM.attributes
                0x000002ed       0x2d cmake/stm32cubemx/CMakeFiles/STM32_Drivers.dir/__/__/Drivers/STM32F1xx_HAL_Driver/Src/stm32f1xx_hal_dma.c.obj
 .ARM.attributes
                0x0000031a       0x2d cmake/stm32cubemx/CMakeFiles/STM32_Drivers.dir/__/__/Drivers/STM32F1xx_HAL_Driver/Src/stm32f1xx_hal_cortex.c.obj
 .ARM.attributes
                0x00000347       0x2d cmake/stm32cubemx/CMakeFiles/STM32_Drivers.dir/__/__/Drivers/STM32F1xx_HAL_Driver/Src/stm32f1xx_hal_tim.c.obj
 .ARM.attributes
                0x00000374       0x2d cmake/stm32cubemx/CMakeFiles/STM32_Drivers.dir/__/__/Drivers/STM32F1xx_HAL_Driver/Src/stm32f1xx_hal_tim_ex.c.obj
 .ARM.attributes
                0x000003a1       0x2d cmake/stm32cubemx/CMakeFiles/STM32_Drivers.dir/__/__/Drivers/STM32F1xx_HAL_Driver/Src/stm32f1xx_hal_uart.c.obj
 .ARM.attributes
                0x000003ce       0x2d CMakeFiles/PWMToControlVoltageV4.dir/Core/Src/oled.c.obj
 .ARM.attributes
                0x000003fb       0x2d CMakeFiles/PWMToControlVoltageV4.dir/Core/Src/font.c.obj
 .ARM.attributes
                0x00000428       0x2d CMakeFiles/PWMToControlVoltageV4.dir/Core/Src/Dino.c.obj
 .ARM.attributes
                0x00000455       0x2d CMakeFiles/PWMToControlVoltageV4.dir/Core/Src/main.c.obj
 .ARM.attributes
                0x00000482       0x2d CMakeFiles/PWMToControlVoltageV4.dir/Core/Src/gpio.c.obj
 .ARM.attributes
                0x000004af       0x2d CMakeFiles/PWMToControlVoltageV4.dir/Core/Src/dma.c.obj
 .ARM.attributes
                0x000004dc       0x2d CMakeFiles/PWMToControlVoltageV4.dir/Core/Src/i2c.c.obj
 .ARM.attributes
                0x00000509       0x2d CMakeFiles/PWMToControlVoltageV4.dir/Core/Src/tim.c.obj
 .ARM.attributes
                0x00000536       0x2d CMakeFiles/PWMToControlVoltageV4.dir/Core/Src/usart.c.obj
 .ARM.attributes
                0x00000563       0x2d CMakeFiles/PWMToControlVoltageV4.dir/Core/Src/stm32f1xx_it.c.obj
 .ARM.attributes
                0x00000590       0x2d CMakeFiles/PWMToControlVoltageV4.dir/Core/Src/stm32f1xx_hal_msp.c.obj
 .ARM.attributes
                0x000005bd       0x2d CMakeFiles/PWMToControlVoltageV4.dir/Core/Src/sysmem.c.obj
 .ARM.attributes
                0x000005ea       0x21 CMakeFiles/PWMToControlVoltageV4.dir/startup_stm32f103xb.s.obj
 .ARM.attributes
                0x0000060b       0x2d C:/ST/STM32CubeCLT_1.18.0/GNU-tools-for-STM32/bin/../lib/gcc/arm-none-eabi/13.3.1/../../../../arm-none-eabi/lib/thumb/v7-m/nofp\libg_nano.a(libc_a-sprintf.o)
 .ARM.attributes
                0x00000638       0x2d C:/ST/STM32CubeCLT_1.18.0/GNU-tools-for-STM32/bin/../lib/gcc/arm-none-eabi/13.3.1/../../../../arm-none-eabi/lib/thumb/v7-m/nofp\libg_nano.a(libc_a-memcmp.o)
 .ARM.attributes
                0x00000665       0x2d C:/ST/STM32CubeCLT_1.18.0/GNU-tools-for-STM32/bin/../lib/gcc/arm-none-eabi/13.3.1/../../../../arm-none-eabi/lib/thumb/v7-m/nofp\libg_nano.a(libc_a-errno.o)
 .ARM.attributes
                0x00000692       0x2d C:/ST/STM32CubeCLT_1.18.0/GNU-tools-for-STM32/bin/../lib/gcc/arm-none-eabi/13.3.1/../../../../arm-none-eabi/lib/thumb/v7-m/nofp\libg_nano.a(libc_a-memcpy-stub.o)
 .ARM.attributes
                0x000006bf       0x2d C:/ST/STM32CubeCLT_1.18.0/GNU-tools-for-STM32/bin/../lib/gcc/arm-none-eabi/13.3.1/../../../../arm-none-eabi/lib/thumb/v7-m/nofp\libg_nano.a(libc_a-nano-svfprintf.o)
 .ARM.attributes
                0x000006ec       0x2d C:/ST/STM32CubeCLT_1.18.0/GNU-tools-for-STM32/bin/../lib/gcc/arm-none-eabi/13.3.1/../../../../arm-none-eabi/lib/thumb/v7-m/nofp\libg_nano.a(libc_a-nano-vfprintf_i.o)
 .ARM.attributes
                0x00000719       0x2d C:/ST/STM32CubeCLT_1.18.0/GNU-tools-for-STM32/bin/../lib/gcc/arm-none-eabi/13.3.1/../../../../arm-none-eabi/lib/thumb/v7-m/nofp\libg_nano.a(libc_a-memmove.o)
 .ARM.attributes
                0x00000746       0x2d C:/ST/STM32CubeCLT_1.18.0/GNU-tools-for-STM32/bin/../lib/gcc/arm-none-eabi/13.3.1/../../../../arm-none-eabi/lib/thumb/v7-m/nofp\libg_nano.a(libc_a-memchr-stub.o)
 .ARM.attributes
                0x00000773       0x2d C:/ST/STM32CubeCLT_1.18.0/GNU-tools-for-STM32/bin/../lib/gcc/arm-none-eabi/13.3.1/../../../../arm-none-eabi/lib/thumb/v7-m/nofp\libg_nano.a(libc_a-reallocr.o)
 .ARM.attributes
                0x000007a0       0x2d C:/ST/STM32CubeCLT_1.18.0/GNU-tools-for-STM32/bin/../lib/gcc/arm-none-eabi/13.3.1/../../../../arm-none-eabi/lib/thumb/v7-m/nofp\libg_nano.a(libc_a-msizer.o)
 .ARM.attributes
                0x000007cd       0x1d C:/ST/STM32CubeCLT_1.18.0/GNU-tools-for-STM32/bin/../lib/gcc/arm-none-eabi/13.3.1/thumb/v7-m/nofp/crtn.o

.comment        0x00000000       0x43
 .comment       0x00000000       0x43 cmake/stm32cubemx/CMakeFiles/STM32_Drivers.dir/__/__/Core/Src/system_stm32f1xx.c.obj
                                 0x44 (size before relaxing)
 .comment       0x00000043       0x44 cmake/stm32cubemx/CMakeFiles/STM32_Drivers.dir/__/__/Drivers/STM32F1xx_HAL_Driver/Src/stm32f1xx_hal_i2c.c.obj
 .comment       0x00000043       0x44 cmake/stm32cubemx/CMakeFiles/STM32_Drivers.dir/__/__/Drivers/STM32F1xx_HAL_Driver/Src/stm32f1xx_hal.c.obj
 .comment       0x00000043       0x44 cmake/stm32cubemx/CMakeFiles/STM32_Drivers.dir/__/__/Drivers/STM32F1xx_HAL_Driver/Src/stm32f1xx_hal_rcc.c.obj
 .comment       0x00000043       0x44 cmake/stm32cubemx/CMakeFiles/STM32_Drivers.dir/__/__/Drivers/STM32F1xx_HAL_Driver/Src/stm32f1xx_hal_gpio.c.obj
 .comment       0x00000043       0x44 cmake/stm32cubemx/CMakeFiles/STM32_Drivers.dir/__/__/Drivers/STM32F1xx_HAL_Driver/Src/stm32f1xx_hal_dma.c.obj
 .comment       0x00000043       0x44 cmake/stm32cubemx/CMakeFiles/STM32_Drivers.dir/__/__/Drivers/STM32F1xx_HAL_Driver/Src/stm32f1xx_hal_cortex.c.obj
 .comment       0x00000043       0x44 cmake/stm32cubemx/CMakeFiles/STM32_Drivers.dir/__/__/Drivers/STM32F1xx_HAL_Driver/Src/stm32f1xx_hal_tim.c.obj
 .comment       0x00000043       0x44 cmake/stm32cubemx/CMakeFiles/STM32_Drivers.dir/__/__/Drivers/STM32F1xx_HAL_Driver/Src/stm32f1xx_hal_tim_ex.c.obj
 .comment       0x00000043       0x44 cmake/stm32cubemx/CMakeFiles/STM32_Drivers.dir/__/__/Drivers/STM32F1xx_HAL_Driver/Src/stm32f1xx_hal_uart.c.obj
 .comment       0x00000043       0x44 CMakeFiles/PWMToControlVoltageV4.dir/Core/Src/oled.c.obj
 .comment       0x00000043       0x44 CMakeFiles/PWMToControlVoltageV4.dir/Core/Src/font.c.obj
 .comment       0x00000043       0x44 CMakeFiles/PWMToControlVoltageV4.dir/Core/Src/Dino.c.obj
 .comment       0x00000043       0x44 CMakeFiles/PWMToControlVoltageV4.dir/Core/Src/main.c.obj
 .comment       0x00000043       0x44 CMakeFiles/PWMToControlVoltageV4.dir/Core/Src/gpio.c.obj
 .comment       0x00000043       0x44 CMakeFiles/PWMToControlVoltageV4.dir/Core/Src/dma.c.obj
 .comment       0x00000043       0x44 CMakeFiles/PWMToControlVoltageV4.dir/Core/Src/i2c.c.obj
 .comment       0x00000043       0x44 CMakeFiles/PWMToControlVoltageV4.dir/Core/Src/tim.c.obj
 .comment       0x00000043       0x44 CMakeFiles/PWMToControlVoltageV4.dir/Core/Src/usart.c.obj
 .comment       0x00000043       0x44 CMakeFiles/PWMToControlVoltageV4.dir/Core/Src/stm32f1xx_it.c.obj
 .comment       0x00000043       0x44 CMakeFiles/PWMToControlVoltageV4.dir/Core/Src/stm32f1xx_hal_msp.c.obj
 .comment       0x00000043       0x44 CMakeFiles/PWMToControlVoltageV4.dir/Core/Src/sysmem.c.obj
 .comment       0x00000043       0x44 C:/ST/STM32CubeCLT_1.18.0/GNU-tools-for-STM32/bin/../lib/gcc/arm-none-eabi/13.3.1/../../../../arm-none-eabi/lib/thumb/v7-m/nofp\libg_nano.a(libc_a-sprintf.o)
 .comment       0x00000043       0x44 C:/ST/STM32CubeCLT_1.18.0/GNU-tools-for-STM32/bin/../lib/gcc/arm-none-eabi/13.3.1/../../../../arm-none-eabi/lib/thumb/v7-m/nofp\libg_nano.a(libc_a-memcmp.o)
 .comment       0x00000043       0x44 C:/ST/STM32CubeCLT_1.18.0/GNU-tools-for-STM32/bin/../lib/gcc/arm-none-eabi/13.3.1/../../../../arm-none-eabi/lib/thumb/v7-m/nofp\libg_nano.a(libc_a-errno.o)
 .comment       0x00000043       0x44 C:/ST/STM32CubeCLT_1.18.0/GNU-tools-for-STM32/bin/../lib/gcc/arm-none-eabi/13.3.1/../../../../arm-none-eabi/lib/thumb/v7-m/nofp\libg_nano.a(libc_a-memcpy-stub.o)
 .comment       0x00000043       0x44 C:/ST/STM32CubeCLT_1.18.0/GNU-tools-for-STM32/bin/../lib/gcc/arm-none-eabi/13.3.1/../../../../arm-none-eabi/lib/thumb/v7-m/nofp\libg_nano.a(libc_a-nano-svfprintf.o)
 .comment       0x00000043       0x44 C:/ST/STM32CubeCLT_1.18.0/GNU-tools-for-STM32/bin/../lib/gcc/arm-none-eabi/13.3.1/../../../../arm-none-eabi/lib/thumb/v7-m/nofp\libg_nano.a(libc_a-nano-vfprintf_i.o)
 .comment       0x00000043       0x44 C:/ST/STM32CubeCLT_1.18.0/GNU-tools-for-STM32/bin/../lib/gcc/arm-none-eabi/13.3.1/../../../../arm-none-eabi/lib/thumb/v7-m/nofp\libg_nano.a(libc_a-memmove.o)
 .comment       0x00000043       0x44 C:/ST/STM32CubeCLT_1.18.0/GNU-tools-for-STM32/bin/../lib/gcc/arm-none-eabi/13.3.1/../../../../arm-none-eabi/lib/thumb/v7-m/nofp\libg_nano.a(libc_a-memchr-stub.o)
 .comment       0x00000043       0x44 C:/ST/STM32CubeCLT_1.18.0/GNU-tools-for-STM32/bin/../lib/gcc/arm-none-eabi/13.3.1/../../../../arm-none-eabi/lib/thumb/v7-m/nofp\libg_nano.a(libc_a-reallocr.o)
 .comment       0x00000043       0x44 C:/ST/STM32CubeCLT_1.18.0/GNU-tools-for-STM32/bin/../lib/gcc/arm-none-eabi/13.3.1/../../../../arm-none-eabi/lib/thumb/v7-m/nofp\libg_nano.a(libc_a-msizer.o)

.debug_frame    0x00000000     0x4a58
 .debug_frame   0x00000000      0x144 C:/ST/STM32CubeCLT_1.18.0/GNU-tools-for-STM32/bin/../lib/gcc/arm-none-eabi/13.3.1/../../../../arm-none-eabi/lib/thumb/v7-m/nofp\libc_nano.a(libc_a-findfp.o)
 .debug_frame   0x00000144       0x20 C:/ST/STM32CubeCLT_1.18.0/GNU-tools-for-STM32/bin/../lib/gcc/arm-none-eabi/13.3.1/../../../../arm-none-eabi/lib/thumb/v7-m/nofp\libc_nano.a(libc_a-memset.o)
 .debug_frame   0x00000164       0x38 C:/ST/STM32CubeCLT_1.18.0/GNU-tools-for-STM32/bin/../lib/gcc/arm-none-eabi/13.3.1/../../../../arm-none-eabi/lib/thumb/v7-m/nofp\libc_nano.a(libc_a-reent.o)
 .debug_frame   0x0000019c       0x2c C:/ST/STM32CubeCLT_1.18.0/GNU-tools-for-STM32/bin/../lib/gcc/arm-none-eabi/13.3.1/../../../../arm-none-eabi/lib/thumb/v7-m/nofp\libc_nano.a(libc_a-init.o)
 .debug_frame   0x000001c8       0xb0 C:/ST/STM32CubeCLT_1.18.0/GNU-tools-for-STM32/bin/../lib/gcc/arm-none-eabi/13.3.1/../../../../arm-none-eabi/lib/thumb/v7-m/nofp\libc_nano.a(libc_a-lock.o)
 .debug_frame   0x00000278       0x38 C:/ST/STM32CubeCLT_1.18.0/GNU-tools-for-STM32/bin/../lib/gcc/arm-none-eabi/13.3.1/../../../../arm-none-eabi/lib/thumb/v7-m/nofp\libc_nano.a(libc_a-freer.o)
 .debug_frame   0x000002b0       0x50 C:/ST/STM32CubeCLT_1.18.0/GNU-tools-for-STM32/bin/../lib/gcc/arm-none-eabi/13.3.1/../../../../arm-none-eabi/lib/thumb/v7-m/nofp\libc_nano.a(libc_a-mallocr.o)
 .debug_frame   0x00000300       0x30 C:/ST/STM32CubeCLT_1.18.0/GNU-tools-for-STM32/bin/../lib/gcc/arm-none-eabi/13.3.1/../../../../arm-none-eabi/lib/thumb/v7-m/nofp\libc_nano.a(libc_a-mlock.o)
 .debug_frame   0x00000330       0x2c C:/ST/STM32CubeCLT_1.18.0/GNU-tools-for-STM32/bin/../lib/gcc/arm-none-eabi/13.3.1/../../../../arm-none-eabi/lib/thumb/v7-m/nofp\libc_nano.a(libc_a-sbrkr.o)
 .debug_frame   0x0000035c       0x58 cmake/stm32cubemx/CMakeFiles/STM32_Drivers.dir/__/__/Core/Src/system_stm32f1xx.c.obj
 .debug_frame   0x000003b4      0xc84 cmake/stm32cubemx/CMakeFiles/STM32_Drivers.dir/__/__/Drivers/STM32F1xx_HAL_Driver/Src/stm32f1xx_hal_i2c.c.obj
 .debug_frame   0x00001038      0x334 cmake/stm32cubemx/CMakeFiles/STM32_Drivers.dir/__/__/Drivers/STM32F1xx_HAL_Driver/Src/stm32f1xx_hal.c.obj
 .debug_frame   0x0000136c      0x218 cmake/stm32cubemx/CMakeFiles/STM32_Drivers.dir/__/__/Drivers/STM32F1xx_HAL_Driver/Src/stm32f1xx_hal_rcc.c.obj
 .debug_frame   0x00001584      0x14c cmake/stm32cubemx/CMakeFiles/STM32_Drivers.dir/__/__/Drivers/STM32F1xx_HAL_Driver/Src/stm32f1xx_hal_gpio.c.obj
 .debug_frame   0x000016d0      0x208 cmake/stm32cubemx/CMakeFiles/STM32_Drivers.dir/__/__/Drivers/STM32F1xx_HAL_Driver/Src/stm32f1xx_hal_dma.c.obj
 .debug_frame   0x000018d8      0x428 cmake/stm32cubemx/CMakeFiles/STM32_Drivers.dir/__/__/Drivers/STM32F1xx_HAL_Driver/Src/stm32f1xx_hal_cortex.c.obj
 .debug_frame   0x00001d00     0x11b8 cmake/stm32cubemx/CMakeFiles/STM32_Drivers.dir/__/__/Drivers/STM32F1xx_HAL_Driver/Src/stm32f1xx_hal_tim.c.obj
 .debug_frame   0x00002eb8      0x638 cmake/stm32cubemx/CMakeFiles/STM32_Drivers.dir/__/__/Drivers/STM32F1xx_HAL_Driver/Src/stm32f1xx_hal_tim_ex.c.obj
 .debug_frame   0x000034f0      0x944 cmake/stm32cubemx/CMakeFiles/STM32_Drivers.dir/__/__/Drivers/STM32F1xx_HAL_Driver/Src/stm32f1xx_hal_uart.c.obj
 .debug_frame   0x00003e34      0x418 CMakeFiles/PWMToControlVoltageV4.dir/Core/Src/oled.c.obj
 .debug_frame   0x0000424c       0xec CMakeFiles/PWMToControlVoltageV4.dir/Core/Src/Dino.c.obj
 .debug_frame   0x00004338       0x6c CMakeFiles/PWMToControlVoltageV4.dir/Core/Src/main.c.obj
 .debug_frame   0x000043a4       0x34 CMakeFiles/PWMToControlVoltageV4.dir/Core/Src/gpio.c.obj
 .debug_frame   0x000043d8       0x34 CMakeFiles/PWMToControlVoltageV4.dir/Core/Src/dma.c.obj
 .debug_frame   0x0000440c       0x74 CMakeFiles/PWMToControlVoltageV4.dir/Core/Src/i2c.c.obj
 .debug_frame   0x00004480       0xc4 CMakeFiles/PWMToControlVoltageV4.dir/Core/Src/tim.c.obj
 .debug_frame   0x00004544       0x74 CMakeFiles/PWMToControlVoltageV4.dir/Core/Src/usart.c.obj
 .debug_frame   0x000045b8      0x1b4 CMakeFiles/PWMToControlVoltageV4.dir/Core/Src/stm32f1xx_it.c.obj
 .debug_frame   0x0000476c       0x38 CMakeFiles/PWMToControlVoltageV4.dir/Core/Src/stm32f1xx_hal_msp.c.obj
 .debug_frame   0x000047a4       0x34 CMakeFiles/PWMToControlVoltageV4.dir/Core/Src/sysmem.c.obj
 .debug_frame   0x000047d8       0x74 C:/ST/STM32CubeCLT_1.18.0/GNU-tools-for-STM32/bin/../lib/gcc/arm-none-eabi/13.3.1/../../../../arm-none-eabi/lib/thumb/v7-m/nofp\libg_nano.a(libc_a-sprintf.o)
 .debug_frame   0x0000484c       0x28 C:/ST/STM32CubeCLT_1.18.0/GNU-tools-for-STM32/bin/../lib/gcc/arm-none-eabi/13.3.1/../../../../arm-none-eabi/lib/thumb/v7-m/nofp\libg_nano.a(libc_a-memcmp.o)
 .debug_frame   0x00004874       0x20 C:/ST/STM32CubeCLT_1.18.0/GNU-tools-for-STM32/bin/../lib/gcc/arm-none-eabi/13.3.1/../../../../arm-none-eabi/lib/thumb/v7-m/nofp\libg_nano.a(libc_a-errno.o)
 .debug_frame   0x00004894       0x28 C:/ST/STM32CubeCLT_1.18.0/GNU-tools-for-STM32/bin/../lib/gcc/arm-none-eabi/13.3.1/../../../../arm-none-eabi/lib/thumb/v7-m/nofp\libg_nano.a(libc_a-memcpy-stub.o)
 .debug_frame   0x000048bc       0x90 C:/ST/STM32CubeCLT_1.18.0/GNU-tools-for-STM32/bin/../lib/gcc/arm-none-eabi/13.3.1/../../../../arm-none-eabi/lib/thumb/v7-m/nofp\libg_nano.a(libc_a-nano-svfprintf.o)
 .debug_frame   0x0000494c       0x60 C:/ST/STM32CubeCLT_1.18.0/GNU-tools-for-STM32/bin/../lib/gcc/arm-none-eabi/13.3.1/../../../../arm-none-eabi/lib/thumb/v7-m/nofp\libg_nano.a(libc_a-nano-vfprintf_i.o)
 .debug_frame   0x000049ac       0x28 C:/ST/STM32CubeCLT_1.18.0/GNU-tools-for-STM32/bin/../lib/gcc/arm-none-eabi/13.3.1/../../../../arm-none-eabi/lib/thumb/v7-m/nofp\libg_nano.a(libc_a-memmove.o)
 .debug_frame   0x000049d4       0x28 C:/ST/STM32CubeCLT_1.18.0/GNU-tools-for-STM32/bin/../lib/gcc/arm-none-eabi/13.3.1/../../../../arm-none-eabi/lib/thumb/v7-m/nofp\libg_nano.a(libc_a-memchr-stub.o)
 .debug_frame   0x000049fc       0x3c C:/ST/STM32CubeCLT_1.18.0/GNU-tools-for-STM32/bin/../lib/gcc/arm-none-eabi/13.3.1/../../../../arm-none-eabi/lib/thumb/v7-m/nofp\libg_nano.a(libc_a-reallocr.o)
 .debug_frame   0x00004a38       0x20 C:/ST/STM32CubeCLT_1.18.0/GNU-tools-for-STM32/bin/../lib/gcc/arm-none-eabi/13.3.1/../../../../arm-none-eabi/lib/thumb/v7-m/nofp\libg_nano.a(libc_a-msizer.o)

.debug_info     0x00000000    0x1576f
 .debug_info    0x00000000      0x222 cmake/stm32cubemx/CMakeFiles/STM32_Drivers.dir/__/__/Core/Src/system_stm32f1xx.c.obj
 .debug_info    0x00000222     0x2524 cmake/stm32cubemx/CMakeFiles/STM32_Drivers.dir/__/__/Drivers/STM32F1xx_HAL_Driver/Src/stm32f1xx_hal_i2c.c.obj
 .debug_info    0x00002746      0x704 cmake/stm32cubemx/CMakeFiles/STM32_Drivers.dir/__/__/Drivers/STM32F1xx_HAL_Driver/Src/stm32f1xx_hal.c.obj
 .debug_info    0x00002e4a      0x7d5 cmake/stm32cubemx/CMakeFiles/STM32_Drivers.dir/__/__/Drivers/STM32F1xx_HAL_Driver/Src/stm32f1xx_hal_rcc.c.obj
 .debug_info    0x0000361f      0x5ab cmake/stm32cubemx/CMakeFiles/STM32_Drivers.dir/__/__/Drivers/STM32F1xx_HAL_Driver/Src/stm32f1xx_hal_gpio.c.obj
 .debug_info    0x00003bca      0x6d2 cmake/stm32cubemx/CMakeFiles/STM32_Drivers.dir/__/__/Drivers/STM32F1xx_HAL_Driver/Src/stm32f1xx_hal_dma.c.obj
 .debug_info    0x0000429c      0xa87 cmake/stm32cubemx/CMakeFiles/STM32_Drivers.dir/__/__/Drivers/STM32F1xx_HAL_Driver/Src/stm32f1xx_hal_cortex.c.obj
 .debug_info    0x00004d23     0x2959 cmake/stm32cubemx/CMakeFiles/STM32_Drivers.dir/__/__/Drivers/STM32F1xx_HAL_Driver/Src/stm32f1xx_hal_tim.c.obj
 .debug_info    0x0000767c     0x149b cmake/stm32cubemx/CMakeFiles/STM32_Drivers.dir/__/__/Drivers/STM32F1xx_HAL_Driver/Src/stm32f1xx_hal_tim_ex.c.obj
 .debug_info    0x00008b17     0x2eed cmake/stm32cubemx/CMakeFiles/STM32_Drivers.dir/__/__/Drivers/STM32F1xx_HAL_Driver/Src/stm32f1xx_hal_uart.c.obj
 .debug_info    0x0000ba04     0x1258 CMakeFiles/PWMToControlVoltageV4.dir/Core/Src/oled.c.obj
 .debug_info    0x0000cc5c      0x392 CMakeFiles/PWMToControlVoltageV4.dir/Core/Src/font.c.obj
 .debug_info    0x0000cfee      0x6a6 CMakeFiles/PWMToControlVoltageV4.dir/Core/Src/Dino.c.obj
 .debug_info    0x0000d694      0xb97 CMakeFiles/PWMToControlVoltageV4.dir/Core/Src/main.c.obj
 .debug_info    0x0000e22b      0x25a CMakeFiles/PWMToControlVoltageV4.dir/Core/Src/gpio.c.obj
 .debug_info    0x0000e485      0x2cf CMakeFiles/PWMToControlVoltageV4.dir/Core/Src/dma.c.obj
 .debug_info    0x0000e754      0xa57 CMakeFiles/PWMToControlVoltageV4.dir/Core/Src/i2c.c.obj
 .debug_info    0x0000f1ab      0xcc7 CMakeFiles/PWMToControlVoltageV4.dir/Core/Src/tim.c.obj
 .debug_info    0x0000fe72      0x798 CMakeFiles/PWMToControlVoltageV4.dir/Core/Src/usart.c.obj
 .debug_info    0x0001060a      0xb0e CMakeFiles/PWMToControlVoltageV4.dir/Core/Src/stm32f1xx_it.c.obj
 .debug_info    0x00011118      0x1f1 CMakeFiles/PWMToControlVoltageV4.dir/Core/Src/stm32f1xx_hal_msp.c.obj
 .debug_info    0x00011309      0x168 CMakeFiles/PWMToControlVoltageV4.dir/Core/Src/sysmem.c.obj
 .debug_info    0x00011471       0x30 CMakeFiles/PWMToControlVoltageV4.dir/startup_stm32f103xb.s.obj
 .debug_info    0x000114a1      0x885 C:/ST/STM32CubeCLT_1.18.0/GNU-tools-for-STM32/bin/../lib/gcc/arm-none-eabi/13.3.1/../../../../arm-none-eabi/lib/thumb/v7-m/nofp\libg_nano.a(libc_a-sprintf.o)
 .debug_info    0x00011d26      0x104 C:/ST/STM32CubeCLT_1.18.0/GNU-tools-for-STM32/bin/../lib/gcc/arm-none-eabi/13.3.1/../../../../arm-none-eabi/lib/thumb/v7-m/nofp\libg_nano.a(libc_a-memcmp.o)
 .debug_info    0x00011e2a      0x6fb C:/ST/STM32CubeCLT_1.18.0/GNU-tools-for-STM32/bin/../lib/gcc/arm-none-eabi/13.3.1/../../../../arm-none-eabi/lib/thumb/v7-m/nofp\libg_nano.a(libc_a-errno.o)
 .debug_info    0x00012525      0x121 C:/ST/STM32CubeCLT_1.18.0/GNU-tools-for-STM32/bin/../lib/gcc/arm-none-eabi/13.3.1/../../../../arm-none-eabi/lib/thumb/v7-m/nofp\libg_nano.a(libc_a-memcpy-stub.o)
 .debug_info    0x00012646     0x10c7 C:/ST/STM32CubeCLT_1.18.0/GNU-tools-for-STM32/bin/../lib/gcc/arm-none-eabi/13.3.1/../../../../arm-none-eabi/lib/thumb/v7-m/nofp\libg_nano.a(libc_a-nano-svfprintf.o)
 .debug_info    0x0001370d      0xde2 C:/ST/STM32CubeCLT_1.18.0/GNU-tools-for-STM32/bin/../lib/gcc/arm-none-eabi/13.3.1/../../../../arm-none-eabi/lib/thumb/v7-m/nofp\libg_nano.a(libc_a-nano-vfprintf_i.o)
 .debug_info    0x000144ef      0x10f C:/ST/STM32CubeCLT_1.18.0/GNU-tools-for-STM32/bin/../lib/gcc/arm-none-eabi/13.3.1/../../../../arm-none-eabi/lib/thumb/v7-m/nofp\libg_nano.a(libc_a-memmove.o)
 .debug_info    0x000145fe      0x110 C:/ST/STM32CubeCLT_1.18.0/GNU-tools-for-STM32/bin/../lib/gcc/arm-none-eabi/13.3.1/../../../../arm-none-eabi/lib/thumb/v7-m/nofp\libg_nano.a(libc_a-memchr-stub.o)
 .debug_info    0x0001470e      0x8cd C:/ST/STM32CubeCLT_1.18.0/GNU-tools-for-STM32/bin/../lib/gcc/arm-none-eabi/13.3.1/../../../../arm-none-eabi/lib/thumb/v7-m/nofp\libg_nano.a(libc_a-reallocr.o)
 .debug_info    0x00014fdb      0x794 C:/ST/STM32CubeCLT_1.18.0/GNU-tools-for-STM32/bin/../lib/gcc/arm-none-eabi/13.3.1/../../../../arm-none-eabi/lib/thumb/v7-m/nofp\libg_nano.a(libc_a-msizer.o)

.debug_abbrev   0x00000000     0x3bce
 .debug_abbrev  0x00000000      0x13f cmake/stm32cubemx/CMakeFiles/STM32_Drivers.dir/__/__/Core/Src/system_stm32f1xx.c.obj
 .debug_abbrev  0x0000013f      0x2a3 cmake/stm32cubemx/CMakeFiles/STM32_Drivers.dir/__/__/Drivers/STM32F1xx_HAL_Driver/Src/stm32f1xx_hal_i2c.c.obj
 .debug_abbrev  0x000003e2      0x201 cmake/stm32cubemx/CMakeFiles/STM32_Drivers.dir/__/__/Drivers/STM32F1xx_HAL_Driver/Src/stm32f1xx_hal.c.obj
 .debug_abbrev  0x000005e3      0x2b3 cmake/stm32cubemx/CMakeFiles/STM32_Drivers.dir/__/__/Drivers/STM32F1xx_HAL_Driver/Src/stm32f1xx_hal_rcc.c.obj
 .debug_abbrev  0x00000896      0x1ca cmake/stm32cubemx/CMakeFiles/STM32_Drivers.dir/__/__/Drivers/STM32F1xx_HAL_Driver/Src/stm32f1xx_hal_gpio.c.obj
 .debug_abbrev  0x00000a60      0x20b cmake/stm32cubemx/CMakeFiles/STM32_Drivers.dir/__/__/Drivers/STM32F1xx_HAL_Driver/Src/stm32f1xx_hal_dma.c.obj
 .debug_abbrev  0x00000c6b      0x2f8 cmake/stm32cubemx/CMakeFiles/STM32_Drivers.dir/__/__/Drivers/STM32F1xx_HAL_Driver/Src/stm32f1xx_hal_cortex.c.obj
 .debug_abbrev  0x00000f63      0x277 cmake/stm32cubemx/CMakeFiles/STM32_Drivers.dir/__/__/Drivers/STM32F1xx_HAL_Driver/Src/stm32f1xx_hal_tim.c.obj
 .debug_abbrev  0x000011da      0x282 cmake/stm32cubemx/CMakeFiles/STM32_Drivers.dir/__/__/Drivers/STM32F1xx_HAL_Driver/Src/stm32f1xx_hal_tim_ex.c.obj
 .debug_abbrev  0x0000145c      0x2f8 cmake/stm32cubemx/CMakeFiles/STM32_Drivers.dir/__/__/Drivers/STM32F1xx_HAL_Driver/Src/stm32f1xx_hal_uart.c.obj
 .debug_abbrev  0x00001754      0x2ec CMakeFiles/PWMToControlVoltageV4.dir/Core/Src/oled.c.obj
 .debug_abbrev  0x00001a40      0x11f CMakeFiles/PWMToControlVoltageV4.dir/Core/Src/font.c.obj
 .debug_abbrev  0x00001b5f      0x22d CMakeFiles/PWMToControlVoltageV4.dir/Core/Src/Dino.c.obj
 .debug_abbrev  0x00001d8c      0x295 CMakeFiles/PWMToControlVoltageV4.dir/Core/Src/main.c.obj
 .debug_abbrev  0x00002021      0x122 CMakeFiles/PWMToControlVoltageV4.dir/Core/Src/gpio.c.obj
 .debug_abbrev  0x00002143       0xfc CMakeFiles/PWMToControlVoltageV4.dir/Core/Src/dma.c.obj
 .debug_abbrev  0x0000223f      0x224 CMakeFiles/PWMToControlVoltageV4.dir/Core/Src/i2c.c.obj
 .debug_abbrev  0x00002463      0x245 CMakeFiles/PWMToControlVoltageV4.dir/Core/Src/tim.c.obj
 .debug_abbrev  0x000026a8      0x1e6 CMakeFiles/PWMToControlVoltageV4.dir/Core/Src/usart.c.obj
 .debug_abbrev  0x0000288e      0x204 CMakeFiles/PWMToControlVoltageV4.dir/Core/Src/stm32f1xx_it.c.obj
 .debug_abbrev  0x00002a92       0xdb CMakeFiles/PWMToControlVoltageV4.dir/Core/Src/stm32f1xx_hal_msp.c.obj
 .debug_abbrev  0x00002b6d       0xbc CMakeFiles/PWMToControlVoltageV4.dir/Core/Src/sysmem.c.obj
 .debug_abbrev  0x00002c29       0x24 CMakeFiles/PWMToControlVoltageV4.dir/startup_stm32f103xb.s.obj
 .debug_abbrev  0x00002c4d      0x21c C:/ST/STM32CubeCLT_1.18.0/GNU-tools-for-STM32/bin/../lib/gcc/arm-none-eabi/13.3.1/../../../../arm-none-eabi/lib/thumb/v7-m/nofp\libg_nano.a(libc_a-sprintf.o)
 .debug_abbrev  0x00002e69       0x90 C:/ST/STM32CubeCLT_1.18.0/GNU-tools-for-STM32/bin/../lib/gcc/arm-none-eabi/13.3.1/../../../../arm-none-eabi/lib/thumb/v7-m/nofp\libg_nano.a(libc_a-memcmp.o)
 .debug_abbrev  0x00002ef9      0x15e C:/ST/STM32CubeCLT_1.18.0/GNU-tools-for-STM32/bin/../lib/gcc/arm-none-eabi/13.3.1/../../../../arm-none-eabi/lib/thumb/v7-m/nofp\libg_nano.a(libc_a-errno.o)
 .debug_abbrev  0x00003057       0xc1 C:/ST/STM32CubeCLT_1.18.0/GNU-tools-for-STM32/bin/../lib/gcc/arm-none-eabi/13.3.1/../../../../arm-none-eabi/lib/thumb/v7-m/nofp\libg_nano.a(libc_a-memcpy-stub.o)
 .debug_abbrev  0x00003118      0x31e C:/ST/STM32CubeCLT_1.18.0/GNU-tools-for-STM32/bin/../lib/gcc/arm-none-eabi/13.3.1/../../../../arm-none-eabi/lib/thumb/v7-m/nofp\libg_nano.a(libc_a-nano-svfprintf.o)
 .debug_abbrev  0x00003436      0x28e C:/ST/STM32CubeCLT_1.18.0/GNU-tools-for-STM32/bin/../lib/gcc/arm-none-eabi/13.3.1/../../../../arm-none-eabi/lib/thumb/v7-m/nofp\libg_nano.a(libc_a-nano-vfprintf_i.o)
 .debug_abbrev  0x000036c4       0xac C:/ST/STM32CubeCLT_1.18.0/GNU-tools-for-STM32/bin/../lib/gcc/arm-none-eabi/13.3.1/../../../../arm-none-eabi/lib/thumb/v7-m/nofp\libg_nano.a(libc_a-memmove.o)
 .debug_abbrev  0x00003770       0xb1 C:/ST/STM32CubeCLT_1.18.0/GNU-tools-for-STM32/bin/../lib/gcc/arm-none-eabi/13.3.1/../../../../arm-none-eabi/lib/thumb/v7-m/nofp\libg_nano.a(libc_a-memchr-stub.o)
 .debug_abbrev  0x00003821      0x217 C:/ST/STM32CubeCLT_1.18.0/GNU-tools-for-STM32/bin/../lib/gcc/arm-none-eabi/13.3.1/../../../../arm-none-eabi/lib/thumb/v7-m/nofp\libg_nano.a(libc_a-reallocr.o)
 .debug_abbrev  0x00003a38      0x196 C:/ST/STM32CubeCLT_1.18.0/GNU-tools-for-STM32/bin/../lib/gcc/arm-none-eabi/13.3.1/../../../../arm-none-eabi/lib/thumb/v7-m/nofp\libg_nano.a(libc_a-msizer.o)

.debug_aranges  0x00000000     0x1210
 .debug_aranges
                0x00000000       0x28 cmake/stm32cubemx/CMakeFiles/STM32_Drivers.dir/__/__/Core/Src/system_stm32f1xx.c.obj
 .debug_aranges
                0x00000028      0x2a8 cmake/stm32cubemx/CMakeFiles/STM32_Drivers.dir/__/__/Drivers/STM32F1xx_HAL_Driver/Src/stm32f1xx_hal_i2c.c.obj
 .debug_aranges
                0x000002d0       0xe0 cmake/stm32cubemx/CMakeFiles/STM32_Drivers.dir/__/__/Drivers/STM32F1xx_HAL_Driver/Src/stm32f1xx_hal.c.obj
 .debug_aranges
                0x000003b0       0x90 cmake/stm32cubemx/CMakeFiles/STM32_Drivers.dir/__/__/Drivers/STM32F1xx_HAL_Driver/Src/stm32f1xx_hal_rcc.c.obj
 .debug_aranges
                0x00000440       0x58 cmake/stm32cubemx/CMakeFiles/STM32_Drivers.dir/__/__/Drivers/STM32F1xx_HAL_Driver/Src/stm32f1xx_hal_gpio.c.obj
 .debug_aranges
                0x00000498       0x80 cmake/stm32cubemx/CMakeFiles/STM32_Drivers.dir/__/__/Drivers/STM32F1xx_HAL_Driver/Src/stm32f1xx_hal_dma.c.obj
 .debug_aranges
                0x00000518      0x100 cmake/stm32cubemx/CMakeFiles/STM32_Drivers.dir/__/__/Drivers/STM32F1xx_HAL_Driver/Src/stm32f1xx_hal_cortex.c.obj
 .debug_aranges
                0x00000618      0x3d0 cmake/stm32cubemx/CMakeFiles/STM32_Drivers.dir/__/__/Drivers/STM32F1xx_HAL_Driver/Src/stm32f1xx_hal_tim.c.obj
 .debug_aranges
                0x000009e8      0x168 cmake/stm32cubemx/CMakeFiles/STM32_Drivers.dir/__/__/Drivers/STM32F1xx_HAL_Driver/Src/stm32f1xx_hal_tim_ex.c.obj
 .debug_aranges
                0x00000b50      0x208 cmake/stm32cubemx/CMakeFiles/STM32_Drivers.dir/__/__/Drivers/STM32F1xx_HAL_Driver/Src/stm32f1xx_hal_uart.c.obj
 .debug_aranges
                0x00000d58       0xf0 CMakeFiles/PWMToControlVoltageV4.dir/Core/Src/oled.c.obj
 .debug_aranges
                0x00000e48       0x18 CMakeFiles/PWMToControlVoltageV4.dir/Core/Src/font.c.obj
 .debug_aranges
                0x00000e60       0x48 CMakeFiles/PWMToControlVoltageV4.dir/Core/Src/Dino.c.obj
 .debug_aranges
                0x00000ea8       0x30 CMakeFiles/PWMToControlVoltageV4.dir/Core/Src/main.c.obj
 .debug_aranges
                0x00000ed8       0x20 CMakeFiles/PWMToControlVoltageV4.dir/Core/Src/gpio.c.obj
 .debug_aranges
                0x00000ef8       0x20 CMakeFiles/PWMToControlVoltageV4.dir/Core/Src/dma.c.obj
 .debug_aranges
                0x00000f18       0x30 CMakeFiles/PWMToControlVoltageV4.dir/Core/Src/i2c.c.obj
 .debug_aranges
                0x00000f48       0x40 CMakeFiles/PWMToControlVoltageV4.dir/Core/Src/tim.c.obj
 .debug_aranges
                0x00000f88       0x30 CMakeFiles/PWMToControlVoltageV4.dir/Core/Src/usart.c.obj
 .debug_aranges
                0x00000fb8       0x90 CMakeFiles/PWMToControlVoltageV4.dir/Core/Src/stm32f1xx_it.c.obj
 .debug_aranges
                0x00001048       0x20 CMakeFiles/PWMToControlVoltageV4.dir/Core/Src/stm32f1xx_hal_msp.c.obj
 .debug_aranges
                0x00001068       0x20 CMakeFiles/PWMToControlVoltageV4.dir/Core/Src/sysmem.c.obj
 .debug_aranges
                0x00001088       0x28 CMakeFiles/PWMToControlVoltageV4.dir/startup_stm32f103xb.s.obj
 .debug_aranges
                0x000010b0       0x28 C:/ST/STM32CubeCLT_1.18.0/GNU-tools-for-STM32/bin/../lib/gcc/arm-none-eabi/13.3.1/../../../../arm-none-eabi/lib/thumb/v7-m/nofp\libg_nano.a(libc_a-sprintf.o)
 .debug_aranges
                0x000010d8       0x20 C:/ST/STM32CubeCLT_1.18.0/GNU-tools-for-STM32/bin/../lib/gcc/arm-none-eabi/13.3.1/../../../../arm-none-eabi/lib/thumb/v7-m/nofp\libg_nano.a(libc_a-memcmp.o)
 .debug_aranges
                0x000010f8       0x20 C:/ST/STM32CubeCLT_1.18.0/GNU-tools-for-STM32/bin/../lib/gcc/arm-none-eabi/13.3.1/../../../../arm-none-eabi/lib/thumb/v7-m/nofp\libg_nano.a(libc_a-errno.o)
 .debug_aranges
                0x00001118       0x20 C:/ST/STM32CubeCLT_1.18.0/GNU-tools-for-STM32/bin/../lib/gcc/arm-none-eabi/13.3.1/../../../../arm-none-eabi/lib/thumb/v7-m/nofp\libg_nano.a(libc_a-memcpy-stub.o)
 .debug_aranges
                0x00001138       0x30 C:/ST/STM32CubeCLT_1.18.0/GNU-tools-for-STM32/bin/../lib/gcc/arm-none-eabi/13.3.1/../../../../arm-none-eabi/lib/thumb/v7-m/nofp\libg_nano.a(libc_a-nano-svfprintf.o)
 .debug_aranges